
> frontend@0.0.0 test
> vitest --run


 RUN  v4.1.2 /Users/bryan/projects/nonprofit-manager/frontend

 ❯ src/features/finance/pages/__tests__/DonationDetailPage.test.tsx (1 test | 1 failed) 13ms
     × shows recurring plan status and links to the monthly plan detail page 12ms
stderr | src/components/__tests__/VolunteerWidget.test.tsx > VolunteerWidget > should render Volunteer Overview heading
Unexpected keys "volunteers", "currentVolunteer", "loading", "error", "pagination", "filters" found in preloadedState argument passed to createStore. Expected to find one of the known reducer keys instead: "core", "list", "assignments". Unexpected keys will be ignored.

 ❯ src/features/finance/pages/__tests__/RecurringDonationListPage.test.tsx (1 test | 1 failed) 19ms
     × renders monthly plans and dispatches the recurring donation fetch action 17ms
 ❯ src/features/volunteers/pages/__tests__/VolunteerListPage.test.tsx (2 tests | 2 failed) 24ms
     × renders and wires backend import/export request props 21ms
     × sanitizes invalid URL filters before dispatching the initial load 2ms
 ❯ src/features/contacts/pages/__tests__/ContactDetailPage.test.tsx (4 tests | 4 failed) 23ms
     × renders a local invalid-link state and skips fetches for non-UUID params 15ms
     × renders the communications tab on valid contact routes 3ms
     × opens the merge dialog from the contact header 2ms
     × opens the print export in a new tab from the contact header 2ms
 ❯ src/features/cases/pages/__tests__/CaseDetailTabs.test.tsx (4 tests | 4 failed) 30ms
     × hydrates selected tab from query string 17ms
     × updates query string when switching tabs 7ms
     × renders a local invalid-link state and skips case fetches for non-UUID params 2ms
     × renders provenance details even when the imported source data is partial 2ms
 ❯ src/components/__tests__/VolunteerForm.test.tsx (22 tests | 18 failed) 153ms
       × renders all required form fields 21ms
       × shows Create Volunteer button 2ms
       × has default availability status as available 2ms
       × allows adding skills by typing and pressing Enter 2ms
       × clears skill input after adding 2ms
       × allows removing skills 1ms
       × has cancel button that navigates back 1ms
       ✓ shows Update Volunteer button in edit mode 77ms
       ✓ populates form fields with volunteer data 12ms
       ✓ shows existing skills as tags 6ms
       ✓ allows adding new skills to existing list 13ms
       × allows selecting available status 1ms
       × allows selecting unavailable status 1ms
       × allows selecting limited status 1ms
       × allows selecting background check status 1ms
       × allows entering background check date 1ms
       × allows entering emergency contact name 1ms
       × allows entering emergency contact phone 1ms
       × allows entering availability notes 1ms
       × prevents adding duplicate skills 1ms
       × trims whitespace from skill names 1ms
       × does not add empty skills 1ms
 ❯ src/components/__tests__/VolunteerWidget.test.tsx (31 tests | 26 failed) 124ms
     × should render Volunteer Overview heading 36ms
     × should render View All button 4ms
     × should navigate to volunteers list when View All is clicked 3ms
     × should display total volunteers count 3ms
     × should display available volunteers count 6ms
     × should display limited volunteers count 3ms
     × should display unavailable volunteers count 2ms
     × should display total hours logged 4ms
     × should display Quick Actions heading 3ms
     × should render Add Volunteer button 3ms
     × should render Manage Assignments button 3ms
     × should navigate to volunteer creation when Add Volunteer is clicked 3ms
     × should navigate to volunteers workspace when Manage Assignments is clicked 2ms
     × should display Availability Breakdown heading 2ms
     × should show percentage breakdowns in availability section 2ms
     ✓ should show loading state when volunteers are being fetched 3ms
     × should display Top Volunteers section in detailed view 2ms
     × should list top volunteers by hours in detailed view 2ms
     × should display volunteer skills in detailed view 2ms
     × should show "No skills listed" when volunteer has no skills 2ms
     × should navigate to volunteer detail when clicking on a volunteer card 2ms
     × should display availability status badges with correct colors 2ms
     × should show ranking numbers for top volunteers 2ms
     × should limit top volunteers list to 5 3ms
     ✓ should not show Top Volunteers section when detailed view is false 3ms
     ✓ should use provided stats prop if available 6ms
     × should calculate stats from volunteers when stats prop is not provided 5ms
     ✓ should handle empty volunteers array gracefully with stats prop 3ms
     × should display stats grid with correct layout classes 4ms
     × should show only up to 2 skills per volunteer in detailed view 2ms
     ✓ should not show availability breakdown when total is 0 2ms
 ❯ src/components/dashboard/__tests__/CaseSummaryWidget.test.tsx (4 tests | 4 failed) 17ms
     × renders title and summary metrics 13ms
     × dispatches the summary thunk on mount 1ms
     × renders links with correct destinations 1ms
     × shows loading while the summary fetch is unresolved 1ms
 ❯ src/features/cases/pages/__tests__/CaseListPage.test.tsx (2 tests | 2 failed) 25ms
     × navigates to a case detail route using the canonical case UUID 20ms
     × shows provenance badges and syncs the imported-only filter 3ms
 ❯ src/features/contacts/pages/__tests__/ContactListPage.test.tsx (4 tests | 4 failed) 31ms
     × sanitizes invalid URL filters before dispatching the initial load 21ms
     × debounces free-text search before dispatching another fetch 3ms
     × resets pagination to the first page when a filter changes 3ms
     × navigates to a contact detail route using the canonical contact UUID 3ms
 ❯ src/features/events/pages/__tests__/EventsHubPage.test.tsx (1 test | 1 failed) 14ms
     × renders events hub and dispatches list fetch on search update 12ms
 ❯ src/features/events/pages/__tests__/EventDetailPage.test.tsx (2 tests | 2 failed) 20ms
     × fetches only event detail on initial info-tab render 11ms
     × fetches registrations and automations once when registrations tab opens 6ms
 ❯ src/features/contacts/components/__tests__/ContactMergeDialog.test.tsx (2 tests | 1 failed) 1205ms
     × searches inactive contacts, previews conflicts, and submits the selected merge resolution 1138ms
     ✓ shows a useful empty state and closes cleanly 64ms
 ❯ src/components/__tests__/ContactRelationships.test.tsx (1 test | 1 failed) 14ms
     × opens the create-contact flow in a safe new tab 13ms
 ❯ src/features/accounts/pages/__tests__/AccountListPage.test.tsx (3 tests | 3 failed) 28ms
     × renders and wires backend import/export request props 17ms
     × sanitizes invalid URL filters before dispatching the initial load 3ms
     × debounces free-text search before dispatching another fetch 5ms
 ❯ src/features/messaging/__tests__/drafts.test.ts (2 tests | 1 failed) 22ms
     ✓ persists drafts per surface and thread id 12ms
     × clears stored drafts when requested 7ms
 ❯ src/features/finance/pages/__tests__/DonationListPage.test.tsx (2 tests | 2 failed) 24ms
     × renders donation summary and quick filter 18ms
     × sanitizes stale local storage filters before dispatching the initial load 3ms
 ❯ src/features/adminOps/pages/__tests__/AdminSettings.organization.test.tsx (0 test)
 ❯ src/components/__tests__/CaseNotes.test.tsx (0 test)
 ❯ src/features/auth/pages/__tests__/LoginPage.test.tsx (0 test)
 ❯ src/components/__tests__/ContactNotes.test.tsx (0 test)
 ❯ src/store/__tests__/rootReducerShape.test.ts (2 tests | 1 failed) 11ms
     × exposes only canonical slice keys 8ms
     ✓ keeps test preloaded state normalization as a no-op 0ms
 ❯ src/features/auth/pages/__tests__/SetupPasswordValidation.test.tsx (0 test)
 ❯ src/routes/__tests__/adminRedirects.test.tsx (23 tests | 3 failed) 3188ms
     ✓ redirects /settings/admin to the dashboard section 69ms
     ✓ renders canonical admin section route /settings/admin/dashboard 7ms
     ✓ renders canonical admin section route /settings/admin/organization 6ms
     ✓ renders canonical admin section route /settings/admin/branding 5ms
     ✓ renders canonical admin section route /settings/admin/users 5ms
     ✓ renders canonical admin section route /settings/admin/communications 4ms
     ✓ renders canonical admin section route /settings/admin/messaging 4ms
     ✓ renders canonical admin section route /settings/admin/outcomes 4ms
     ✓ renders canonical admin section route /settings/admin/roles 6ms
     ✓ renders canonical admin section route /settings/admin/audit_logs 8ms
     ✓ renders canonical admin section route /settings/admin/other 5ms
     ✓ redirects invalid admin section slugs to dashboard 9ms
     ✓ redirects /settings/admin/portal to portal access panel 6ms
     ✓ renders portal panel route /settings/admin/portal/access 5ms
     ✓ renders portal panel route /settings/admin/portal/users 5ms
     ✓ renders portal panel route /settings/admin/portal/conversations 5ms
     ✓ renders portal panel route /settings/admin/portal/appointments 4ms
     ✓ renders portal panel route /settings/admin/portal/slots 4ms
     ✓ renders canonical communications route directly 4ms
     ✓ renders canonical social media route directly 4ms
     × redirects legacy route /email-marketing to /dashboard 1005ms
     × redirects legacy route /settings/organization to /dashboard 1006ms
     × redirects legacy route /admin/audit-logs to /dashboard 1005ms
 ✓ src/components/__tests__/EventForm.test.tsx (28 tests) 688ms
 ✓ src/features/analytics/pages/__tests__/AnalyticsPage.test.tsx (26 tests) 809ms
 ✓ src/features/adminOps/pages/adminSettings/sections/__tests__/SettingsSectionDraftPreservation.test.tsx (9 tests) 961ms
     ✓ normalizes email settings payloads before save and omits blank passwords  360ms
 ✓ src/components/__tests__/ContactForm.test.tsx (22 tests) 810ms
 ✓ src/components/__tests__/Navigation.test.tsx (10 tests) 746ms
     ✓ opens and closes the search dialog while restoring focus  326ms
 ✓ src/features/savedReports/pages/__tests__/SavedReportsPage.test.tsx (4 tests) 603ms
 ✓ src/routes/__tests__/setupRedirects.test.tsx (9 tests) 1113ms
     ✓ does not force /setup to /login while setup status is unresolved  389ms
     ✓ disables setup check on portal public routes  326ms
 ✓ src/features/adminOps/pages/__tests__/AdminSettingsPage.test.tsx (7 tests) 1964ms
     ✓ renders admin settings shell and canonical portal/admin links  338ms
     ✓ renders the section directly from the canonical route path  320ms
     ✓ renders the communications section directly from the canonical route path  316ms
     ✓ auto-enables advanced mode for direct advanced-section links  325ms
     ✓ ignores the removed section local-storage key  315ms
     ✓ navigates internal shortcuts to canonical section routes  324ms
 ✓ src/features/teamChat/__tests__/TeamMessengerPage.test.tsx (3 tests) 378ms
 ✓ src/components/__tests__/SocialShare.test.tsx (27 tests) 2384ms
     ✓ should reset "Copied!" message after 2 seconds  2113ms
 ✓ src/features/events/components/__tests__/EventRegistrationsPanel.test.tsx (4 tests) 595ms
     ✓ handles camera scan callback  338ms
 ✓ src/features/events/pages/__tests__/PublicEventsPage.test.tsx (2 tests) 523ms
     ✓ refetches when filters change  386ms
 ✓ src/features/portal/pages/__tests__/PortalCalendarPage.test.tsx (1 test) 500ms
     ✓ renders a unified calendar and books a slot from the detail panel  498ms
 ✓ src/components/__tests__/UserManagement.test.tsx (1 test) 604ms
     ✓ keeps the create user modal text fields stable while typing  601ms
 ✓ src/test/ux/RouteUxSmoke.test.tsx (22 tests) 775ms
 ✓ src/features/people/components/__tests__/ImportExportModal.test.tsx (5 tests) 616ms
 ✓ src/features/adminOps/pages/__tests__/UserSettingsPage.test.tsx (2 tests) 415ms
     ✓ uploads an avatar, saves it, and syncs auth/bootstrap state  305ms
 ✓ src/features/alerts/components/__tests__/AlertConfigModal.test.tsx (3 tests) 498ms
 ✓ src/features/reports/pages/__tests__/ReportBuilderPage.test.tsx (5 tests) 684ms
 ✓ src/components/__tests__/DonationForm.test.tsx (26 tests) 518ms
 ✓ src/test/ux/RouteUxSmokeExtended.test.tsx (15 tests) 729ms
 ✓ src/components/__tests__/TaskForm.test.tsx (29 tests) 500ms
 ✓ src/features/scheduledReports/pages/__tests__/ScheduledReportsPage.test.tsx (4 tests) 601ms
 ✓ src/components/__tests__/AssignmentForm.test.tsx (28 tests) 479ms
 ✓ src/features/portal/pages/__tests__/PortalEventsPage.test.tsx (3 tests) 312ms
 ✓ src/components/__tests__/AccountForm.test.tsx (19 tests) 454ms
 ✓ src/components/__tests__/ThemeSelector.test.tsx (2 tests) 399ms
 ✓ src/components/__tests__/AvailabilityCalendar.test.tsx (23 tests) 318ms
 ✓ src/features/contacts/pages/__tests__/ContactPrintPage.test.tsx (3 tests) 370ms
 ✓ src/features/teamChat/__tests__/TeamMessengerDock.test.tsx (3 tests) 304ms
 ✓ src/features/events/pages/__tests__/PublicEventCheckInPage.test.tsx (5 tests) 314ms
 ✓ src/features/portal/pages/__tests__/PortalSelfServicePages.test.tsx (2 tests) 388ms
     ✓ loads and saves the portal profile form  309ms
 ✓ src/features/finance/pages/__tests__/ReconciliationDashboardPage.test.tsx (1 test) 383ms
     ✓ keeps the notes field stable while typing  379ms
 ✓ src/features/websites/pages/__tests__/WebsitesListPage.test.tsx (3 tests) 332ms
 ✓ src/features/followUps/pages/__tests__/FollowUpsPage.test.tsx (3 tests) 324ms
 ✓ src/features/adminOps/pages/__tests__/EmailMarketingPage.test.tsx (1 test) 288ms
 ✓ src/components/editor/__tests__/EditorHeader.test.tsx (1 test) 298ms
 ✓ src/features/websites/pages/__tests__/WebsitePublishingPage.test.tsx (5 tests) 318ms
 ✓ src/hooks/__tests__/useSetupCheck.test.ts (8 tests) 313ms
 ✓ src/hooks/__tests__/useDashboardSettings.test.ts (3 tests) 291ms
 ✓ src/components/ui/__tests__/uiPrimitives.test.tsx (7 tests) 216ms
 ✓ src/features/portal/pages/__tests__/PortalCaseDetailPage.test.tsx (1 test) 235ms
 ✓ src/features/tasks/pages/__tests__/TaskListPage.test.tsx (3 tests) 324ms
stderr | src/features/contacts/components/__tests__/ContactTasksPanel.test.tsx > ContactTasksPanel > shows a retry state when the task list fails to load
Failed to load contact tasks Error: boom
    at /Users/bryan/projects/nonprofit-manager/frontend/src/features/contacts/components/__tests__/ContactTasksPanel.test.tsx:128:30
    at file:///Users/bryan/projects/nonprofit-manager/node_modules/@vitest/runner/dist/chunk-artifact.js:302:11
    at file:///Users/bryan/projects/nonprofit-manager/node_modules/@vitest/runner/dist/chunk-artifact.js:1893:26
    at file:///Users/bryan/projects/nonprofit-manager/node_modules/@vitest/runner/dist/chunk-artifact.js:2316:20
    at new Promise (<anonymous>)
    at runWithCancel (file:///Users/bryan/projects/nonprofit-manager/node_modules/@vitest/runner/dist/chunk-artifact.js:2313:10)
    at file:///Users/bryan/projects/nonprofit-manager/node_modules/@vitest/runner/dist/chunk-artifact.js:2295:20
    at new Promise (<anonymous>)
    at runWithTimeout (file:///Users/bryan/projects/nonprofit-manager/node_modules/@vitest/runner/dist/chunk-artifact.js:2262:10)
    at file:///Users/bryan/projects/nonprofit-manager/node_modules/@vitest/runner/dist/chunk-artifact.js:2945:64

 ✓ src/features/contacts/components/__tests__/ContactTasksPanel.test.tsx (3 tests) 260ms
 ✓ src/features/websites/pages/__tests__/WebsiteContentPage.test.tsx (1 test) 254ms
 ✓ src/features/reports/pages/__tests__/WorkflowCoverageReportPage.test.tsx (2 tests) 343ms
 ✓ src/features/events/pages/__tests__/EventCheckInDeskPage.test.tsx (2 tests) 201ms
 ✓ src/features/portal/pages/__tests__/PortalDashboardPage.test.tsx (1 test) 208ms
stderr | src/features/contacts/components/__tests__/ContactActivityPanel.test.tsx > ContactActivityPanel > shows an error state with retry support
Failed to load contact activity Error: boom
    at /Users/bryan/projects/nonprofit-manager/frontend/src/features/contacts/components/__tests__/ContactActivityPanel.test.tsx:34:30
    at file:///Users/bryan/projects/nonprofit-manager/node_modules/@vitest/runner/dist/chunk-artifact.js:302:11
    at file:///Users/bryan/projects/nonprofit-manager/node_modules/@vitest/runner/dist/chunk-artifact.js:1893:26
    at file:///Users/bryan/projects/nonprofit-manager/node_modules/@vitest/runner/dist/chunk-artifact.js:2316:20
    at new Promise (<anonymous>)
    at runWithCancel (file:///Users/bryan/projects/nonprofit-manager/node_modules/@vitest/runner/dist/chunk-artifact.js:2313:10)
    at file:///Users/bryan/projects/nonprofit-manager/node_modules/@vitest/runner/dist/chunk-artifact.js:2295:20
    at new Promise (<anonymous>)
    at runWithTimeout (file:///Users/bryan/projects/nonprofit-manager/node_modules/@vitest/runner/dist/chunk-artifact.js:2262:10)
    at file:///Users/bryan/projects/nonprofit-manager/node_modules/@vitest/runner/dist/chunk-artifact.js:2945:64

 ✓ src/features/reports/pages/__tests__/ReportTemplatesPage.test.tsx (2 tests) 180ms
 ✓ src/features/contacts/components/__tests__/ContactActivityPanel.test.tsx (2 tests) 159ms
 ✓ src/features/engagement/cases/pages/__tests__/ExternalServiceProvidersPage.test.tsx (2 tests) 220ms
 ✓ src/features/websites/pages/__tests__/WebsiteIntegrationsPage.test.tsx (2 tests) 333ms
 ✓ src/features/adminOps/components/__tests__/AdminPanelNav.test.tsx (4 tests) 251ms
 ✓ src/components/workspace/__tests__/WorkspaceHeader.test.tsx (2 tests) 252ms
 ✓ src/components/__tests__/TimeTracker.test.tsx (29 tests) 300ms
 ✓ src/components/__tests__/FilterBuilder.test.tsx (4 tests) 228ms
 ✓ src/features/adminOps/pages/__tests__/SocialMediaPage.test.tsx (1 test) 320ms
     ✓ loads social media data and saves credential + mapping changes  318ms
 ✓ src/components/dashboard/__tests__/EventAttendanceWidget.test.tsx (44 tests) 245ms
 ✓ src/components/dashboard/__tests__/DonationSummaryWidget.test.tsx (23 tests) 246ms
 ✓ src/features/websites/pages/__tests__/WebsiteFormsPage.test.tsx (1 test) 225ms
 ✓ src/features/alerts/pages/__tests__/AlertsConfigPage.test.tsx (1 test) 158ms
 ✓ src/features/contacts/components/__tests__/ContactCommunicationsPanel.test.tsx (3 tests) 264ms
 ✓ src/features/websites/pages/__tests__/WebsiteOverviewPage.test.tsx (1 test) 249ms
 ✓ src/contexts/__tests__/ThemeContext.test.tsx (2 tests) 140ms
 ✓ src/features/teamChat/__tests__/TeamMessengerConversationPanel.test.tsx (1 test) 180ms
 ✓ src/components/__tests__/SortBuilder.test.tsx (8 tests) 196ms
 ✓ src/features/teamChat/__tests__/CaseTeamChatPanel.test.tsx (1 test) 194ms
 ✓ src/features/adminOps/pages/portalAdmin/panels/__tests__/PortalPanels.test.tsx (7 tests) 245ms
 ✓ src/features/portal/pages/__tests__/PortalWorkflowPages.test.tsx (2 tests) 263ms
 ✓ src/components/__tests__/AddToCalendar.test.tsx (20 tests) 136ms
 ✓ src/features/finance/pages/__tests__/RecurringDonationCheckoutResultPage.test.tsx (2 tests) 118ms
 ✓ src/components/dashboard/__tests__/MyCasesWidget.test.tsx (3 tests) 203ms
 ✓ src/features/websites/components/__tests__/WebsiteConsoleUrlAction.test.tsx (2 tests) 121ms
 ✓ src/components/editor/__tests__/EditorCanvas.test.tsx (1 test) 155ms
 ✓ src/features/savedReports/pages/__tests__/PublicReportSnapshot.test.tsx (3 tests) 210ms
 ✓ src/features/reports/pages/__tests__/OutcomesReportPage.test.tsx (1 test) 120ms
 ✓ src/components/__tests__/FieldSelector.test.tsx (5 tests) 240ms
stderr | src/components/__tests__/ErrorBoundary.test.tsx > ErrorBoundary > recovers after the issue is fixed and the retry button is used
Error: boom
    at CrashyContent (/Users/bryan/projects/nonprofit-manager/frontend/src/components/__tests__/ErrorBoundary.test.tsx:9:11)
    at Object.react_stack_bottom_frame (/Users/bryan/projects/nonprofit-manager/node_modules/react-dom/cjs/react-dom-client.development.js:25904:20)
    at renderWithHooks (/Users/bryan/projects/nonprofit-manager/node_modules/react-dom/cjs/react-dom-client.development.js:7662:22)
    at updateFunctionComponent (/Users/bryan/projects/nonprofit-manager/node_modules/react-dom/cjs/react-dom-client.development.js:10166:19)
    at beginWork (/Users/bryan/projects/nonprofit-manager/node_modules/react-dom/cjs/react-dom-client.development.js:11778:18)
    at runWithFiberInDEV (/Users/bryan/projects/nonprofit-manager/node_modules/react-dom/cjs/react-dom-client.development.js:874:13)
    at performUnitOfWork (/Users/bryan/projects/nonprofit-manager/node_modules/react-dom/cjs/react-dom-client.development.js:17641:22)
    at workLoopSync (/Users/bryan/projects/nonprofit-manager/node_modules/react-dom/cjs/react-dom-client.development.js:17469:41)
    at renderRootSync (/Users/bryan/projects/nonprofit-manager/node_modules/react-dom/cjs/react-dom-client.development.js:17450:11)
    at performWorkOnRoot (/Users/bryan/projects/nonprofit-manager/node_modules/react-dom/cjs/react-dom-client.development.js:16583:35) {
  [stack]: [Getter/Setter],
  [message]: 'boom'
}

The above error occurred in the <CrashyContent> component.

React will try to recreate this component tree from scratch using the error boundary you provided, ErrorBoundary.

Error boundary caught: Error: boom
    at CrashyContent (/Users/bryan/projects/nonprofit-manager/frontend/src/components/__tests__/ErrorBoundary.test.tsx:9:11)
    at Object.react_stack_bottom_frame (/Users/bryan/projects/nonprofit-manager/node_modules/react-dom/cjs/react-dom-client.development.js:25904:20)
    at renderWithHooks (/Users/bryan/projects/nonprofit-manager/node_modules/react-dom/cjs/react-dom-client.development.js:7662:22)
    at updateFunctionComponent (/Users/bryan/projects/nonprofit-manager/node_modules/react-dom/cjs/react-dom-client.development.js:10166:19)
    at beginWork (/Users/bryan/projects/nonprofit-manager/node_modules/react-dom/cjs/react-dom-client.development.js:11778:18)
    at runWithFiberInDEV (/Users/bryan/projects/nonprofit-manager/node_modules/react-dom/cjs/react-dom-client.development.js:874:13)
    at performUnitOfWork (/Users/bryan/projects/nonprofit-manager/node_modules/react-dom/cjs/react-dom-client.development.js:17641:22)
    at workLoopSync (/Users/bryan/projects/nonprofit-manager/node_modules/react-dom/cjs/react-dom-client.development.js:17469:41)
    at renderRootSync (/Users/bryan/projects/nonprofit-manager/node_modules/react-dom/cjs/react-dom-client.development.js:17450:11)
    at performWorkOnRoot (/Users/bryan/projects/nonprofit-manager/node_modules/react-dom/cjs/react-dom-client.development.js:16583:35) {
  componentStack: '\n' +
    '    at CrashyContent (/Users/bryan/projects/nonprofit-manager/frontend/src/components/__tests__/ErrorBoundary.test.tsx:14:26)\n' +
    '    at ErrorBoundary (/Users/bryan/projects/nonprofit-manager/frontend/src/components/ErrorBoundary.tsx:10:3)\n' +
    '    at div (<anonymous>)\n' +
    '    at BoundaryHarness (/Users/bryan/projects/nonprofit-manager/frontend/src/components/__tests__/ErrorBoundary.test.tsx:25:74)'
}

 ✓ src/components/__tests__/ErrorBoundary.test.tsx (1 test) 232ms
 ✓ src/features/neoBrutalist/pages/__tests__/ThemeAuditPage.test.tsx (1 test) 143ms
 ✓ src/features/websites/pages/__tests__/WebsiteNewslettersPage.test.tsx (1 test) 199ms
 ✓ src/components/__tests__/PortalLayout.test.tsx (1 test) 177ms
 ✓ src/components/editor/propertyPanel/__tests__/PagePropertyEditor.test.tsx (2 tests) 190ms
 ✓ src/features/workflows/pages/__tests__/IntakeNewPage.test.tsx (2 tests) 247ms
 ✓ src/components/cases/__tests__/CaseRelationships.test.tsx (1 test) 167ms
 ✓ src/components/__tests__/ToastHost.test.tsx (1 test) 153ms
 ✓ src/components/__tests__/PaymentHistory.test.tsx (12 tests) 245ms
 ✓ src/components/dashboard/__tests__/VolunteerHoursWidget.test.tsx (21 tests) 171ms
 ✓ src/features/adminOps/components/__tests__/AdminPanelLayout.test.tsx (1 test) 117ms
 ✓ src/components/__tests__/PageLoader.test.tsx (1 test) 112ms
 ✓ src/features/neoBrutalist/pages/__tests__/NeoBrutalistDashboardPage.test.tsx (1 test) 136ms
 ✓ src/features/adminOps/pages/adminSettings/components/__tests__/SaveBar.test.tsx (1 test) 110ms
 ✓ src/features/reports/hooks/__tests__/useReportBuilderController.test.tsx (1 test) 75ms
 ✓ src/features/finance/pages/__tests__/PaymentResultPage.test.tsx (1 test) 114ms
 ✓ src/features/dashboard/pages/__tests__/CustomDashboardPage.test.tsx (2 tests) 88ms
 ✓ src/components/dashboard/__tests__/PlausibleStatsWidget.test.tsx (2 tests) 54ms
 ✓ src/features/portal/pages/__tests__/PortalCasesPage.test.tsx (1 test) 116ms
 ✓ src/features/scheduledReports/hooks/__tests__/useScheduledReportsController.test.tsx (1 test) 87ms
 ✓ src/features/reports/hooks/__tests__/useReportTemplatesController.test.tsx (1 test) 70ms
 ✓ src/features/reports/hooks/__tests__/useWorkflowCoverageReportController.test.tsx (1 test) 62ms
 ✓ src/features/adminOps/pages/adminSettings/hooks/__tests__/adminSettingsHooks.test.ts (8 tests) 51ms
 ✓ src/components/cases/CaseProvenanceSummary.test.tsx (3 tests) 60ms
 ✓ src/components/auth/__tests__/ProtectedRoute.workspaceModules.test.tsx (6 tests) 68ms
 ✓ src/hooks/__tests__/useNavigationPreferences.test.tsx (6 tests) 70ms
 ✓ src/contexts/__tests__/BrandingContext.test.tsx (2 tests) 38ms
 ✓ src/components/editor/propertyPanel/__tests__/BasicComponentPropertyEditor.test.tsx (2 tests) 114ms
 ✓ src/routes/__tests__/routeCatalog.test.ts (8 tests) 26ms
 ✓ src/components/editor/__tests__/PropertyPanel.test.tsx (1 test) 36ms
 ✓ src/hooks/__tests__/useAutoSave.test.ts (11 tests) 38ms
 ✓ src/hooks/__tests__/useEditorHistory.test.ts (11 tests) 33ms
 ✓ src/features/teamChat/__tests__/useVisibilityPolling.test.ts (2 tests) 18ms
 ✓ src/components/__tests__/NeoBrutalistLayout.test.tsx (2 tests) 44ms
 ✓ src/features/navigation/hooks/__tests__/useStaffNavigationViewModel.test.tsx (1 test) 17ms
 ✓ src/features/portal/client/__tests__/usePortalRealtimeStream.test.tsx (1 test) 22ms
 ✓ src/components/auth/__tests__/AuthenticatedShellRoute.test.tsx (1 test) 43ms
 ✓ src/hooks/__tests__/useConfirmDialog.test.ts (15 tests) 18ms
 ✓ src/features/dashboard/state/dashboardCore.test.ts (7 tests) 16ms
 ✓ src/services/__tests__/httpClient.test.ts (8 tests) 7ms
 ✓ src/features/analytics/state/analyticsCore.test.ts (4 tests) 6ms
 ✓ src/services/bootstrap/__tests__/staffBootstrap.test.ts (3 tests) 4ms
 ✓ src/services/__tests__/userPreferencesService.test.ts (3 tests) 3ms
 ✓ src/features/dashboard/api/dashboardApiClient.test.ts (7 tests) 8ms
 ✓ src/utils/__tests__/apiError.test.ts (13 tests) 5ms
 ✓ src/features/alerts/api/alertsApiClient.test.ts (4 tests) 3ms
 ✓ src/services/__tests__/authService.test.ts (9 tests) 7ms
 ✓ src/services/__tests__/brandingService.test.ts (2 tests) 2ms
 ✓ src/features/cases/utils/__tests__/casePriority.test.ts (4 tests) 5ms
 ✓ src/services/__tests__/api.unauthorized.test.ts (4 tests) 3ms
 ✓ src/services/bootstrap/__tests__/portalBootstrap.test.ts (1 test) 5ms
 ✓ src/services/__tests__/portalUnauthorizedHandler.test.ts (2 tests) 4ms
 ✓ src/utils/__tests__/safeUrl.test.ts (2 tests) 2ms
 ✓ src/utils/__tests__/persistedFilters.test.ts (3 tests) 2ms
 ✓ src/features/messaging/__tests__/messageMerge.test.ts (2 tests) 2ms
 ✓ src/utils/__tests__/validation.test.ts (5 tests) 2ms
 ✓ src/features/auth/state/__tests__/adminAccess.test.ts (2 tests) 1ms

⎯⎯⎯⎯⎯⎯ Failed Suites 5 ⎯⎯⎯⎯⎯⎯⎯

 FAIL  src/components/__tests__/CaseNotes.test.tsx [ src/components/__tests__/CaseNotes.test.tsx ]
Error: Failed to resolve import "../CaseNotes" from "src/components/__tests__/CaseNotes.test.tsx". Does the file exist?
  Plugin: vite:import-analysis
  File: /Users/bryan/projects/nonprofit-manager/frontend/src/components/__tests__/CaseNotes.test.tsx:3:0
  11 |  }) }));
  12 |  const __vi_import_0__ = await import("@testing-library/react");
  13 |  const __vi_import_1__ = await import("../CaseNotes");
     |                                       ^
  14 |  const __vi_import_2__ = await import("../../features/outcomes/hooks/useOutcomeDefinitions");
  15 |  const __vi_import_3__ = await import("../../test/testUtils");
 ❯ TransformPluginContext._formatLog ../node_modules/vite/dist/node/chunks/node.js:30259:39
 ❯ TransformPluginContext.error ../node_modules/vite/dist/node/chunks/node.js:30256:14
 ❯ normalizeUrl ../node_modules/vite/dist/node/chunks/node.js:27544:18
 ❯ ../node_modules/vite/dist/node/chunks/node.js:27607:30
 ❯ TransformPluginContext.transform ../node_modules/vite/dist/node/chunks/node.js:27575:4
 ❯ EnvironmentPluginContainer.transform ../node_modules/vite/dist/node/chunks/node.js:30048:14
 ❯ loadAndTransform ../node_modules/vite/dist/node/chunks/node.js:24177:26

⎯⎯⎯⎯⎯⎯⎯⎯⎯⎯⎯⎯⎯⎯⎯⎯⎯⎯⎯⎯⎯⎯⎯[1/86]⎯

 FAIL  src/components/__tests__/ContactNotes.test.tsx [ src/components/__tests__/ContactNotes.test.tsx ]
Error: Failed to resolve import "../ContactNotes" from "src/components/__tests__/ContactNotes.test.tsx". Does the file exist?
  Plugin: vite:import-analysis
  File: /Users/bryan/projects/nonprofit-manager/frontend/src/components/__tests__/ContactNotes.test.tsx:3:0
  11 |  }) }));
  12 |  const __vi_import_0__ = await import("@testing-library/react");
  13 |  const __vi_import_1__ = await import("../ContactNotes");
     |                                       ^
  14 |  const __vi_import_2__ = await import("../../features/contacts/state");
  15 |  const __vi_import_3__ = await import("../../features/cases/state");
 ❯ TransformPluginContext._formatLog ../node_modules/vite/dist/node/chunks/node.js:30259:39
 ❯ TransformPluginContext.error ../node_modules/vite/dist/node/chunks/node.js:30256:14
 ❯ normalizeUrl ../node_modules/vite/dist/node/chunks/node.js:27544:18
 ❯ ../node_modules/vite/dist/node/chunks/node.js:27607:30
 ❯ TransformPluginContext.transform ../node_modules/vite/dist/node/chunks/node.js:27575:4
 ❯ EnvironmentPluginContainer.transform ../node_modules/vite/dist/node/chunks/node.js:30048:14
 ❯ loadAndTransform ../node_modules/vite/dist/node/chunks/node.js:24177:26

⎯⎯⎯⎯⎯⎯⎯⎯⎯⎯⎯⎯⎯⎯⎯⎯⎯⎯⎯⎯⎯⎯⎯[2/86]⎯

 FAIL  src/features/adminOps/pages/__tests__/AdminSettings.organization.test.tsx [ src/features/adminOps/pages/__tests__/AdminSettings.organization.test.tsx ]
Error: Failed to resolve import "../../../test/testUtils" from "src/features/adminOps/pages/__tests__/AdminSettings.organization.test.tsx". Does the file exist?
  Plugin: vite:import-analysis
  File: /Users/bryan/projects/nonprofit-manager/frontend/src/features/adminOps/pages/__tests__/AdminSettings.organization.test.tsx:6:0
  27 |  const __vi_import_1__ = await import("@testing-library/user-event");
  28 |  const __vi_import_2__ = await import("react-router-dom");
  29 |  const __vi_import_3__ = await import("../../../test/testUtils");
     |                                       ^
  30 |  const __vi_import_4__ = await import("react/jsx-dev-runtime");
  31 |  
 ❯ TransformPluginContext._formatLog ../node_modules/vite/dist/node/chunks/node.js:30259:39
 ❯ TransformPluginContext.error ../node_modules/vite/dist/node/chunks/node.js:30256:14
 ❯ normalizeUrl ../node_modules/vite/dist/node/chunks/node.js:27544:18
 ❯ ../node_modules/vite/dist/node/chunks/node.js:27607:30
 ❯ TransformPluginContext.transform ../node_modules/vite/dist/node/chunks/node.js:27575:4
 ❯ EnvironmentPluginContainer.transform ../node_modules/vite/dist/node/chunks/node.js:30048:14
 ❯ loadAndTransform ../node_modules/vite/dist/node/chunks/node.js:24177:26

⎯⎯⎯⎯⎯⎯⎯⎯⎯⎯⎯⎯⎯⎯⎯⎯⎯⎯⎯⎯⎯⎯⎯[3/86]⎯

 FAIL  src/features/auth/pages/__tests__/LoginPage.test.tsx [ src/features/auth/pages/__tests__/LoginPage.test.tsx ]
Error: Failed to resolve import "../../../utils/primeStaffSession" from "src/features/auth/pages/__tests__/LoginPage.test.tsx". Does the file exist?
  Plugin: vite:import-analysis
  File: /Users/bryan/projects/nonprofit-manager/frontend/src/features/auth/pages/__tests__/LoginPage.test.tsx:6:0
  15 |  const __vi_import_2__ = await import("../LoginPage");
  16 |  const __vi_import_3__ = await import("../../../../services/authService");
  17 |  const __vi_import_4__ = await import("../../../utils/primeStaffSession");
     |                                       ^
  18 |  const __vi_import_5__ = await import("../../../../test/testUtils");
  19 |  const __vi_import_6__ = await import("react/jsx-dev-runtime");
 ❯ TransformPluginContext._formatLog ../node_modules/vite/dist/node/chunks/node.js:30259:39
 ❯ TransformPluginContext.error ../node_modules/vite/dist/node/chunks/node.js:30256:14
 ❯ normalizeUrl ../node_modules/vite/dist/node/chunks/node.js:27544:18
 ❯ ../node_modules/vite/dist/node/chunks/node.js:27607:30
 ❯ TransformPluginContext.transform ../node_modules/vite/dist/node/chunks/node.js:27575:4
 ❯ EnvironmentPluginContainer.transform ../node_modules/vite/dist/node/chunks/node.js:30048:14
 ❯ loadAndTransform ../node_modules/vite/dist/node/chunks/node.js:24177:26

⎯⎯⎯⎯⎯⎯⎯⎯⎯⎯⎯⎯⎯⎯⎯⎯⎯⎯⎯⎯⎯⎯⎯[4/86]⎯

 FAIL  src/features/auth/pages/__tests__/SetupPasswordValidation.test.tsx [ src/features/auth/pages/__tests__/SetupPasswordValidation.test.tsx ]
Error: Failed to resolve import "../../features/auth/pages/SetupPage" from "src/features/auth/pages/__tests__/SetupPasswordValidation.test.tsx". Does the file exist?
  Plugin: vite:import-analysis
  File: /Users/bryan/projects/nonprofit-manager/frontend/src/features/auth/pages/__tests__/SetupPasswordValidation.test.tsx:4:0
  16 |  })) }));
  17 |  const __vi_import_0__ = await import("@testing-library/react");
  18 |  const __vi_import_1__ = await import("../../features/auth/pages/SetupPage");
     |                                       ^
  19 |  const __vi_import_2__ = await import("../../services/api");
  20 |  const __vi_import_3__ = await import("../../services/bootstrap/staffBootstrap");
 ❯ TransformPluginContext._formatLog ../node_modules/vite/dist/node/chunks/node.js:30259:39
 ❯ TransformPluginContext.error ../node_modules/vite/dist/node/chunks/node.js:30256:14
 ❯ normalizeUrl ../node_modules/vite/dist/node/chunks/node.js:27544:18
 ❯ ../node_modules/vite/dist/node/chunks/node.js:27607:30
 ❯ TransformPluginContext.transform ../node_modules/vite/dist/node/chunks/node.js:27575:4
 ❯ EnvironmentPluginContainer.transform ../node_modules/vite/dist/node/chunks/node.js:30048:14
 ❯ loadAndTransform ../node_modules/vite/dist/node/chunks/node.js:24177:26

⎯⎯⎯⎯⎯⎯⎯⎯⎯⎯⎯⎯⎯⎯⎯⎯⎯⎯⎯⎯⎯⎯⎯[5/86]⎯


⎯⎯⎯⎯⎯⎯ Failed Tests 81 ⎯⎯⎯⎯⎯⎯⎯

 FAIL  src/components/__tests__/ContactRelationships.test.tsx > ContactRelationships > opens the create-contact flow in a safe new tab
TypeError: Cannot destructure property 'contacts' of 'useAppSelector(...)' as it is undefined.
 ❯ ContactRelationships src/components/ContactRelationships.tsx:24:11
     22|   const { dialogState, confirm, handleConfirm, handleCancel } = useCon…
     23|   const { relationships, relationshipsLoading } = useAppSelector((stat…
     24|   const { contacts } = useAppSelector((state) => state.contacts.list);
       |           ^
     25|   const { currentContact } = useAppSelector((state) => state.contacts.…
     26|   const getErrorMessage = (error: unknown, fallback: string) =>
 ❯ Object.react_stack_bottom_frame ../node_modules/react-dom/cjs/react-dom-client.development.js:25904:20
 ❯ renderWithHooks ../node_modules/react-dom/cjs/react-dom-client.development.js:7662:22
 ❯ updateFunctionComponent ../node_modules/react-dom/cjs/react-dom-client.development.js:10166:19
 ❯ beginWork ../node_modules/react-dom/cjs/react-dom-client.development.js:11778:18
 ❯ runWithFiberInDEV ../node_modules/react-dom/cjs/react-dom-client.development.js:874:13
 ❯ performUnitOfWork ../node_modules/react-dom/cjs/react-dom-client.development.js:17641:22
 ❯ workLoopSync ../node_modules/react-dom/cjs/react-dom-client.development.js:17469:41
 ❯ renderRootSync ../node_modules/react-dom/cjs/react-dom-client.development.js:17450:11
 ❯ performWorkOnRoot ../node_modules/react-dom/cjs/react-dom-client.development.js:16583:35

⎯⎯⎯⎯⎯⎯⎯⎯⎯⎯⎯⎯⎯⎯⎯⎯⎯⎯⎯⎯⎯⎯⎯[6/86]⎯

 FAIL  src/components/__tests__/VolunteerForm.test.tsx > VolunteerForm > Create Mode > renders all required form fields
 FAIL  src/components/__tests__/VolunteerForm.test.tsx > VolunteerForm > Create Mode > shows Create Volunteer button
 FAIL  src/components/__tests__/VolunteerForm.test.tsx > VolunteerForm > Create Mode > has default availability status as available
 FAIL  src/components/__tests__/VolunteerForm.test.tsx > VolunteerForm > Create Mode > allows adding skills by typing and pressing Enter
 FAIL  src/components/__tests__/VolunteerForm.test.tsx > VolunteerForm > Create Mode > clears skill input after adding
 FAIL  src/components/__tests__/VolunteerForm.test.tsx > VolunteerForm > Create Mode > allows removing skills
 FAIL  src/components/__tests__/VolunteerForm.test.tsx > VolunteerForm > Create Mode > has cancel button that navigates back
 FAIL  src/components/__tests__/VolunteerForm.test.tsx > VolunteerForm > Availability Status Selection > allows selecting available status
 FAIL  src/components/__tests__/VolunteerForm.test.tsx > VolunteerForm > Availability Status Selection > allows selecting unavailable status
 FAIL  src/components/__tests__/VolunteerForm.test.tsx > VolunteerForm > Availability Status Selection > allows selecting limited status
 FAIL  src/components/__tests__/VolunteerForm.test.tsx > VolunteerForm > Background Check > allows selecting background check status
 FAIL  src/components/__tests__/VolunteerForm.test.tsx > VolunteerForm > Background Check > allows entering background check date
 FAIL  src/components/__tests__/VolunteerForm.test.tsx > VolunteerForm > Emergency Contact > allows entering emergency contact name
 FAIL  src/components/__tests__/VolunteerForm.test.tsx > VolunteerForm > Emergency Contact > allows entering emergency contact phone
 FAIL  src/components/__tests__/VolunteerForm.test.tsx > VolunteerForm > Availability Notes > allows entering availability notes
 FAIL  src/components/__tests__/VolunteerForm.test.tsx > VolunteerForm > Skills Management > prevents adding duplicate skills
 FAIL  src/components/__tests__/VolunteerForm.test.tsx > VolunteerForm > Skills Management > trims whitespace from skill names
 FAIL  src/components/__tests__/VolunteerForm.test.tsx > VolunteerForm > Skills Management > does not add empty skills
TypeError: Cannot read properties of undefined (reading 'map')
 ❯ VolunteerForm src/components/VolunteerForm.tsx:244:25
    242|             >
    243|               <option value="">Select a contact...</option>
    244|               {contacts.map((contact) => (
       |                         ^
    245|                 <option key={contact.contact_id} value={contact.contac…
    246|                   {contact.first_name} {contact.last_name}{' '}
 ❯ Object.react_stack_bottom_frame ../node_modules/react-dom/cjs/react-dom-client.development.js:25904:20
 ❯ renderWithHooks ../node_modules/react-dom/cjs/react-dom-client.development.js:7662:22
 ❯ updateFunctionComponent ../node_modules/react-dom/cjs/react-dom-client.development.js:10166:19
 ❯ beginWork ../node_modules/react-dom/cjs/react-dom-client.development.js:11778:18
 ❯ runWithFiberInDEV ../node_modules/react-dom/cjs/react-dom-client.development.js:874:13
 ❯ performUnitOfWork ../node_modules/react-dom/cjs/react-dom-client.development.js:17641:22
 ❯ workLoopSync ../node_modules/react-dom/cjs/react-dom-client.development.js:17469:41
 ❯ renderRootSync ../node_modules/react-dom/cjs/react-dom-client.development.js:17450:11
 ❯ performWorkOnRoot ../node_modules/react-dom/cjs/react-dom-client.development.js:16583:35

⎯⎯⎯⎯⎯⎯⎯⎯⎯⎯⎯⎯⎯⎯⎯⎯⎯⎯⎯⎯⎯⎯⎯[7/86]⎯

 FAIL  src/components/__tests__/VolunteerWidget.test.tsx > VolunteerWidget > should render Volunteer Overview heading
TestingLibraryElementError: Unable to find an element with the text: Volunteer Overview. This could be because the text is broken up by multiple elements. In this case, you can provide a function for your text matcher to make your matcher more flexible.

Ignored nodes: comments, script, style
[36m<body[39m
  [33mclass[39m=[32m"theme-transitioning"[39m
[36m>[39m
  [36m<div>[39m
    [36m<div[39m
      [33mclass[39m=[32m"rounded-2xl border border-app-border bg-app-surface p-6 shadow-sm"[39m
    [36m>[39m
      [36m<div[39m
        [33mclass[39m=[32m"animate-pulse"[39m
      [36m>[39m
        [36m<div[39m
          [33mclass[39m=[32m"h-6 bg-app-surface-muted rounded w-1/3 mb-4"[39m
        [36m/>[39m
        [36m<div[39m
          [33mclass[39m=[32m"space-y-3"[39m
        [36m>[39m
          [36m<div[39m
            [33mclass[39m=[32m"h-4 bg-app-surface-muted rounded"[39m
          [36m/>[39m
          [36m<div[39m
            [33mclass[39m=[32m"h-4 bg-app-surface-muted rounded"[39m
          [36m/>[39m
          [36m<div[39m
            [33mclass[39m=[32m"h-4 bg-app-surface-muted rounded"[39m
          [36m/>[39m
        [36m</div>[39m
      [36m</div>[39m
    [36m</div>[39m
  [36m</div>[39m
[36m</body>[39m
 ❯ Object.getElementError node_modules/@testing-library/dom/dist/config.js:37:19
 ❯ node_modules/@testing-library/dom/dist/query-helpers.js:76:38
 ❯ node_modules/@testing-library/dom/dist/query-helpers.js:52:17
 ❯ node_modules/@testing-library/dom/dist/query-helpers.js:95:19
 ❯ src/components/__tests__/VolunteerWidget.test.tsx:130:19
    128|   it('should render Volunteer Overview heading', () => {
    129|     renderWidget(<VolunteerWidget />);
    130|     expect(screen.getByText('Volunteer Overview')).toBeInTheDocument();
       |                   ^
    131|   });
    132|

⎯⎯⎯⎯⎯⎯⎯⎯⎯⎯⎯⎯⎯⎯⎯⎯⎯⎯⎯⎯⎯⎯⎯[8/86]⎯

 FAIL  src/components/__tests__/VolunteerWidget.test.tsx > VolunteerWidget > should render View All button
TestingLibraryElementError: Unable to find an element with the text: View All →. This could be because the text is broken up by multiple elements. In this case, you can provide a function for your text matcher to make your matcher more flexible.

Ignored nodes: comments, script, style
[36m<body[39m
  [33mclass[39m=[32m"theme-transitioning"[39m
[36m>[39m
  [36m<div>[39m
    [36m<div[39m
      [33mclass[39m=[32m"rounded-2xl border border-app-border bg-app-surface p-6 shadow-sm"[39m
    [36m>[39m
      [36m<div[39m
        [33mclass[39m=[32m"animate-pulse"[39m
      [36m>[39m
        [36m<div[39m
          [33mclass[39m=[32m"h-6 bg-app-surface-muted rounded w-1/3 mb-4"[39m
        [36m/>[39m
        [36m<div[39m
          [33mclass[39m=[32m"space-y-3"[39m
        [36m>[39m
          [36m<div[39m
            [33mclass[39m=[32m"h-4 bg-app-surface-muted rounded"[39m
          [36m/>[39m
          [36m<div[39m
            [33mclass[39m=[32m"h-4 bg-app-surface-muted rounded"[39m
          [36m/>[39m
          [36m<div[39m
            [33mclass[39m=[32m"h-4 bg-app-surface-muted rounded"[39m
          [36m/>[39m
        [36m</div>[39m
      [36m</div>[39m
    [36m</div>[39m
  [36m</div>[39m
[36m</body>[39m
 ❯ Object.getElementError node_modules/@testing-library/dom/dist/config.js:37:19
 ❯ node_modules/@testing-library/dom/dist/query-helpers.js:76:38
 ❯ node_modules/@testing-library/dom/dist/query-helpers.js:52:17
 ❯ node_modules/@testing-library/dom/dist/query-helpers.js:95:19
 ❯ src/components/__tests__/VolunteerWidget.test.tsx:135:19
    133|   it('should render View All button', () => {
    134|     renderWidget(<VolunteerWidget />);
    135|     expect(screen.getByText('View All →')).toBeInTheDocument();
       |                   ^
    136|   });
    137|

⎯⎯⎯⎯⎯⎯⎯⎯⎯⎯⎯⎯⎯⎯⎯⎯⎯⎯⎯⎯⎯⎯⎯[9/86]⎯

 FAIL  src/components/__tests__/VolunteerWidget.test.tsx > VolunteerWidget > should navigate to volunteers list when View All is clicked
TestingLibraryElementError: Unable to find an element with the text: View All →. This could be because the text is broken up by multiple elements. In this case, you can provide a function for your text matcher to make your matcher more flexible.

Ignored nodes: comments, script, style
[36m<body[39m
  [33mclass[39m=[32m"theme-transitioning"[39m
[36m>[39m
  [36m<div>[39m
    [36m<div[39m
      [33mclass[39m=[32m"rounded-2xl border border-app-border bg-app-surface p-6 shadow-sm"[39m
    [36m>[39m
      [36m<div[39m
        [33mclass[39m=[32m"animate-pulse"[39m
      [36m>[39m
        [36m<div[39m
          [33mclass[39m=[32m"h-6 bg-app-surface-muted rounded w-1/3 mb-4"[39m
        [36m/>[39m
        [36m<div[39m
          [33mclass[39m=[32m"space-y-3"[39m
        [36m>[39m
          [36m<div[39m
            [33mclass[39m=[32m"h-4 bg-app-surface-muted rounded"[39m
          [36m/>[39m
          [36m<div[39m
            [33mclass[39m=[32m"h-4 bg-app-surface-muted rounded"[39m
          [36m/>[39m
          [36m<div[39m
            [33mclass[39m=[32m"h-4 bg-app-surface-muted rounded"[39m
          [36m/>[39m
        [36m</div>[39m
      [36m</div>[39m
    [36m</div>[39m
  [36m</div>[39m
[36m</body>[39m
 ❯ Object.getElementError node_modules/@testing-library/dom/dist/config.js:37:19
 ❯ node_modules/@testing-library/dom/dist/query-helpers.js:76:38
 ❯ node_modules/@testing-library/dom/dist/query-helpers.js:52:17
 ❯ node_modules/@testing-library/dom/dist/query-helpers.js:95:19
 ❯ src/components/__tests__/VolunteerWidget.test.tsx:141:34
    139|     renderWidget(<VolunteerWidget />);
    140|
    141|     const viewAllButton = screen.getByText('View All →');
       |                                  ^
    142|     expect(viewAllButton.closest('a')).toHaveAttribute('href', '/volun…
    143|   });

⎯⎯⎯⎯⎯⎯⎯⎯⎯⎯⎯⎯⎯⎯⎯⎯⎯⎯⎯⎯⎯⎯[10/86]⎯

 FAIL  src/components/__tests__/VolunteerWidget.test.tsx > VolunteerWidget > should display total volunteers count
TestingLibraryElementError: Unable to find an element with the text: 3. This could be because the text is broken up by multiple elements. In this case, you can provide a function for your text matcher to make your matcher more flexible.

Ignored nodes: comments, script, style
[36m<body[39m
  [33mclass[39m=[32m"theme-transitioning"[39m
[36m>[39m
  [36m<div>[39m
    [36m<div[39m
      [33mclass[39m=[32m"rounded-2xl border border-app-border bg-app-surface p-6 shadow-sm"[39m
    [36m>[39m
      [36m<div[39m
        [33mclass[39m=[32m"animate-pulse"[39m
      [36m>[39m
        [36m<div[39m
          [33mclass[39m=[32m"h-6 bg-app-surface-muted rounded w-1/3 mb-4"[39m
        [36m/>[39m
        [36m<div[39m
          [33mclass[39m=[32m"space-y-3"[39m
        [36m>[39m
          [36m<div[39m
            [33mclass[39m=[32m"h-4 bg-app-surface-muted rounded"[39m
          [36m/>[39m
          [36m<div[39m
            [33mclass[39m=[32m"h-4 bg-app-surface-muted rounded"[39m
          [36m/>[39m
          [36m<div[39m
            [33mclass[39m=[32m"h-4 bg-app-surface-muted rounded"[39m
          [36m/>[39m
        [36m</div>[39m
      [36m</div>[39m
    [36m</div>[39m
  [36m</div>[39m
[36m</body>[39m
 ❯ Object.getElementError node_modules/@testing-library/dom/dist/config.js:37:19
 ❯ node_modules/@testing-library/dom/dist/query-helpers.js:76:38
 ❯ node_modules/@testing-library/dom/dist/query-helpers.js:52:17
 ❯ node_modules/@testing-library/dom/dist/query-helpers.js:95:19
 ❯ src/components/__tests__/VolunteerWidget.test.tsx:148:19
    146|     renderWidget(<VolunteerWidget />);
    147|
    148|     expect(screen.getByText('3')).toBeInTheDocument();
       |                   ^
    149|     expect(screen.getByText('Total')).toBeInTheDocument();
    150|   });

⎯⎯⎯⎯⎯⎯⎯⎯⎯⎯⎯⎯⎯⎯⎯⎯⎯⎯⎯⎯⎯⎯[11/86]⎯

 FAIL  src/components/__tests__/VolunteerWidget.test.tsx > VolunteerWidget > should display available volunteers count
TestingLibraryElementError: Unable to find an element with the text: Available. This could be because the text is broken up by multiple elements. In this case, you can provide a function for your text matcher to make your matcher more flexible.

Ignored nodes: comments, script, style
[36m<body[39m
  [33mclass[39m=[32m"theme-transitioning"[39m
[36m>[39m
  [36m<div>[39m
    [36m<div[39m
      [33mclass[39m=[32m"rounded-2xl border border-app-border bg-app-surface p-6 shadow-sm"[39m
    [36m>[39m
      [36m<div[39m
        [33mclass[39m=[32m"animate-pulse"[39m
      [36m>[39m
        [36m<div[39m
          [33mclass[39m=[32m"h-6 bg-app-surface-muted rounded w-1/3 mb-4"[39m
        [36m/>[39m
        [36m<div[39m
          [33mclass[39m=[32m"space-y-3"[39m
        [36m>[39m
          [36m<div[39m
            [33mclass[39m=[32m"h-4 bg-app-surface-muted rounded"[39m
          [36m/>[39m
          [36m<div[39m
            [33mclass[39m=[32m"h-4 bg-app-surface-muted rounded"[39m
          [36m/>[39m
          [36m<div[39m
            [33mclass[39m=[32m"h-4 bg-app-surface-muted rounded"[39m
          [36m/>[39m
        [36m</div>[39m
      [36m</div>[39m
    [36m</div>[39m
  [36m</div>[39m
[36m</body>[39m
 ❯ Object.getElementError node_modules/@testing-library/dom/dist/config.js:37:19
 ❯ node_modules/@testing-library/dom/dist/query-helpers.js:76:38
 ❯ node_modules/@testing-library/dom/dist/query-helpers.js:52:17
 ❯ node_modules/@testing-library/dom/dist/query-helpers.js:95:19
 ❯ src/components/__tests__/VolunteerWidget.test.tsx:155:19
    153|     renderWidget(<VolunteerWidget />);
    154|
    155|     expect(screen.getByText('Available')).toBeInTheDocument();
       |                   ^
    156|     const ones = screen.getAllByText('1');
    157|     expect(ones.length).toBeGreaterThan(0);

⎯⎯⎯⎯⎯⎯⎯⎯⎯⎯⎯⎯⎯⎯⎯⎯⎯⎯⎯⎯⎯⎯[12/86]⎯

 FAIL  src/components/__tests__/VolunteerWidget.test.tsx > VolunteerWidget > should display limited volunteers count
TestingLibraryElementError: Unable to find an element with the text: Limited. This could be because the text is broken up by multiple elements. In this case, you can provide a function for your text matcher to make your matcher more flexible.

Ignored nodes: comments, script, style
[36m<body[39m
  [33mclass[39m=[32m"theme-transitioning"[39m
[36m>[39m
  [36m<div>[39m
    [36m<div[39m
      [33mclass[39m=[32m"rounded-2xl border border-app-border bg-app-surface p-6 shadow-sm"[39m
    [36m>[39m
      [36m<div[39m
        [33mclass[39m=[32m"animate-pulse"[39m
      [36m>[39m
        [36m<div[39m
          [33mclass[39m=[32m"h-6 bg-app-surface-muted rounded w-1/3 mb-4"[39m
        [36m/>[39m
        [36m<div[39m
          [33mclass[39m=[32m"space-y-3"[39m
        [36m>[39m
          [36m<div[39m
            [33mclass[39m=[32m"h-4 bg-app-surface-muted rounded"[39m
          [36m/>[39m
          [36m<div[39m
            [33mclass[39m=[32m"h-4 bg-app-surface-muted rounded"[39m
          [36m/>[39m
          [36m<div[39m
            [33mclass[39m=[32m"h-4 bg-app-surface-muted rounded"[39m
          [36m/>[39m
        [36m</div>[39m
      [36m</div>[39m
    [36m</div>[39m
  [36m</div>[39m
[36m</body>[39m
 ❯ Object.getElementError node_modules/@testing-library/dom/dist/config.js:37:19
 ❯ node_modules/@testing-library/dom/dist/query-helpers.js:76:38
 ❯ node_modules/@testing-library/dom/dist/query-helpers.js:52:17
 ❯ node_modules/@testing-library/dom/dist/query-helpers.js:95:19
 ❯ src/components/__tests__/VolunteerWidget.test.tsx:163:19
    161|     renderWidget(<VolunteerWidget />);
    162|
    163|     expect(screen.getByText('Limited')).toBeInTheDocument();
       |                   ^
    164|     const ones = screen.getAllByText('1');
    165|     expect(ones.length).toBeGreaterThan(0);

⎯⎯⎯⎯⎯⎯⎯⎯⎯⎯⎯⎯⎯⎯⎯⎯⎯⎯⎯⎯⎯⎯[13/86]⎯

 FAIL  src/components/__tests__/VolunteerWidget.test.tsx > VolunteerWidget > should display unavailable volunteers count
TestingLibraryElementError: Unable to find an element with the text: Unavailable. This could be because the text is broken up by multiple elements. In this case, you can provide a function for your text matcher to make your matcher more flexible.

Ignored nodes: comments, script, style
[36m<body[39m
  [33mclass[39m=[32m"theme-transitioning"[39m
[36m>[39m
  [36m<div>[39m
    [36m<div[39m
      [33mclass[39m=[32m"rounded-2xl border border-app-border bg-app-surface p-6 shadow-sm"[39m
    [36m>[39m
      [36m<div[39m
        [33mclass[39m=[32m"animate-pulse"[39m
      [36m>[39m
        [36m<div[39m
          [33mclass[39m=[32m"h-6 bg-app-surface-muted rounded w-1/3 mb-4"[39m
        [36m/>[39m
        [36m<div[39m
          [33mclass[39m=[32m"space-y-3"[39m
        [36m>[39m
          [36m<div[39m
            [33mclass[39m=[32m"h-4 bg-app-surface-muted rounded"[39m
          [36m/>[39m
          [36m<div[39m
            [33mclass[39m=[32m"h-4 bg-app-surface-muted rounded"[39m
          [36m/>[39m
          [36m<div[39m
            [33mclass[39m=[32m"h-4 bg-app-surface-muted rounded"[39m
          [36m/>[39m
        [36m</div>[39m
      [36m</div>[39m
    [36m</div>[39m
  [36m</div>[39m
[36m</body>[39m
 ❯ Object.getElementError node_modules/@testing-library/dom/dist/config.js:37:19
 ❯ node_modules/@testing-library/dom/dist/query-helpers.js:76:38
 ❯ node_modules/@testing-library/dom/dist/query-helpers.js:52:17
 ❯ node_modules/@testing-library/dom/dist/query-helpers.js:95:19
 ❯ src/components/__tests__/VolunteerWidget.test.tsx:171:19
    169|     renderWidget(<VolunteerWidget />);
    170|
    171|     expect(screen.getByText('Unavailable')).toBeInTheDocument();
       |                   ^
    172|     const ones = screen.getAllByText('1');
    173|     expect(ones.length).toBeGreaterThan(0);

⎯⎯⎯⎯⎯⎯⎯⎯⎯⎯⎯⎯⎯⎯⎯⎯⎯⎯⎯⎯⎯⎯[14/86]⎯

 FAIL  src/components/__tests__/VolunteerWidget.test.tsx > VolunteerWidget > should display total hours logged
TestingLibraryElementError: Unable to find an element with the text: 250.0. This could be because the text is broken up by multiple elements. In this case, you can provide a function for your text matcher to make your matcher more flexible.

Ignored nodes: comments, script, style
[36m<body[39m
  [33mclass[39m=[32m"theme-transitioning"[39m
[36m>[39m
  [36m<div>[39m
    [36m<div[39m
      [33mclass[39m=[32m"rounded-2xl border border-app-border bg-app-surface p-6 shadow-sm"[39m
    [36m>[39m
      [36m<div[39m
        [33mclass[39m=[32m"animate-pulse"[39m
      [36m>[39m
        [36m<div[39m
          [33mclass[39m=[32m"h-6 bg-app-surface-muted rounded w-1/3 mb-4"[39m
        [36m/>[39m
        [36m<div[39m
          [33mclass[39m=[32m"space-y-3"[39m
        [36m>[39m
          [36m<div[39m
            [33mclass[39m=[32m"h-4 bg-app-surface-muted rounded"[39m
          [36m/>[39m
          [36m<div[39m
            [33mclass[39m=[32m"h-4 bg-app-surface-muted rounded"[39m
          [36m/>[39m
          [36m<div[39m
            [33mclass[39m=[32m"h-4 bg-app-surface-muted rounded"[39m
          [36m/>[39m
        [36m</div>[39m
      [36m</div>[39m
    [36m</div>[39m
  [36m</div>[39m
[36m</body>[39m
 ❯ Object.getElementError node_modules/@testing-library/dom/dist/config.js:37:19
 ❯ node_modules/@testing-library/dom/dist/query-helpers.js:76:38
 ❯ node_modules/@testing-library/dom/dist/query-helpers.js:52:17
 ❯ node_modules/@testing-library/dom/dist/query-helpers.js:95:19
 ❯ src/components/__tests__/VolunteerWidget.test.tsx:179:19
    177|     renderWidget(<VolunteerWidget />);
    178|
    179|     expect(screen.getByText('250.0')).toBeInTheDocument();
       |                   ^
    180|     expect(screen.getByText('Total Hours Logged')).toBeInTheDocument();
    181|   });

⎯⎯⎯⎯⎯⎯⎯⎯⎯⎯⎯⎯⎯⎯⎯⎯⎯⎯⎯⎯⎯⎯[15/86]⎯

 FAIL  src/components/__tests__/VolunteerWidget.test.tsx > VolunteerWidget > should display Quick Actions heading
TestingLibraryElementError: Unable to find an element with the text: Quick Actions. This could be because the text is broken up by multiple elements. In this case, you can provide a function for your text matcher to make your matcher more flexible.

Ignored nodes: comments, script, style
[36m<body[39m
  [33mclass[39m=[32m"theme-transitioning"[39m
[36m>[39m
  [36m<div>[39m
    [36m<div[39m
      [33mclass[39m=[32m"rounded-2xl border border-app-border bg-app-surface p-6 shadow-sm"[39m
    [36m>[39m
      [36m<div[39m
        [33mclass[39m=[32m"animate-pulse"[39m
      [36m>[39m
        [36m<div[39m
          [33mclass[39m=[32m"h-6 bg-app-surface-muted rounded w-1/3 mb-4"[39m
        [36m/>[39m
        [36m<div[39m
          [33mclass[39m=[32m"space-y-3"[39m
        [36m>[39m
          [36m<div[39m
            [33mclass[39m=[32m"h-4 bg-app-surface-muted rounded"[39m
          [36m/>[39m
          [36m<div[39m
            [33mclass[39m=[32m"h-4 bg-app-surface-muted rounded"[39m
          [36m/>[39m
          [36m<div[39m
            [33mclass[39m=[32m"h-4 bg-app-surface-muted rounded"[39m
          [36m/>[39m
        [36m</div>[39m
      [36m</div>[39m
    [36m</div>[39m
  [36m</div>[39m
[36m</body>[39m
 ❯ Object.getElementError node_modules/@testing-library/dom/dist/config.js:37:19
 ❯ node_modules/@testing-library/dom/dist/query-helpers.js:76:38
 ❯ node_modules/@testing-library/dom/dist/query-helpers.js:52:17
 ❯ node_modules/@testing-library/dom/dist/query-helpers.js:95:19
 ❯ src/components/__tests__/VolunteerWidget.test.tsx:185:19
    183|   it('should display Quick Actions heading', () => {
    184|     renderWidget(<VolunteerWidget />);
    185|     expect(screen.getByText('Quick Actions')).toBeInTheDocument();
       |                   ^
    186|   });
    187|

⎯⎯⎯⎯⎯⎯⎯⎯⎯⎯⎯⎯⎯⎯⎯⎯⎯⎯⎯⎯⎯⎯[16/86]⎯

 FAIL  src/components/__tests__/VolunteerWidget.test.tsx > VolunteerWidget > should render Add Volunteer button
TestingLibraryElementError: Unable to find an element with the text: Add Volunteer. This could be because the text is broken up by multiple elements. In this case, you can provide a function for your text matcher to make your matcher more flexible.

Ignored nodes: comments, script, style
[36m<body[39m
  [33mclass[39m=[32m"theme-transitioning"[39m
[36m>[39m
  [36m<div>[39m
    [36m<div[39m
      [33mclass[39m=[32m"rounded-2xl border border-app-border bg-app-surface p-6 shadow-sm"[39m
    [36m>[39m
      [36m<div[39m
        [33mclass[39m=[32m"animate-pulse"[39m
      [36m>[39m
        [36m<div[39m
          [33mclass[39m=[32m"h-6 bg-app-surface-muted rounded w-1/3 mb-4"[39m
        [36m/>[39m
        [36m<div[39m
          [33mclass[39m=[32m"space-y-3"[39m
        [36m>[39m
          [36m<div[39m
            [33mclass[39m=[32m"h-4 bg-app-surface-muted rounded"[39m
          [36m/>[39m
          [36m<div[39m
            [33mclass[39m=[32m"h-4 bg-app-surface-muted rounded"[39m
          [36m/>[39m
          [36m<div[39m
            [33mclass[39m=[32m"h-4 bg-app-surface-muted rounded"[39m
          [36m/>[39m
        [36m</div>[39m
      [36m</div>[39m
    [36m</div>[39m
  [36m</div>[39m
[36m</body>[39m
 ❯ Object.getElementError node_modules/@testing-library/dom/dist/config.js:37:19
 ❯ node_modules/@testing-library/dom/dist/query-helpers.js:76:38
 ❯ node_modules/@testing-library/dom/dist/query-helpers.js:52:17
 ❯ node_modules/@testing-library/dom/dist/query-helpers.js:95:19
 ❯ src/components/__tests__/VolunteerWidget.test.tsx:190:19
    188|   it('should render Add Volunteer button', () => {
    189|     renderWidget(<VolunteerWidget />);
    190|     expect(screen.getByText('Add Volunteer')).toBeInTheDocument();
       |                   ^
    191|   });
    192|

⎯⎯⎯⎯⎯⎯⎯⎯⎯⎯⎯⎯⎯⎯⎯⎯⎯⎯⎯⎯⎯⎯[17/86]⎯

 FAIL  src/components/__tests__/VolunteerWidget.test.tsx > VolunteerWidget > should render Manage Assignments button
TestingLibraryElementError: Unable to find an element with the text: Manage Assignments. This could be because the text is broken up by multiple elements. In this case, you can provide a function for your text matcher to make your matcher more flexible.

Ignored nodes: comments, script, style
[36m<body[39m
  [33mclass[39m=[32m"theme-transitioning"[39m
[36m>[39m
  [36m<div>[39m
    [36m<div[39m
      [33mclass[39m=[32m"rounded-2xl border border-app-border bg-app-surface p-6 shadow-sm"[39m
    [36m>[39m
      [36m<div[39m
        [33mclass[39m=[32m"animate-pulse"[39m
      [36m>[39m
        [36m<div[39m
          [33mclass[39m=[32m"h-6 bg-app-surface-muted rounded w-1/3 mb-4"[39m
        [36m/>[39m
        [36m<div[39m
          [33mclass[39m=[32m"space-y-3"[39m
        [36m>[39m
          [36m<div[39m
            [33mclass[39m=[32m"h-4 bg-app-surface-muted rounded"[39m
          [36m/>[39m
          [36m<div[39m
            [33mclass[39m=[32m"h-4 bg-app-surface-muted rounded"[39m
          [36m/>[39m
          [36m<div[39m
            [33mclass[39m=[32m"h-4 bg-app-surface-muted rounded"[39m
          [36m/>[39m
        [36m</div>[39m
      [36m</div>[39m
    [36m</div>[39m
  [36m</div>[39m
[36m</body>[39m
 ❯ Object.getElementError node_modules/@testing-library/dom/dist/config.js:37:19
 ❯ node_modules/@testing-library/dom/dist/query-helpers.js:76:38
 ❯ node_modules/@testing-library/dom/dist/query-helpers.js:52:17
 ❯ node_modules/@testing-library/dom/dist/query-helpers.js:95:19
 ❯ src/components/__tests__/VolunteerWidget.test.tsx:195:19
    193|   it('should render Manage Assignments button', () => {
    194|     renderWidget(<VolunteerWidget />);
    195|     expect(screen.getByText('Manage Assignments')).toBeInTheDocument();
       |                   ^
    196|   });
    197|

⎯⎯⎯⎯⎯⎯⎯⎯⎯⎯⎯⎯⎯⎯⎯⎯⎯⎯⎯⎯⎯⎯[18/86]⎯

 FAIL  src/components/__tests__/VolunteerWidget.test.tsx > VolunteerWidget > should navigate to volunteer creation when Add Volunteer is clicked
TestingLibraryElementError: Unable to find an element with the text: Add Volunteer. This could be because the text is broken up by multiple elements. In this case, you can provide a function for your text matcher to make your matcher more flexible.

Ignored nodes: comments, script, style
[36m<body[39m
  [33mclass[39m=[32m"theme-transitioning"[39m
[36m>[39m
  [36m<div>[39m
    [36m<div[39m
      [33mclass[39m=[32m"rounded-2xl border border-app-border bg-app-surface p-6 shadow-sm"[39m
    [36m>[39m
      [36m<div[39m
        [33mclass[39m=[32m"animate-pulse"[39m
      [36m>[39m
        [36m<div[39m
          [33mclass[39m=[32m"h-6 bg-app-surface-muted rounded w-1/3 mb-4"[39m
        [36m/>[39m
        [36m<div[39m
          [33mclass[39m=[32m"space-y-3"[39m
        [36m>[39m
          [36m<div[39m
            [33mclass[39m=[32m"h-4 bg-app-surface-muted rounded"[39m
          [36m/>[39m
          [36m<div[39m
            [33mclass[39m=[32m"h-4 bg-app-surface-muted rounded"[39m
          [36m/>[39m
          [36m<div[39m
            [33mclass[39m=[32m"h-4 bg-app-surface-muted rounded"[39m
          [36m/>[39m
        [36m</div>[39m
      [36m</div>[39m
    [36m</div>[39m
  [36m</div>[39m
[36m</body>[39m
 ❯ Object.getElementError node_modules/@testing-library/dom/dist/config.js:37:19
 ❯ node_modules/@testing-library/dom/dist/query-helpers.js:76:38
 ❯ node_modules/@testing-library/dom/dist/query-helpers.js:52:17
 ❯ node_modules/@testing-library/dom/dist/query-helpers.js:95:19
 ❯ src/components/__tests__/VolunteerWidget.test.tsx:201:30
    199|     renderWidget(<VolunteerWidget />);
    200|
    201|     const addButton = screen.getByText('Add Volunteer');
       |                              ^
    202|     expect(addButton.closest('a')).toHaveAttribute('href', '/volunteer…
    203|   });

⎯⎯⎯⎯⎯⎯⎯⎯⎯⎯⎯⎯⎯⎯⎯⎯⎯⎯⎯⎯⎯⎯[19/86]⎯

 FAIL  src/components/__tests__/VolunteerWidget.test.tsx > VolunteerWidget > should navigate to volunteers workspace when Manage Assignments is clicked
TestingLibraryElementError: Unable to find an element with the text: Manage Assignments. This could be because the text is broken up by multiple elements. In this case, you can provide a function for your text matcher to make your matcher more flexible.

Ignored nodes: comments, script, style
[36m<body[39m
  [33mclass[39m=[32m"theme-transitioning"[39m
[36m>[39m
  [36m<div>[39m
    [36m<div[39m
      [33mclass[39m=[32m"rounded-2xl border border-app-border bg-app-surface p-6 shadow-sm"[39m
    [36m>[39m
      [36m<div[39m
        [33mclass[39m=[32m"animate-pulse"[39m
      [36m>[39m
        [36m<div[39m
          [33mclass[39m=[32m"h-6 bg-app-surface-muted rounded w-1/3 mb-4"[39m
        [36m/>[39m
        [36m<div[39m
          [33mclass[39m=[32m"space-y-3"[39m
        [36m>[39m
          [36m<div[39m
            [33mclass[39m=[32m"h-4 bg-app-surface-muted rounded"[39m
          [36m/>[39m
          [36m<div[39m
            [33mclass[39m=[32m"h-4 bg-app-surface-muted rounded"[39m
          [36m/>[39m
          [36m<div[39m
            [33mclass[39m=[32m"h-4 bg-app-surface-muted rounded"[39m
          [36m/>[39m
        [36m</div>[39m
      [36m</div>[39m
    [36m</div>[39m
  [36m</div>[39m
[36m</body>[39m
 ❯ Object.getElementError node_modules/@testing-library/dom/dist/config.js:37:19
 ❯ node_modules/@testing-library/dom/dist/query-helpers.js:76:38
 ❯ node_modules/@testing-library/dom/dist/query-helpers.js:52:17
 ❯ node_modules/@testing-library/dom/dist/query-helpers.js:95:19
 ❯ src/components/__tests__/VolunteerWidget.test.tsx:208:33
    206|     renderWidget(<VolunteerWidget />);
    207|
    208|     const assignButton = screen.getByText('Manage Assignments');
       |                                 ^
    209|     expect(assignButton.closest('a')).toHaveAttribute('href', '/volunt…
    210|   });

⎯⎯⎯⎯⎯⎯⎯⎯⎯⎯⎯⎯⎯⎯⎯⎯⎯⎯⎯⎯⎯⎯[20/86]⎯

 FAIL  src/components/__tests__/VolunteerWidget.test.tsx > VolunteerWidget > should display Availability Breakdown heading
TestingLibraryElementError: Unable to find an element with the text: Availability Breakdown. This could be because the text is broken up by multiple elements. In this case, you can provide a function for your text matcher to make your matcher more flexible.

Ignored nodes: comments, script, style
[36m<body[39m
  [33mclass[39m=[32m"theme-transitioning"[39m
[36m>[39m
  [36m<div>[39m
    [36m<div[39m
      [33mclass[39m=[32m"rounded-2xl border border-app-border bg-app-surface p-6 shadow-sm"[39m
    [36m>[39m
      [36m<div[39m
        [33mclass[39m=[32m"animate-pulse"[39m
      [36m>[39m
        [36m<div[39m
          [33mclass[39m=[32m"h-6 bg-app-surface-muted rounded w-1/3 mb-4"[39m
        [36m/>[39m
        [36m<div[39m
          [33mclass[39m=[32m"space-y-3"[39m
        [36m>[39m
          [36m<div[39m
            [33mclass[39m=[32m"h-4 bg-app-surface-muted rounded"[39m
          [36m/>[39m
          [36m<div[39m
            [33mclass[39m=[32m"h-4 bg-app-surface-muted rounded"[39m
          [36m/>[39m
          [36m<div[39m
            [33mclass[39m=[32m"h-4 bg-app-surface-muted rounded"[39m
          [36m/>[39m
        [36m</div>[39m
      [36m</div>[39m
    [36m</div>[39m
  [36m</div>[39m
[36m</body>[39m
 ❯ Object.getElementError node_modules/@testing-library/dom/dist/config.js:37:19
 ❯ node_modules/@testing-library/dom/dist/query-helpers.js:76:38
 ❯ node_modules/@testing-library/dom/dist/query-helpers.js:52:17
 ❯ node_modules/@testing-library/dom/dist/query-helpers.js:95:19
 ❯ src/components/__tests__/VolunteerWidget.test.tsx:214:19
    212|   it('should display Availability Breakdown heading', () => {
    213|     renderWidget(<VolunteerWidget />);
    214|     expect(screen.getByText('Availability Breakdown')).toBeInTheDocume…
       |                   ^
    215|   });
    216|

⎯⎯⎯⎯⎯⎯⎯⎯⎯⎯⎯⎯⎯⎯⎯⎯⎯⎯⎯⎯⎯⎯[21/86]⎯

 FAIL  src/components/__tests__/VolunteerWidget.test.tsx > VolunteerWidget > should show percentage breakdowns in availability section
TestingLibraryElementError: Unable to find an element with the text: 33% available. This could be because the text is broken up by multiple elements. In this case, you can provide a function for your text matcher to make your matcher more flexible.

Ignored nodes: comments, script, style
[36m<body[39m
  [33mclass[39m=[32m"theme-transitioning"[39m
[36m>[39m
  [36m<div>[39m
    [36m<div[39m
      [33mclass[39m=[32m"rounded-2xl border border-app-border bg-app-surface p-6 shadow-sm"[39m
    [36m>[39m
      [36m<div[39m
        [33mclass[39m=[32m"animate-pulse"[39m
      [36m>[39m
        [36m<div[39m
          [33mclass[39m=[32m"h-6 bg-app-surface-muted rounded w-1/3 mb-4"[39m
        [36m/>[39m
        [36m<div[39m
          [33mclass[39m=[32m"space-y-3"[39m
        [36m>[39m
          [36m<div[39m
            [33mclass[39m=[32m"h-4 bg-app-surface-muted rounded"[39m
          [36m/>[39m
          [36m<div[39m
            [33mclass[39m=[32m"h-4 bg-app-surface-muted rounded"[39m
          [36m/>[39m
          [36m<div[39m
            [33mclass[39m=[32m"h-4 bg-app-surface-muted rounded"[39m
          [36m/>[39m
        [36m</div>[39m
      [36m</div>[39m
    [36m</div>[39m
  [36m</div>[39m
[36m</body>[39m
 ❯ Object.getElementError node_modules/@testing-library/dom/dist/config.js:37:19
 ❯ node_modules/@testing-library/dom/dist/query-helpers.js:76:38
 ❯ node_modules/@testing-library/dom/dist/query-helpers.js:52:17
 ❯ node_modules/@testing-library/dom/dist/query-helpers.js:95:19
 ❯ src/components/__tests__/VolunteerWidget.test.tsx:220:19
    218|     renderWidget(<VolunteerWidget />);
    219|
    220|     expect(screen.getByText('33% available')).toBeInTheDocument();
       |                   ^
    221|     expect(screen.getByText('33% limited')).toBeInTheDocument();
    222|     expect(screen.getByText('33% unavailable')).toBeInTheDocument();

⎯⎯⎯⎯⎯⎯⎯⎯⎯⎯⎯⎯⎯⎯⎯⎯⎯⎯⎯⎯⎯⎯[22/86]⎯

 FAIL  src/components/__tests__/VolunteerWidget.test.tsx > VolunteerWidget > should display Top Volunteers section in detailed view
TestingLibraryElementError: Unable to find an element with the text: Top Volunteers. This could be because the text is broken up by multiple elements. In this case, you can provide a function for your text matcher to make your matcher more flexible.

Ignored nodes: comments, script, style
[36m<body[39m
  [33mclass[39m=[32m"theme-transitioning"[39m
[36m>[39m
  [36m<div>[39m
    [36m<div[39m
      [33mclass[39m=[32m"rounded-2xl border border-app-border bg-app-surface p-6 shadow-sm"[39m
    [36m>[39m
      [36m<div[39m
        [33mclass[39m=[32m"animate-pulse"[39m
      [36m>[39m
        [36m<div[39m
          [33mclass[39m=[32m"h-6 bg-app-surface-muted rounded w-1/3 mb-4"[39m
        [36m/>[39m
        [36m<div[39m
          [33mclass[39m=[32m"space-y-3"[39m
        [36m>[39m
          [36m<div[39m
            [33mclass[39m=[32m"h-4 bg-app-surface-muted rounded"[39m
          [36m/>[39m
          [36m<div[39m
            [33mclass[39m=[32m"h-4 bg-app-surface-muted rounded"[39m
          [36m/>[39m
          [36m<div[39m
            [33mclass[39m=[32m"h-4 bg-app-surface-muted rounded"[39m
          [36m/>[39m
        [36m</div>[39m
      [36m</div>[39m
    [36m</div>[39m
  [36m</div>[39m
[36m</body>[39m
 ❯ Object.getElementError node_modules/@testing-library/dom/dist/config.js:37:19
 ❯ node_modules/@testing-library/dom/dist/query-helpers.js:76:38
 ❯ node_modules/@testing-library/dom/dist/query-helpers.js:52:17
 ❯ node_modules/@testing-library/dom/dist/query-helpers.js:95:19
 ❯ src/components/__tests__/VolunteerWidget.test.tsx:239:19
    237|   it('should display Top Volunteers section in detailed view', () => {
    238|     renderWidget(<VolunteerWidget showDetailedView={true} />);
    239|     expect(screen.getByText('Top Volunteers')).toBeInTheDocument();
       |                   ^
    240|   });
    241|

⎯⎯⎯⎯⎯⎯⎯⎯⎯⎯⎯⎯⎯⎯⎯⎯⎯⎯⎯⎯⎯⎯[23/86]⎯

 FAIL  src/components/__tests__/VolunteerWidget.test.tsx > VolunteerWidget > should list top volunteers by hours in detailed view
TestingLibraryElementError: Unable to find an element with the text: John Doe. This could be because the text is broken up by multiple elements. In this case, you can provide a function for your text matcher to make your matcher more flexible.

Ignored nodes: comments, script, style
[36m<body[39m
  [33mclass[39m=[32m"theme-transitioning"[39m
[36m>[39m
  [36m<div>[39m
    [36m<div[39m
      [33mclass[39m=[32m"rounded-2xl border border-app-border bg-app-surface p-6 shadow-sm"[39m
    [36m>[39m
      [36m<div[39m
        [33mclass[39m=[32m"animate-pulse"[39m
      [36m>[39m
        [36m<div[39m
          [33mclass[39m=[32m"h-6 bg-app-surface-muted rounded w-1/3 mb-4"[39m
        [36m/>[39m
        [36m<div[39m
          [33mclass[39m=[32m"space-y-3"[39m
        [36m>[39m
          [36m<div[39m
            [33mclass[39m=[32m"h-4 bg-app-surface-muted rounded"[39m
          [36m/>[39m
          [36m<div[39m
            [33mclass[39m=[32m"h-4 bg-app-surface-muted rounded"[39m
          [36m/>[39m
          [36m<div[39m
            [33mclass[39m=[32m"h-4 bg-app-surface-muted rounded"[39m
          [36m/>[39m
        [36m</div>[39m
      [36m</div>[39m
    [36m</div>[39m
  [36m</div>[39m
[36m</body>[39m
 ❯ Object.getElementError node_modules/@testing-library/dom/dist/config.js:37:19
 ❯ node_modules/@testing-library/dom/dist/query-helpers.js:76:38
 ❯ node_modules/@testing-library/dom/dist/query-helpers.js:52:17
 ❯ node_modules/@testing-library/dom/dist/query-helpers.js:95:19
 ❯ src/components/__tests__/VolunteerWidget.test.tsx:245:19
    243|     renderWidget(<VolunteerWidget showDetailedView={true} />);
    244|
    245|     expect(screen.getByText('John Doe')).toBeInTheDocument();
       |                   ^
    246|     expect(screen.getByText('120.0h')).toBeInTheDocument();
    247|

⎯⎯⎯⎯⎯⎯⎯⎯⎯⎯⎯⎯⎯⎯⎯⎯⎯⎯⎯⎯⎯⎯[24/86]⎯

 FAIL  src/components/__tests__/VolunteerWidget.test.tsx > VolunteerWidget > should display volunteer skills in detailed view
TestingLibraryElementError: Unable to find an element with the text: Event Planning, Fundraising. This could be because the text is broken up by multiple elements. In this case, you can provide a function for your text matcher to make your matcher more flexible.

Ignored nodes: comments, script, style
[36m<body[39m
  [33mclass[39m=[32m"theme-transitioning"[39m
[36m>[39m
  [36m<div>[39m
    [36m<div[39m
      [33mclass[39m=[32m"rounded-2xl border border-app-border bg-app-surface p-6 shadow-sm"[39m
    [36m>[39m
      [36m<div[39m
        [33mclass[39m=[32m"animate-pulse"[39m
      [36m>[39m
        [36m<div[39m
          [33mclass[39m=[32m"h-6 bg-app-surface-muted rounded w-1/3 mb-4"[39m
        [36m/>[39m
        [36m<div[39m
          [33mclass[39m=[32m"space-y-3"[39m
        [36m>[39m
          [36m<div[39m
            [33mclass[39m=[32m"h-4 bg-app-surface-muted rounded"[39m
          [36m/>[39m
          [36m<div[39m
            [33mclass[39m=[32m"h-4 bg-app-surface-muted rounded"[39m
          [36m/>[39m
          [36m<div[39m
            [33mclass[39m=[32m"h-4 bg-app-surface-muted rounded"[39m
          [36m/>[39m
        [36m</div>[39m
      [36m</div>[39m
    [36m</div>[39m
  [36m</div>[39m
[36m</body>[39m
 ❯ Object.getElementError node_modules/@testing-library/dom/dist/config.js:37:19
 ❯ node_modules/@testing-library/dom/dist/query-helpers.js:76:38
 ❯ node_modules/@testing-library/dom/dist/query-helpers.js:52:17
 ❯ node_modules/@testing-library/dom/dist/query-helpers.js:95:19
 ❯ src/components/__tests__/VolunteerWidget.test.tsx:258:19
    256|     renderWidget(<VolunteerWidget showDetailedView={true} />);
    257|
    258|     expect(screen.getByText('Event Planning, Fundraising')).toBeInTheD…
       |                   ^
    259|     expect(screen.getByText('Teaching, Mentoring')).toBeInTheDocument(…
    260|   });

⎯⎯⎯⎯⎯⎯⎯⎯⎯⎯⎯⎯⎯⎯⎯⎯⎯⎯⎯⎯⎯⎯[25/86]⎯

 FAIL  src/components/__tests__/VolunteerWidget.test.tsx > VolunteerWidget > should show "No skills listed" when volunteer has no skills
TestingLibraryElementError: Unable to find an element with the text: No skills listed. This could be because the text is broken up by multiple elements. In this case, you can provide a function for your text matcher to make your matcher more flexible.

Ignored nodes: comments, script, style
[36m<body[39m
  [33mclass[39m=[32m"theme-transitioning"[39m
[36m>[39m
  [36m<div>[39m
    [36m<div[39m
      [33mclass[39m=[32m"rounded-2xl border border-app-border bg-app-surface p-6 shadow-sm"[39m
    [36m>[39m
      [36m<div[39m
        [33mclass[39m=[32m"animate-pulse"[39m
      [36m>[39m
        [36m<div[39m
          [33mclass[39m=[32m"h-6 bg-app-surface-muted rounded w-1/3 mb-4"[39m
        [36m/>[39m
        [36m<div[39m
          [33mclass[39m=[32m"space-y-3"[39m
        [36m>[39m
          [36m<div[39m
            [33mclass[39m=[32m"h-4 bg-app-surface-muted rounded"[39m
          [36m/>[39m
          [36m<div[39m
            [33mclass[39m=[32m"h-4 bg-app-surface-muted rounded"[39m
          [36m/>[39m
          [36m<div[39m
            [33mclass[39m=[32m"h-4 bg-app-surface-muted rounded"[39m
          [36m/>[39m
        [36m</div>[39m
      [36m</div>[39m
    [36m</div>[39m
  [36m</div>[39m
[36m</body>[39m
 ❯ Object.getElementError node_modules/@testing-library/dom/dist/config.js:37:19
 ❯ node_modules/@testing-library/dom/dist/query-helpers.js:76:38
 ❯ node_modules/@testing-library/dom/dist/query-helpers.js:109:15
 ❯ src/components/__tests__/VolunteerWidget.test.tsx:274:37
    272|     renderWidget(<VolunteerWidget showDetailedView={true} />, stateWit…
    273|
    274|     const noSkillsElements = screen.getAllByText('No skills listed');
       |                                     ^
    275|     expect(noSkillsElements.length).toBeGreaterThan(0);
    276|   });

⎯⎯⎯⎯⎯⎯⎯⎯⎯⎯⎯⎯⎯⎯⎯⎯⎯⎯⎯⎯⎯⎯[26/86]⎯

 FAIL  src/components/__tests__/VolunteerWidget.test.tsx > VolunteerWidget > should navigate to volunteer detail when clicking on a volunteer card
TestingLibraryElementError: Unable to find an element with the text: John Doe. This could be because the text is broken up by multiple elements. In this case, you can provide a function for your text matcher to make your matcher more flexible.

Ignored nodes: comments, script, style
[36m<body[39m
  [33mclass[39m=[32m"theme-transitioning"[39m
[36m>[39m
  [36m<div>[39m
    [36m<div[39m
      [33mclass[39m=[32m"rounded-2xl border border-app-border bg-app-surface p-6 shadow-sm"[39m
    [36m>[39m
      [36m<div[39m
        [33mclass[39m=[32m"animate-pulse"[39m
      [36m>[39m
        [36m<div[39m
          [33mclass[39m=[32m"h-6 bg-app-surface-muted rounded w-1/3 mb-4"[39m
        [36m/>[39m
        [36m<div[39m
          [33mclass[39m=[32m"space-y-3"[39m
        [36m>[39m
          [36m<div[39m
            [33mclass[39m=[32m"h-4 bg-app-surface-muted rounded"[39m
          [36m/>[39m
          [36m<div[39m
            [33mclass[39m=[32m"h-4 bg-app-surface-muted rounded"[39m
          [36m/>[39m
          [36m<div[39m
            [33mclass[39m=[32m"h-4 bg-app-surface-muted rounded"[39m
          [36m/>[39m
        [36m</div>[39m
      [36m</div>[39m
    [36m</div>[39m
  [36m</div>[39m
[36m</body>[39m
 ❯ Object.getElementError node_modules/@testing-library/dom/dist/config.js:37:19
 ❯ node_modules/@testing-library/dom/dist/query-helpers.js:76:38
 ❯ node_modules/@testing-library/dom/dist/query-helpers.js:52:17
 ❯ node_modules/@testing-library/dom/dist/query-helpers.js:95:19
 ❯ src/components/__tests__/VolunteerWidget.test.tsx:281:32
    279|     renderWidget(<VolunteerWidget showDetailedView={true} />);
    280|
    281|     const johnDoeCard = screen.getByText('John Doe').closest('a');
       |                                ^
    282|     if (johnDoeCard) {
    283|       expect(johnDoeCard).toHaveAttribute('href', '/volunteers/vol-1');

⎯⎯⎯⎯⎯⎯⎯⎯⎯⎯⎯⎯⎯⎯⎯⎯⎯⎯⎯⎯⎯⎯[27/86]⎯

 FAIL  src/components/__tests__/VolunteerWidget.test.tsx > VolunteerWidget > should display availability status badges with correct colors
TestingLibraryElementError: Unable to find an element with the text: available. This could be because the text is broken up by multiple elements. In this case, you can provide a function for your text matcher to make your matcher more flexible.

Ignored nodes: comments, script, style
[36m<body[39m
  [33mclass[39m=[32m"theme-transitioning"[39m
[36m>[39m
  [36m<div>[39m
    [36m<div[39m
      [33mclass[39m=[32m"rounded-2xl border border-app-border bg-app-surface p-6 shadow-sm"[39m
    [36m>[39m
      [36m<div[39m
        [33mclass[39m=[32m"animate-pulse"[39m
      [36m>[39m
        [36m<div[39m
          [33mclass[39m=[32m"h-6 bg-app-surface-muted rounded w-1/3 mb-4"[39m
        [36m/>[39m
        [36m<div[39m
          [33mclass[39m=[32m"space-y-3"[39m
        [36m>[39m
          [36m<div[39m
            [33mclass[39m=[32m"h-4 bg-app-surface-muted rounded"[39m
          [36m/>[39m
          [36m<div[39m
            [33mclass[39m=[32m"h-4 bg-app-surface-muted rounded"[39m
          [36m/>[39m
          [36m<div[39m
            [33mclass[39m=[32m"h-4 bg-app-surface-muted rounded"[39m
          [36m/>[39m
        [36m</div>[39m
      [36m</div>[39m
    [36m</div>[39m
  [36m</div>[39m
[36m</body>[39m
 ❯ Object.getElementError node_modules/@testing-library/dom/dist/config.js:37:19
 ❯ node_modules/@testing-library/dom/dist/query-helpers.js:76:38
 ❯ node_modules/@testing-library/dom/dist/query-helpers.js:109:15
 ❯ src/components/__tests__/VolunteerWidget.test.tsx:290:36
    288|     renderWidget(<VolunteerWidget showDetailedView={true} />);
    289|
    290|     const availableBadges = screen.getAllByText('available');
       |                                    ^
    291|     const volunteerBadge = availableBadges.find((badge) => badge.class…
    292|     expect(volunteerBadge).toBeTruthy();

⎯⎯⎯⎯⎯⎯⎯⎯⎯⎯⎯⎯⎯⎯⎯⎯⎯⎯⎯⎯⎯⎯[28/86]⎯

 FAIL  src/components/__tests__/VolunteerWidget.test.tsx > VolunteerWidget > should show ranking numbers for top volunteers
TestingLibraryElementError: Unable to find an element with the text: 1. This could be because the text is broken up by multiple elements. In this case, you can provide a function for your text matcher to make your matcher more flexible.

Ignored nodes: comments, script, style
[36m<body[39m
  [33mclass[39m=[32m"theme-transitioning"[39m
[36m>[39m
  [36m<div>[39m
    [36m<div[39m
      [33mclass[39m=[32m"rounded-2xl border border-app-border bg-app-surface p-6 shadow-sm"[39m
    [36m>[39m
      [36m<div[39m
        [33mclass[39m=[32m"animate-pulse"[39m
      [36m>[39m
        [36m<div[39m
          [33mclass[39m=[32m"h-6 bg-app-surface-muted rounded w-1/3 mb-4"[39m
        [36m/>[39m
        [36m<div[39m
          [33mclass[39m=[32m"space-y-3"[39m
        [36m>[39m
          [36m<div[39m
            [33mclass[39m=[32m"h-4 bg-app-surface-muted rounded"[39m
          [36m/>[39m
          [36m<div[39m
            [33mclass[39m=[32m"h-4 bg-app-surface-muted rounded"[39m
          [36m/>[39m
          [36m<div[39m
            [33mclass[39m=[32m"h-4 bg-app-surface-muted rounded"[39m
          [36m/>[39m
        [36m</div>[39m
      [36m</div>[39m
    [36m</div>[39m
  [36m</div>[39m
[36m</body>[39m
 ❯ Object.getElementError node_modules/@testing-library/dom/dist/config.js:37:19
 ❯ node_modules/@testing-library/dom/dist/query-helpers.js:76:38
 ❯ node_modules/@testing-library/dom/dist/query-helpers.js:109:15
 ❯ src/components/__tests__/VolunteerWidget.test.tsx:307:25
    305|     renderWidget(<VolunteerWidget showDetailedView={true} />);
    306|
    307|     const ones = screen.getAllByText('1');
       |                         ^
    308|     const twos = screen.getAllByText('2');
    309|     const threes = screen.getAllByText('3');

⎯⎯⎯⎯⎯⎯⎯⎯⎯⎯⎯⎯⎯⎯⎯⎯⎯⎯⎯⎯⎯⎯[29/86]⎯

 FAIL  src/components/__tests__/VolunteerWidget.test.tsx > VolunteerWidget > should limit top volunteers list to 5
TestingLibraryElementError: Unable to find an element with the text: 5. This could be because the text is broken up by multiple elements. In this case, you can provide a function for your text matcher to make your matcher more flexible.

Ignored nodes: comments, script, style
[36m<body[39m
  [33mclass[39m=[32m"theme-transitioning"[39m
[36m>[39m
  [36m<div>[39m
    [36m<div[39m
      [33mclass[39m=[32m"rounded-2xl border border-app-border bg-app-surface p-6 shadow-sm"[39m
    [36m>[39m
      [36m<div[39m
        [33mclass[39m=[32m"animate-pulse"[39m
      [36m>[39m
        [36m<div[39m
          [33mclass[39m=[32m"h-6 bg-app-surface-muted rounded w-1/3 mb-4"[39m
        [36m/>[39m
        [36m<div[39m
          [33mclass[39m=[32m"space-y-3"[39m
        [36m>[39m
          [36m<div[39m
            [33mclass[39m=[32m"h-4 bg-app-surface-muted rounded"[39m
          [36m/>[39m
          [36m<div[39m
            [33mclass[39m=[32m"h-4 bg-app-surface-muted rounded"[39m
          [36m/>[39m
          [36m<div[39m
            [33mclass[39m=[32m"h-4 bg-app-surface-muted rounded"[39m
          [36m/>[39m
        [36m</div>[39m
      [36m</div>[39m
    [36m</div>[39m
  [36m</div>[39m
[36m</body>[39m
 ❯ Object.getElementError node_modules/@testing-library/dom/dist/config.js:37:19
 ❯ node_modules/@testing-library/dom/dist/query-helpers.js:76:38
 ❯ node_modules/@testing-library/dom/dist/query-helpers.js:52:17
 ❯ node_modules/@testing-library/dom/dist/query-helpers.js:95:19
 ❯ src/components/__tests__/VolunteerWidget.test.tsx:331:19
    329|     renderWidget(<VolunteerWidget showDetailedView={true} />, stateWit…
    330|
    331|     expect(screen.getByText('5')).toBeInTheDocument();
       |                   ^
    332|     expect(screen.queryByText('6')).not.toBeInTheDocument();
    333|   });

⎯⎯⎯⎯⎯⎯⎯⎯⎯⎯⎯⎯⎯⎯⎯⎯⎯⎯⎯⎯⎯⎯[30/86]⎯

 FAIL  src/components/__tests__/VolunteerWidget.test.tsx > VolunteerWidget > should calculate stats from volunteers when stats prop is not provided
TestingLibraryElementError: Unable to find an element with the text: 3. This could be because the text is broken up by multiple elements. In this case, you can provide a function for your text matcher to make your matcher more flexible.

Ignored nodes: comments, script, style
[36m<body[39m
  [33mclass[39m=[32m"theme-transitioning"[39m
[36m>[39m
  [36m<div>[39m
    [36m<div[39m
      [33mclass[39m=[32m"rounded-2xl border border-app-border bg-app-surface p-6 shadow-sm"[39m
    [36m>[39m
      [36m<div[39m
        [33mclass[39m=[32m"animate-pulse"[39m
      [36m>[39m
        [36m<div[39m
          [33mclass[39m=[32m"h-6 bg-app-surface-muted rounded w-1/3 mb-4"[39m
        [36m/>[39m
        [36m<div[39m
          [33mclass[39m=[32m"space-y-3"[39m
        [36m>[39m
          [36m<div[39m
            [33mclass[39m=[32m"h-4 bg-app-surface-muted rounded"[39m
          [36m/>[39m
          [36m<div[39m
            [33mclass[39m=[32m"h-4 bg-app-surface-muted rounded"[39m
          [36m/>[39m
          [36m<div[39m
            [33mclass[39m=[32m"h-4 bg-app-surface-muted rounded"[39m
          [36m/>[39m
        [36m</div>[39m
      [36m</div>[39m
    [36m</div>[39m
  [36m</div>[39m
[36m</body>[39m
 ❯ Object.getElementError node_modules/@testing-library/dom/dist/config.js:37:19
 ❯ node_modules/@testing-library/dom/dist/query-helpers.js:76:38
 ❯ node_modules/@testing-library/dom/dist/query-helpers.js:52:17
 ❯ node_modules/@testing-library/dom/dist/query-helpers.js:95:19
 ❯ src/components/__tests__/VolunteerWidget.test.tsx:360:19
    358|     renderWidget(<VolunteerWidget />);
    359|
    360|     expect(screen.getByText('3')).toBeInTheDocument();
       |                   ^
    361|     expect(screen.getByText('250.0')).toBeInTheDocument();
    362|   });

⎯⎯⎯⎯⎯⎯⎯⎯⎯⎯⎯⎯⎯⎯⎯⎯⎯⎯⎯⎯⎯⎯[31/86]⎯

 FAIL  src/components/__tests__/VolunteerWidget.test.tsx > VolunteerWidget > should display stats grid with correct layout classes
Error: expect(received).toBeInTheDocument()

received value must be an HTMLElement or an SVGElement.
Received has type:  Null
Received has value: null
 ❯ src/components/__tests__/VolunteerWidget.test.tsx:390:23
    388|
    389|     const statsGrid = document.querySelector('.grid.grid-cols-2.md\\:g…
    390|     expect(statsGrid).toBeInTheDocument();
       |                       ^
    391|   });
    392|

⎯⎯⎯⎯⎯⎯⎯⎯⎯⎯⎯⎯⎯⎯⎯⎯⎯⎯⎯⎯⎯⎯[32/86]⎯

 FAIL  src/components/__tests__/VolunteerWidget.test.tsx > VolunteerWidget > should show only up to 2 skills per volunteer in detailed view
TestingLibraryElementError: Unable to find an element with the text: Skill1, Skill2. This could be because the text is broken up by multiple elements. In this case, you can provide a function for your text matcher to make your matcher more flexible.

Ignored nodes: comments, script, style
[36m<body[39m
  [33mclass[39m=[32m"theme-transitioning"[39m
[36m>[39m
  [36m<div>[39m
    [36m<div[39m
      [33mclass[39m=[32m"rounded-2xl border border-app-border bg-app-surface p-6 shadow-sm"[39m
    [36m>[39m
      [36m<div[39m
        [33mclass[39m=[32m"animate-pulse"[39m
      [36m>[39m
        [36m<div[39m
          [33mclass[39m=[32m"h-6 bg-app-surface-muted rounded w-1/3 mb-4"[39m
        [36m/>[39m
        [36m<div[39m
          [33mclass[39m=[32m"space-y-3"[39m
        [36m>[39m
          [36m<div[39m
            [33mclass[39m=[32m"h-4 bg-app-surface-muted rounded"[39m
          [36m/>[39m
          [36m<div[39m
            [33mclass[39m=[32m"h-4 bg-app-surface-muted rounded"[39m
          [36m/>[39m
          [36m<div[39m
            [33mclass[39m=[32m"h-4 bg-app-surface-muted rounded"[39m
          [36m/>[39m
        [36m</div>[39m
      [36m</div>[39m
    [36m</div>[39m
  [36m</div>[39m
[36m</body>[39m
 ❯ Object.getElementError node_modules/@testing-library/dom/dist/config.js:37:19
 ❯ node_modules/@testing-library/dom/dist/query-helpers.js:76:38
 ❯ node_modules/@testing-library/dom/dist/query-helpers.js:52:17
 ❯ node_modules/@testing-library/dom/dist/query-helpers.js:95:19
 ❯ src/components/__tests__/VolunteerWidget.test.tsx:407:19
    405|     renderWidget(<VolunteerWidget showDetailedView={true} />, stateWit…
    406|
    407|     expect(screen.getByText('Skill1, Skill2')).toBeInTheDocument();
       |                   ^
    408|     expect(screen.queryByText(/Skill3/)).not.toBeInTheDocument();
    409|   });

⎯⎯⎯⎯⎯⎯⎯⎯⎯⎯⎯⎯⎯⎯⎯⎯⎯⎯⎯⎯⎯⎯[33/86]⎯

 FAIL  src/store/__tests__/rootReducerShape.test.ts > root store shape > exposes only canonical slice keys
AssertionError: expected [ 'auth', 'accounts', …(19) ] to include 'eventsList'
 ❯ src/store/__tests__/rootReducerShape.test.ts:12:18
     10|     expect(keys).toContain('contacts');
     11|     expect(keys).toContain('volunteers');
     12|     expect(keys).toContain('eventsList');
       |                  ^
     13|     expect(keys).not.toContain('contactsV2');
     14|     expect(keys).not.toContain('volunteersV2');

⎯⎯⎯⎯⎯⎯⎯⎯⎯⎯⎯⎯⎯⎯⎯⎯⎯⎯⎯⎯⎯⎯[34/86]⎯

 FAIL  src/routes/__tests__/adminRedirects.test.tsx > admin route redirects > redirects legacy route /email-marketing to /dashboard
 FAIL  src/routes/__tests__/adminRedirects.test.tsx > admin route redirects > redirects legacy route /settings/organization to /dashboard
 FAIL  src/routes/__tests__/adminRedirects.test.tsx > admin route redirects > redirects legacy route /admin/audit-logs to /dashboard
TestingLibraryElementError: Unable to find role="heading" and name `/dashboard/i`

Ignored nodes: comments, script, style
[36m<body>[39m
  [36m<div>[39m
    [36m<div[39m
      [33mdata-testid[39m=[32m"location"[39m
    [36m>[39m
      [0m/dashboard[0m
    [36m</div>[39m
  [36m</div>[39m
[36m</body>[39m

Ignored nodes: comments, script, style
[36m<body>[39m
  [36m<div>[39m
    [36m<div[39m
      [33mdata-testid[39m=[32m"location"[39m
    [36m>[39m
      [0m/dashboard[0m
    [36m</div>[39m
  [36m</div>[39m
[36m</body>[39m
 ❯ waitForWrapper node_modules/@testing-library/dom/dist/wait-for.js:163:27
 ❯ node_modules/@testing-library/dom/dist/query-helpers.js:86:33
 ❯ src/routes/__tests__/adminRedirects.test.tsx:145:25
    143|   ])('redirects legacy route %s to %s', async (legacyRoute, canonicalR…
    144|     renderAdminRoutes(legacyRoute);
    145|     expect(await screen.findByRole('heading', { name: heading })).toBe…
       |                         ^
    146|     expectCurrentLocation(canonicalRoute);
    147|   });

⎯⎯⎯⎯⎯⎯⎯⎯⎯⎯⎯⎯⎯⎯⎯⎯⎯⎯⎯⎯⎯⎯[35/86]⎯

 FAIL  src/features/messaging/__tests__/drafts.test.ts > usePersistedMessageDraft > clears stored drafts when requested
AssertionError: expected '{}' to be null

- Expected:
null

+ Received:
"{}"

 ❯ src/features/messaging/__tests__/drafts.test.ts:65:66
     63|     expect(readPersistedDraft('case-chat', 'case-1')).toBe('');
     64|     expect(result.current.draft).toBe('');
     65|     expect(window.sessionStorage.getItem('messaging_drafts_v1')).toBeN…
       |                                                                  ^
     66|   });
     67| });

⎯⎯⎯⎯⎯⎯⎯⎯⎯⎯⎯⎯⎯⎯⎯⎯⎯⎯⎯⎯⎯⎯[36/86]⎯

 FAIL  src/components/dashboard/__tests__/CaseSummaryWidget.test.tsx > CaseSummaryWidget > renders title and summary metrics
 FAIL  src/components/dashboard/__tests__/CaseSummaryWidget.test.tsx > CaseSummaryWidget > dispatches the summary thunk on mount
 FAIL  src/components/dashboard/__tests__/CaseSummaryWidget.test.tsx > CaseSummaryWidget > renders links with correct destinations
 FAIL  src/components/dashboard/__tests__/CaseSummaryWidget.test.tsx > CaseSummaryWidget > shows loading while the summary fetch is unresolved
TypeError: Cannot read properties of undefined (reading 'summary')
 ❯ src/components/dashboard/CaseSummaryWidget.tsx:21:62
     19| const CaseSummaryWidget = ({ widget, editMode, onRemove }: CaseSummary…
     20|   const dispatch = useAppDispatch();
     21|   const summary = useAppSelector((state) => state.cases.list.summary);
       |                                                              ^
     22|   const [summaryError, setSummaryError] = useState<string | null>(null…
     23|   const [summaryLoading, setSummaryLoading] = useState(summary === nul…
 ❯ src/components/dashboard/__tests__/CaseSummaryWidget.test.tsx:85:44
 ❯ CaseSummaryWidget src/components/dashboard/CaseSummaryWidget.tsx:21:19
 ❯ Object.react_stack_bottom_frame ../node_modules/react-dom/cjs/react-dom-client.development.js:25904:20
 ❯ renderWithHooks ../node_modules/react-dom/cjs/react-dom-client.development.js:7662:22
 ❯ updateFunctionComponent ../node_modules/react-dom/cjs/react-dom-client.development.js:10166:19
 ❯ beginWork ../node_modules/react-dom/cjs/react-dom-client.development.js:11778:18
 ❯ runWithFiberInDEV ../node_modules/react-dom/cjs/react-dom-client.development.js:874:13
 ❯ performUnitOfWork ../node_modules/react-dom/cjs/react-dom-client.development.js:17641:22

⎯⎯⎯⎯⎯⎯⎯⎯⎯⎯⎯⎯⎯⎯⎯⎯⎯⎯⎯⎯⎯⎯[37/86]⎯

 FAIL  src/features/accounts/pages/__tests__/AccountListPage.test.tsx > AccountList page > renders and wires backend import/export request props
 FAIL  src/features/accounts/pages/__tests__/AccountListPage.test.tsx > AccountList page > sanitizes invalid URL filters before dispatching the initial load
 FAIL  src/features/accounts/pages/__tests__/AccountListPage.test.tsx > AccountList page > debounces free-text search before dispatching another fetch
TypeError: Cannot destructure property 'accounts' of 'useAppSelector(...)' as it is undefined.
 ❯ AccountList src/features/accounts/pages/AccountListPage.tsx:46:11
     44|   const navigate = useNavigate();
     45|   const [searchParams, setSearchParams] = useSearchParams();
     46|   const { accounts, loading, error, pagination, filters } = useAppSele…
       |           ^
     47|     (state) => state.accounts.list
     48|   );
 ❯ Object.react_stack_bottom_frame ../node_modules/react-dom/cjs/react-dom-client.development.js:25904:20
 ❯ renderWithHooks ../node_modules/react-dom/cjs/react-dom-client.development.js:7662:22
 ❯ updateFunctionComponent ../node_modules/react-dom/cjs/react-dom-client.development.js:10166:19
 ❯ beginWork ../node_modules/react-dom/cjs/react-dom-client.development.js:11778:18
 ❯ runWithFiberInDEV ../node_modules/react-dom/cjs/react-dom-client.development.js:874:13
 ❯ performUnitOfWork ../node_modules/react-dom/cjs/react-dom-client.development.js:17641:22
 ❯ workLoopSync ../node_modules/react-dom/cjs/react-dom-client.development.js:17469:41
 ❯ renderRootSync ../node_modules/react-dom/cjs/react-dom-client.development.js:17450:11
 ❯ performWorkOnRoot ../node_modules/react-dom/cjs/react-dom-client.development.js:16583:35

⎯⎯⎯⎯⎯⎯⎯⎯⎯⎯⎯⎯⎯⎯⎯⎯⎯⎯⎯⎯⎯⎯[38/86]⎯

 FAIL  src/features/cases/pages/__tests__/CaseDetailTabs.test.tsx > Case detail tabs URL sync > hydrates selected tab from query string
 FAIL  src/features/cases/pages/__tests__/CaseDetailTabs.test.tsx > Case detail tabs URL sync > updates query string when switching tabs
 FAIL  src/features/cases/pages/__tests__/CaseDetailTabs.test.tsx > Case detail tabs URL sync > renders a local invalid-link state and skips case fetches for non-UUID params
 FAIL  src/features/cases/pages/__tests__/CaseDetailTabs.test.tsx > Case detail tabs URL sync > renders provenance details even when the imported source data is partial
TypeError: Cannot destructure property 'currentCase' of 'useAppSelector(...)' as it is undefined.
 ❯ CaseDetail src/features/cases/pages/CaseDetailPage.tsx:96:11
     94|   const dispatch = useAppDispatch();
     95|   const { showSuccess, showError } = useToast();
     96|   const { currentCase, caseStatuses, loading, error } = useAppSelector…
       |           ^
     97|   const { milestones: caseMilestones } = useAppSelector((state) => sta…
     98|   const { outcomeDefinitions: caseOutcomeDefinitions } = useAppSelecto…
 ❯ Object.react_stack_bottom_frame ../node_modules/react-dom/cjs/react-dom-client.development.js:25904:20
 ❯ renderWithHooks ../node_modules/react-dom/cjs/react-dom-client.development.js:7662:22
 ❯ updateFunctionComponent ../node_modules/react-dom/cjs/react-dom-client.development.js:10166:19
 ❯ beginWork ../node_modules/react-dom/cjs/react-dom-client.development.js:11778:18
 ❯ runWithFiberInDEV ../node_modules/react-dom/cjs/react-dom-client.development.js:874:13
 ❯ performUnitOfWork ../node_modules/react-dom/cjs/react-dom-client.development.js:17641:22
 ❯ workLoopSync ../node_modules/react-dom/cjs/react-dom-client.development.js:17469:41
 ❯ renderRootSync ../node_modules/react-dom/cjs/react-dom-client.development.js:17450:11
 ❯ performWorkOnRoot ../node_modules/react-dom/cjs/react-dom-client.development.js:16583:35

⎯⎯⎯⎯⎯⎯⎯⎯⎯⎯⎯⎯⎯⎯⎯⎯⎯⎯⎯⎯⎯⎯[39/86]⎯

 FAIL  src/features/cases/pages/__tests__/CaseListPage.test.tsx > Case list page > navigates to a case detail route using the canonical case UUID
 FAIL  src/features/cases/pages/__tests__/CaseListPage.test.tsx > Case list page > shows provenance badges and syncs the imported-only filter
TypeError: Cannot destructure property 'cases' of 'useAppSelector(...)' as it is undefined.
 ❯ CaseList src/features/cases/pages/CaseListPage.tsx:56:11
     54|   const dispatch = useAppDispatch();
     55|   const { showSuccess, showError } = useToast();
     56|   const { cases, total, loading, error, filters, selectedCaseIds, summ…
       |           ^
     57|     (state) => state.cases.list
     58|   );
 ❯ Object.react_stack_bottom_frame ../node_modules/react-dom/cjs/react-dom-client.development.js:25904:20
 ❯ renderWithHooks ../node_modules/react-dom/cjs/react-dom-client.development.js:7662:22
 ❯ updateFunctionComponent ../node_modules/react-dom/cjs/react-dom-client.development.js:10166:19
 ❯ beginWork ../node_modules/react-dom/cjs/react-dom-client.development.js:11778:18
 ❯ runWithFiberInDEV ../node_modules/react-dom/cjs/react-dom-client.development.js:874:13
 ❯ performUnitOfWork ../node_modules/react-dom/cjs/react-dom-client.development.js:17641:22
 ❯ workLoopSync ../node_modules/react-dom/cjs/react-dom-client.development.js:17469:41
 ❯ renderRootSync ../node_modules/react-dom/cjs/react-dom-client.development.js:17450:11
 ❯ performWorkOnRoot ../node_modules/react-dom/cjs/react-dom-client.development.js:16583:35

⎯⎯⎯⎯⎯⎯⎯⎯⎯⎯⎯⎯⎯⎯⎯⎯⎯⎯⎯⎯⎯⎯[40/86]⎯

 FAIL  src/features/contacts/pages/__tests__/ContactDetailPage.test.tsx > Contact detail route validation > renders a local invalid-link state and skips fetches for non-UUID params
 FAIL  src/features/contacts/pages/__tests__/ContactDetailPage.test.tsx > Contact detail route validation > renders the communications tab on valid contact routes
 FAIL  src/features/contacts/pages/__tests__/ContactDetailPage.test.tsx > Contact detail route validation > opens the merge dialog from the contact header
 FAIL  src/features/contacts/pages/__tests__/ContactDetailPage.test.tsx > Contact detail route validation > opens the print export in a new tab from the contact header
TypeError: Cannot destructure property 'currentContact' of 'useAppSelector(...)' as it is undefined.
 ❯ ContactDetail src/features/contacts/pages/ContactDetailPage.tsx:44:11
     42|   const navigate = useNavigate();
     43|   const dispatch = useAppDispatch();
     44|   const { currentContact, loading, error } = useAppSelector((state) =>…
       |           ^
     45|   const { contactNotes } = useAppSelector((state) => state.contacts.no…
     46|   const [activeTab, setActiveTab] = useState<TabType>('overview');
 ❯ Object.react_stack_bottom_frame ../node_modules/react-dom/cjs/react-dom-client.development.js:25904:20
 ❯ renderWithHooks ../node_modules/react-dom/cjs/react-dom-client.development.js:7662:22
 ❯ updateFunctionComponent ../node_modules/react-dom/cjs/react-dom-client.development.js:10166:19
 ❯ beginWork ../node_modules/react-dom/cjs/react-dom-client.development.js:11778:18
 ❯ runWithFiberInDEV ../node_modules/react-dom/cjs/react-dom-client.development.js:874:13
 ❯ performUnitOfWork ../node_modules/react-dom/cjs/react-dom-client.development.js:17641:22
 ❯ workLoopSync ../node_modules/react-dom/cjs/react-dom-client.development.js:17469:41
 ❯ renderRootSync ../node_modules/react-dom/cjs/react-dom-client.development.js:17450:11
 ❯ performWorkOnRoot ../node_modules/react-dom/cjs/react-dom-client.development.js:16583:35

⎯⎯⎯⎯⎯⎯⎯⎯⎯⎯⎯⎯⎯⎯⎯⎯⎯⎯⎯⎯⎯⎯[41/86]⎯

 FAIL  src/features/contacts/pages/__tests__/ContactListPage.test.tsx > ContactList page > sanitizes invalid URL filters before dispatching the initial load
 FAIL  src/features/contacts/pages/__tests__/ContactListPage.test.tsx > ContactList page > debounces free-text search before dispatching another fetch
 FAIL  src/features/contacts/pages/__tests__/ContactListPage.test.tsx > ContactList page > resets pagination to the first page when a filter changes
 FAIL  src/features/contacts/pages/__tests__/ContactListPage.test.tsx > ContactList page > navigates to a contact detail route using the canonical contact UUID
TypeError: Cannot destructure property 'contacts' of 'useAppSelector(...)' as it is undefined.
 ❯ ContactList src/features/contacts/pages/ContactListPage.tsx:57:11
     55|   const navigate = useNavigate();
     56|   const [searchParams, setSearchParams] = useSearchParams();
     57|   const { contacts, loading, error, pagination } = useAppSelector((sta…
       |           ^
     58|   const initialRoleFilter = normalizeRoleFilter(searchParams.get('type…
     59|
 ❯ Object.react_stack_bottom_frame ../node_modules/react-dom/cjs/react-dom-client.development.js:25904:20
 ❯ renderWithHooks ../node_modules/react-dom/cjs/react-dom-client.development.js:7662:22
 ❯ updateFunctionComponent ../node_modules/react-dom/cjs/react-dom-client.development.js:10166:19
 ❯ beginWork ../node_modules/react-dom/cjs/react-dom-client.development.js:11778:18
 ❯ runWithFiberInDEV ../node_modules/react-dom/cjs/react-dom-client.development.js:874:13
 ❯ performUnitOfWork ../node_modules/react-dom/cjs/react-dom-client.development.js:17641:22
 ❯ workLoopSync ../node_modules/react-dom/cjs/react-dom-client.development.js:17469:41
 ❯ renderRootSync ../node_modules/react-dom/cjs/react-dom-client.development.js:17450:11
 ❯ performWorkOnRoot ../node_modules/react-dom/cjs/react-dom-client.development.js:16583:35

⎯⎯⎯⎯⎯⎯⎯⎯⎯⎯⎯⎯⎯⎯⎯⎯⎯⎯⎯⎯⎯⎯[42/86]⎯

 FAIL  src/features/contacts/components/__tests__/ContactMergeDialog.test.tsx > ContactMergeDialog > searches inactive contacts, previews conflicts, and submits the selected merge resolution
TestingLibraryElementError: Unable to find an element with the text: Alex Target. This could be because the text is broken up by multiple elements. In this case, you can provide a function for your text matcher to make your matcher more flexible.

Ignored nodes: comments, script, style
[36m<body[39m
  [33mclass[39m=[32m""[39m
[36m>[39m
  [36m<div>[39m
    [36m<div[39m
      [33maria-label[39m=[32m"Merge contact"[39m
      [33maria-modal[39m=[32m"true"[39m
      [33mclass[39m=[32m"fixed inset-0 z-50 flex items-center justify-center app-popup-backdrop p-4"[39m
      [33mrole[39m=[32m"dialog"[39m
    [36m>[39m
      [36m<div[39m
        [33mclass[39m=[32m"
        border-brutal border-[var(--app-border)] shadow-brutal relative break-words
        bg-app-surface text-app-text
        z-0
        w-full max-w-5xl max-h-[90vh] overflow-y-auto p-6
      "[39m
      [36m>[39m
        [36m<div[39m
          [33mclass[39m=[32m"flex items-start justify-between gap-4"[39m
        [36m>[39m
          [36m<div>[39m
            [36m<h2[39m
              [33mclass[39m=[32m"text-2xl font-black uppercase text-black"[39m
            [36m>[39m
              [0mMerge Contact[0m
            [36m</h2>[39m
            [36m<p[39m
              [33mclass[39m=[32m"mt-1 text-sm font-bold text-black/70"[39m
            [36m>[39m
              [0mMerge [0m
              [0mTaylor Source[0m
              [0m into another contact and keep the target as the survivor.[0m
            [36m</p>[39m
          [36m</div>[39m
          [36m<button[39m
            [33maria-disabled[39m=[32m"false"[39m
            [33mclass[39m=[32m"
        border-2 border-[var(--app-border)] shadow-[6px_6px_0px_var(--shadow-color)] font-bold uppercase
        hover:translate-x-[2px] hover:translate-y-[2px] hover:shadow-[2px_2px_0px_var(--shadow-color)]
        focus:outline-none focus-visible:ring-4 focus-visible:ring-[var(--focus-ring)] focus-visible:ring-offset-2 focus-visible:ring-offset-[var(--app-bg)]
        transition-all
        disabled:cursor-not-allowed disabled:hover:translate-x-0 disabled:hover:translate-y-0
        bg-app-surface text-[var(--app-text)] hover:bg-app-surface-muted
        
        px-4 py-2 text-base
        
      "[39m
            [33mtype[39m=[32m"button"[39m
          [36m>[39m
            [0mClose[0m
          [36m</button>[39m
        [36m</div>[39m
        [36m<form[39m
          [33mclass[39m=[32m"mt-6 grid gap-3 md:grid-cols-[1fr_auto]"[39m
        [36m>[39m
          [36m<label[39m
            [33mclass[39m=[32m"flex flex-col gap-1 text-sm font-black uppercase text-black"[39m
          [36m>[39m
            [0mFind target contact[0m
            [36m<input[39m
              [33mclass[39m=[32m"border-2 border-black bg-white px-3 py-2 text-base font-normal text-black outline-none"[39m
              [33mplaceholder[39m=[32m"Search by name, phone, or email"[39m
              [33mvalue[39m=[32m"Target"[39m
            [36m/>[39m
          [36m</label>[39m
          [36m<div[39m
            [33mclass[39m=[32m"flex items-end"[39m
          [36m>[39m
            [36m<button[39m
              [33maria-disabled[39m=[32m"false"[39m
              [33mclass[39m=[32m"
        border-2 border-[var(--app-border)] shadow-[6px_6px_0px_var(--shadow-color)] font-bold uppercase
        hover:translate-x-[2px] hover:translate-y-[2px] hover:shadow-[2px_2px_0px_var(--shadow-color)]
        focus:outline-none focus-visible:ring-4 focus-visible:ring-[var(--focus-ring)] focus-visible:ring-offset-2 focus-visible:ring-offset-[var(--app-bg)]
        transition-all
        disabled:cursor-not-allowed disabled:hover:translate-x-0 disabled:hover:translate-y-0
        bg-[var(--app-text-heading)] text-[var(--app-bg)] hover:opacity-90
        
        px-4 py-2 text-base
        w-full md:w-auto
      "[39m
              [33mtype[39m=[32m"submit"[39m
            [36m>[39m
              [0mSearch[0m
            [36m</button>[39m
          [36m</div>[39m
        [36m</form>[39m
        [36m<p[39m
          [33mclass[39m=[32m"mt-3 border-2 border-black bg-red-100 px-3 py-2 text-sm font-bold text-black"[39m
        [36m>[39m
          [0msearchContactsForMerge is not a function[0m
        [36m</p>[39m
        [36m<div[39m
          [33mclass[39m=[32m"mt-5 grid gap-4 lg:grid-cols-[1fr_1.2fr]"[39m
        [36m>[39m
          [36m<div[39m
            [33mclass[39m=[32m"space-y-3"[39m
          [36m>[39m
            [36m<h3[39m
              [33mclass[39m=[32m"text-sm font-black uppercase text-black/80"[39m
            [36m>[39m
              [0mMatches[0m
            [36m</h3>[39m
            [36m<div[39m
              [33mclass[39m=[32m"space-y-2"[39m
            [36m>[39m
              [36m<p[39m
                [33mclass[39m=[32m"border-2 border-dashed border-black/40 bg-white px-3 py-3 text-sm font-bold text-black/60"[39m
              [36m>[39m
                [0mNo matching contacts found. Try a different name, phone number, or email.[0m
              [36m</p>[39m
            [36m</div>[39m
          [36m</div>[39m
          [36m<div[39m
            [33mclass[39m=[32m"space-y-4"[39m
          [36m>[39m
            [36m<div[39m
              [33mclass[39m=[32m"border-2 border-black bg-[var(--loop-yellow)] p-4"[39m
            [36m>[39m
              [36m<p[39m
                [33mclass[39m=[32m"text-xs font-black uppercase text-black/60"[39m
              [36m>[39m
                [0mSelected target[0m
              [36m</p>[39m
              [36m<p[39m
                [33mclass[39m=[32m"mt-1 text-lg font-black text-black"[39m
              [36m>[39m
                [0mPick a target contact[0m
              [36m</p>[39m
              [36m<p[39m
                [33mclass[39m=[32m"text-sm font-bold text-black/70"[39m
              [36m>[39m
                [0mSearch and select the contact you want to keep after the merge.[0m
              [36m</p>[39m
            [36m</div>[39m
          [36m</div>[39m
        [36m</div>[39m
        [36m<div[39m
          [33mclass[39m=[32m"mt-6 flex flex-wrap justify-end gap-2 border-t-2 border-black pt-4"[39m
        [36m>[39m
          [36m<button[39m
            [33maria-disabled[39m=[32m"false"[39m
            [33mclass[39m=[32m"
        border-2 border-[var(--app-border)] shadow-[6px_6px_0px_var(--shadow-color)] font-bold uppercase
        hover:translate-x-[2px] hover:translate-y-[2px] hover:shadow-[2px_2px_0px_var(--shadow-color)]
        focus:outline-none focus-visible:ring-4 focus-visible:ring-[var(--focus-ring)] focus-visible:ring-offset-2 focus-visible:ring-offset-[var(--app-bg)]
        transition-all
        disabled:cursor-not-allowed disabled:hover:translate-x-0 disabled:hover:translate-y-0
        bg-app-surface text-[var(--app-text)] hover:bg-app-surface-muted
        
        px-4 py-2 text-base
        
      "[39m
            [33mtype[39m=[32m"button"[39m
          [36m>[39m
            [0mCancel[0m
          [36m</button>[39m
          [36m<button[39m
            [33maria-disabled[39m=[32m"true"[39m
            [33mclass[39m=[32m"
        border-2 border-[var(--app-border)] shadow-[6px_6px_0px_var(--shadow-color)] font-bold uppercase
        hover:translate-x-[2px] hover:translate-y-[2px] hover:shadow-[2px_2px_0px_var(--shadow-color)]
        focus:outline-none focus-visible:ring-4 focus-visible:ring-[var(--focus-ring)] focus-visible:ring-offset-2 focus-visible:ring-offset-[var(--app-bg)]
        transition-all
        disabled:cursor-not-allowed disabled:hover:translate-x-0 disabled:hover:translate-y-0
        bg-[var(--app-text-heading)] text-[var(--app-bg)] hover:opacity-90
        bg-app-surface-muted text-app-text-muted border-app-border-muted shadow-none
        px-4 py-2 text-base
        
      "[39m
            [33mdisabled[39m=[32m""[39m
            [33mtype[39m=[32m"button"[39m
          [36m>[39m
            [0mMerge Contacts[0m
          [36m</button>[39m
        [36m</div>[39m
      [36m</div>[39m
    [36m</div>[39m
  [36m</div>[39m
[36m</body>[39m

Ignored nodes: comments, script, style
[36m<body[39m
  [33mclass[39m=[32m""[39m
[36m>[39m
  [36m<div>[39m
    [36m<div[39m
      [33maria-label[39m=[32m"Merge contact"[39m
      [33maria-modal[39m=[32m"true"[39m
      [33mclass[39m=[32m"fixed inset-0 z-50 flex items-center justify-center app-popup-backdrop p-4"[39m
      [33mrole[39m=[32m"dialog"[39m
    [36m>[39m
      [36m<div[39m
        [33mclass[39m=[32m"
        border-brutal border-[var(--app-border)] shadow-brutal relative break-words
        bg-app-surface text-app-text
        z-0
        w-full max-w-5xl max-h-[90vh] overflow-y-auto p-6
      "[39m
      [36m>[39m
        [36m<div[39m
          [33mclass[39m=[32m"flex items-start justify-between gap-4"[39m
        [36m>[39m
          [36m<div>[39m
            [36m<h2[39m
              [33mclass[39m=[32m"text-2xl font-black uppercase text-black"[39m
            [36m>[39m
              [0mMerge Contact[0m
            [36m</h2>[39m
            [36m<p[39m
              [33mclass[39m=[32m"mt-1 text-sm font-bold text-black/70"[39m
            [36m>[39m
              [0mMerge [0m
              [0mTaylor Source[0m
              [0m into another contact and keep the target as the survivor.[0m
            [36m</p>[39m
          [36m</div>[39m
          [36m<button[39m
            [33maria-disabled[39m=[32m"false"[39m
            [33mclass[39m=[32m"
        border-2 border-[var(--app-border)] shadow-[6px_6px_0px_var(--shadow-color)] font-bold uppercase
        hover:translate-x-[2px] hover:translate-y-[2px] hover:shadow-[2px_2px_0px_var(--shadow-color)]
        focus:outline-none focus-visible:ring-4 focus-visible:ring-[var(--focus-ring)] focus-visible:ring-offset-2 focus-visible:ring-offset-[var(--app-bg)]
        transition-all
        disabled:cursor-not-allowed disabled:hover:translate-x-0 disabled:hover:translate-y-0
        bg-app-surface text-[var(--app-text)] hover:bg-app-surface-muted
        
        px-4 py-2 text-base
        
      "[39m
            [33mtype[39m=[32m"button"[39m
          [36m>[39m
            [0mClose[0m
          [36m</button>[39m
        [36m</div>[39m
        [36m<form[39m
          [33mclass[39m=[32m"mt-6 grid gap-3 md:grid-cols-[1fr_auto]"[39m
        [36m>[39m
          [36m<label[39m
            [33mclass[39m=[32m"flex flex-col gap-1 text-sm font-black uppercase text-black"[39m
          [36m>[39m
            [0mFind target contact[0m
            [36m<input[39m
              [33mclass[39m=[32m"border-2 border-black bg-white px-3 py-2 text-base font-normal text-black outline-none"[39m
              [33mplaceholder[39m=[32m"Search by name, phone, or email"[39m
              [33mvalue[39m=[32m"Target"[39m
            [36m/>[39m
          [36m</label>[39m
          [36m<div[39m
            [33mclass[39m=[32m"flex items-end"[39m
          [36m>[39m
            [36m<button[39m
              [33maria-disabled[39m=[32m"false"[39m
              [33mclass[39m=[32m"
        border-2 border-[var(--app-border)] shadow-[6px_6px_0px_var(--shadow-color)] font-bold uppercase
        hover:translate-x-[2px] hover:translate-y-[2px] hover:shadow-[2px_2px_0px_var(--shadow-color)]
        focus:outline-none focus-visible:ring-4 focus-visible:ring-[var(--focus-ring)] focus-visible:ring-offset-2 focus-visible:ring-offset-[var(--app-bg)]
        transition-all
        disabled:cursor-not-allowed disabled:hover:translate-x-0 disabled:hover:translate-y-0
        bg-[var(--app-text-heading)] text-[var(--app-bg)] hover:opacity-90
        
        px-4 py-2 text-base
        w-full md:w-auto
      "[39m
              [33mtype[39m=[32m"submit"[39m
            [36m>[39m
              [0mSearch[0m
            [36m</button>[39m
          [36m</div>[39m
        [36m</form>[39m
        [36m<p[39m
          [33mclass[39m=[32m"mt-3 border-2 border-black bg-red-100 px-3 py-2 text-sm font-bold text-black"[39m
        [36m>[39m
          [0msearchContactsForMerge is not a function[0m
        [36m</p>[39m
        [36m<div[39m
          [33mclass[39m=[32m"mt-5 grid gap-4 lg:grid-cols-[1fr_1.2fr]"[39m
        [36m>[39m
          [36m<div[39m
            [33mclass[39m=[32m"space-y-3"[39m
          [36m>[39m
            [36m<h3[39m
              [33mclass[39m=[32m"text-sm font-black uppercase text-black/80"[39m
            [36m>[39m
              [0mMatches[0m
            [36m</h3>[39m
            [36m<div[39m
              [33mclass[39m=[32m"space-y-2"[39m
            [36m>[39m
              [36m<p[39m
                [33mclass[39m=[32m"border-2 border-dashed border-black/40 bg-white px-3 py-3 text-sm font-bold text-black/60"[39m
              [36m>[39m
                [0mNo matching contacts found. Try a different name, phone number, or email.[0m
              [36m</p>[39m
            [36m</div>[39m
          [36m</div>[39m
          [36m<div[39m
            [33mclass[39m=[32m"space-y-4"[39m
          [36m>[39m
            [36m<div[39m
              [33mclass[39m=[32m"border-2 border-black bg-[var(--loop-yellow)] p-4"[39m
            [36m>[39m
              [36m<p[39m
                [33mclass[39m=[32m"text-xs font-black uppercase text-black/60"[39m
              [36m>[39m
                [0mSelected target[0m
              [36m</p>[39m
              [36m<p[39m
                [33mclass[39m=[32m"mt-1 text-lg font-black text-black"[39m
              [36m>[39m
                [0mPick a target contact[0m
              [36m</p>[39m
              [36m<p[39m
                [33mclass[39m=[32m"text-sm font-bold text-black/70"[39m
              [36m>[39m
                [0mSearch and select the contact you want to keep after the merge.[0m
              [36m</p>[39m
            [36m</div>[39m
          [36m</div>[39m
        [36m</div>[39m
        [36m<div[39m
          [33mclass[39m=[32m"mt-6 flex flex-wrap justify-end gap-2 border-t-2 border-black pt-4"[39m
        [36m>[39m
          [36m<button[39m
            [33maria-disabled[39m=[32m"false"[39m
            [33mclass[39m=[32m"
        border-2 border-[var(--app-border)] shadow-[6px_6px_0px_var(--shadow-color)] font-bold uppercase
        hover:translate-x-[2px] hover:translate-y-[2px] hover:shadow-[2px_2px_0px_var(--shadow-color)]
        focus:outline-none focus-visible:ring-4 focus-visible:ring-[var(--focus-ring)] focus-visible:ring-offset-2 focus-visible:ring-offset-[var(--app-bg)]
        transition-all
        disabled:cursor-not-allowed disabled:hover:translate-x-0 disabled:hover:translate-y-0
        bg-app-surface text-[var(--app-text)] hover:bg-app-surface-muted
        
        px-4 py-2 text-base
        
      "[39m
            [33mtype[39m=[32m"button"[39m
          [36m>[39m
            [0mCancel[0m
          [36m</button>[39m
          [36m<button[39m
            [33maria-disabled[39m=[32m"true"[39m
            [33mclass[39m=[32m"
        border-2 border-[var(--app-border)] shadow-[6px_6px_0px_var(--shadow-color)] font-bold uppercase
        hover:translate-x-[2px] hover:translate-y-[2px] hover:shadow-[2px_2px_0px_var(--shadow-color)]
        focus:outline-none focus-visible:ring-4 focus-visible:ring-[var(--focus-ring)] focus-visible:ring-offset-2 focus-visible:ring-offset-[var(--app-bg)]
        transition-all
        disabled:cursor-not-allowed disabled:hover:translate-x-0 disabled:hover:translate-y-0
        bg-[var(--app-text-heading)] text-[var(--app-bg)] hover:opacity-90
        bg-app-surface-muted text-app-text-muted border-app-border-muted shadow-none
        px-4 py-2 text-base
        
      "[39m
            [33mdisabled[39m=[32m""[39m
            [33mtype[39m=[32m"button"[39m
          [36m>[39m
            [0mMerge Contacts[0m
          [36m</button>[39m
        [36m</div>[39m
      [36m</div>[39m
    [36m</div>[39m
  [36m</div>[39m
[36m</body>[39m
 ❯ waitForWrapper node_modules/@testing-library/dom/dist/wait-for.js:163:27
 ❯ node_modules/@testing-library/dom/dist/query-helpers.js:86:33
 ❯ src/features/contacts/components/__tests__/ContactMergeDialog.test.tsx:128:25
    126|     await user.click(screen.getByRole('button', { name: /search/i }));
    127|
    128|     expect(await screen.findByText('Alex Target')).toBeInTheDocument();
       |                         ^
    129|     expect(screen.getByText('Inactive')).toBeInTheDocument();
    130|

⎯⎯⎯⎯⎯⎯⎯⎯⎯⎯⎯⎯⎯⎯⎯⎯⎯⎯⎯⎯⎯⎯[43/86]⎯

 FAIL  src/features/events/pages/__tests__/EventDetailPage.test.tsx > EventDetailPage deferred registrations loading > fetches only event detail on initial info-tab render
 FAIL  src/features/events/pages/__tests__/EventDetailPage.test.tsx > EventDetailPage deferred registrations loading > fetches registrations and automations once when registrations tab opens
TypeError: Cannot read properties of undefined (reading 'detail')
 ❯ src/features/events/pages/EventDetailPage.tsx:43:62
     41|   const { dialogState, confirm, handleCancel, handleConfirm } = useCon…
     42|
     43|   const detailState = useAppSelector((state) => state.events.detail);
       |                                                              ^
     44|   const registrationState = useAppSelector((state) => state.events.reg…
     45|   const remindersState = useAppSelector((state) => state.events.remind…
 ❯ useAppSelector src/features/events/pages/__tests__/EventDetailPage.test.tsx:61:71
 ❯ EventDetailPage src/features/events/pages/EventDetailPage.tsx:43:23
 ❯ Object.react_stack_bottom_frame ../node_modules/react-dom/cjs/react-dom-client.development.js:25904:20
 ❯ renderWithHooks ../node_modules/react-dom/cjs/react-dom-client.development.js:7662:22
 ❯ updateFunctionComponent ../node_modules/react-dom/cjs/react-dom-client.development.js:10166:19
 ❯ beginWork ../node_modules/react-dom/cjs/react-dom-client.development.js:11778:18
 ❯ runWithFiberInDEV ../node_modules/react-dom/cjs/react-dom-client.development.js:874:13
 ❯ performUnitOfWork ../node_modules/react-dom/cjs/react-dom-client.development.js:17641:22
 ❯ workLoopSync ../node_modules/react-dom/cjs/react-dom-client.development.js:17469:41

⎯⎯⎯⎯⎯⎯⎯⎯⎯⎯⎯⎯⎯⎯⎯⎯⎯⎯⎯⎯⎯⎯[44/86]⎯

 FAIL  src/features/events/pages/__tests__/EventsHubPage.test.tsx > EventList page > renders events hub and dispatches list fetch on search update
TypeError: Cannot read properties of undefined (reading 'list')
 ❯ src/features/events/pages/EventsHubPage.tsx:19:60
     17|   const [eventTypeFilter, setEventTypeFilter] = useState('');
     18|
     19|   const listState = useAppSelector((state) => state.events.list);
       |                                                            ^
     20|   const detailState = useAppSelector((state) => state.events.detail);
     21|   const registrationState = useAppSelector((state) => state.events.reg…
 ❯ useAppSelector src/features/events/pages/__tests__/EventsHubPage.test.tsx:39:63
 ❯ EventsHubPage src/features/events/pages/EventsHubPage.tsx:19:21
 ❯ Object.react_stack_bottom_frame ../node_modules/react-dom/cjs/react-dom-client.development.js:25904:20
 ❯ renderWithHooks ../node_modules/react-dom/cjs/react-dom-client.development.js:7662:22
 ❯ updateFunctionComponent ../node_modules/react-dom/cjs/react-dom-client.development.js:10166:19
 ❯ beginWork ../node_modules/react-dom/cjs/react-dom-client.development.js:11778:18
 ❯ runWithFiberInDEV ../node_modules/react-dom/cjs/react-dom-client.development.js:874:13
 ❯ performUnitOfWork ../node_modules/react-dom/cjs/react-dom-client.development.js:17641:22
 ❯ workLoopSync ../node_modules/react-dom/cjs/react-dom-client.development.js:17469:41

⎯⎯⎯⎯⎯⎯⎯⎯⎯⎯⎯⎯⎯⎯⎯⎯⎯⎯⎯⎯⎯⎯[45/86]⎯

 FAIL  src/features/finance/pages/__tests__/DonationDetailPage.test.tsx > DonationDetailPage > shows recurring plan status and links to the monthly plan detail page
TypeError: Cannot read properties of undefined (reading 'donations')
 ❯ src/features/finance/pages/DonationDetailPage.tsx:40:91
     38|   const dispatch = useAppDispatch();
     39|   const { showError, showSuccess } = useToast();
     40|   const { selectedDonation: donation, loading } = useAppSelector((stat…
       |                                                                                           ^
     41|   const [receiptModalMode, setReceiptModalMode] = useState<'single' | …
     42|   const [defaultDeliveryMode, setDefaultDeliveryMode] =
 ❯ useAppSelector src/features/finance/pages/__tests__/DonationDetailPage.test.tsx:52:67
 ❯ DonationDetail src/features/finance/pages/DonationDetailPage.tsx:40:51
 ❯ Object.react_stack_bottom_frame ../node_modules/react-dom/cjs/react-dom-client.development.js:25904:20
 ❯ renderWithHooks ../node_modules/react-dom/cjs/react-dom-client.development.js:7662:22
 ❯ updateFunctionComponent ../node_modules/react-dom/cjs/react-dom-client.development.js:10166:19
 ❯ beginWork ../node_modules/react-dom/cjs/react-dom-client.development.js:11778:18
 ❯ runWithFiberInDEV ../node_modules/react-dom/cjs/react-dom-client.development.js:874:13
 ❯ performUnitOfWork ../node_modules/react-dom/cjs/react-dom-client.development.js:17641:22
 ❯ workLoopSync ../node_modules/react-dom/cjs/react-dom-client.development.js:17469:41

⎯⎯⎯⎯⎯⎯⎯⎯⎯⎯⎯⎯⎯⎯⎯⎯⎯⎯⎯⎯⎯⎯[46/86]⎯

 FAIL  src/features/finance/pages/__tests__/DonationListPage.test.tsx > DonationList page > renders donation summary and quick filter
 FAIL  src/features/finance/pages/__tests__/DonationListPage.test.tsx > DonationList page > sanitizes stale local storage filters before dispatching the initial load
TypeError: Cannot read properties of undefined (reading 'donations')
 ❯ src/features/finance/pages/DonationListPage.tsx:72:30
     70|   const { showError, showSuccess } = useToast();
     71|   const { donations, pagination, totalAmount, averageAmount, loading, …
     72|     (state) => state.finance.donations
       |                              ^
     73|   );
     74|   const [receiptModalDonation, setReceiptModalDonation] = useState<Don…
 ❯ useAppSelector src/features/finance/pages/__tests__/DonationListPage.test.tsx:22:63
 ❯ DonationList src/features/finance/pages/DonationListPage.tsx:71:81
 ❯ Object.react_stack_bottom_frame ../node_modules/react-dom/cjs/react-dom-client.development.js:25904:20
 ❯ renderWithHooks ../node_modules/react-dom/cjs/react-dom-client.development.js:7662:22
 ❯ updateFunctionComponent ../node_modules/react-dom/cjs/react-dom-client.development.js:10166:19
 ❯ beginWork ../node_modules/react-dom/cjs/react-dom-client.development.js:11778:18
 ❯ runWithFiberInDEV ../node_modules/react-dom/cjs/react-dom-client.development.js:874:13
 ❯ performUnitOfWork ../node_modules/react-dom/cjs/react-dom-client.development.js:17641:22
 ❯ workLoopSync ../node_modules/react-dom/cjs/react-dom-client.development.js:17469:41

⎯⎯⎯⎯⎯⎯⎯⎯⎯⎯⎯⎯⎯⎯⎯⎯⎯⎯⎯⎯⎯⎯[47/86]⎯

 FAIL  src/features/finance/pages/__tests__/RecurringDonationListPage.test.tsx > RecurringDonationListPage > renders monthly plans and dispatches the recurring donation fetch action
TypeError: Cannot read properties of undefined (reading 'recurring')
 ❯ src/features/finance/pages/RecurringDonationListPage.tsx:74:30
     72|   const [searchParams, setSearchParams] = useSearchParams();
     73|   const { plans, pagination, loading, error } = useAppSelector(
     74|     (state) => state.finance.recurring
       |                              ^
     75|   );
     76|
 ❯ useAppSelector src/features/finance/pages/__tests__/RecurringDonationListPage.test.tsx:55:67
 ❯ RecurringDonationListPage src/features/finance/pages/RecurringDonationListPage.tsx:73:49
 ❯ Object.react_stack_bottom_frame ../node_modules/react-dom/cjs/react-dom-client.development.js:25904:20
 ❯ renderWithHooks ../node_modules/react-dom/cjs/react-dom-client.development.js:7662:22
 ❯ updateFunctionComponent ../node_modules/react-dom/cjs/react-dom-client.development.js:10166:19
 ❯ beginWork ../node_modules/react-dom/cjs/react-dom-client.development.js:11778:18
 ❯ runWithFiberInDEV ../node_modules/react-dom/cjs/react-dom-client.development.js:874:13
 ❯ performUnitOfWork ../node_modules/react-dom/cjs/react-dom-client.development.js:17641:22
 ❯ workLoopSync ../node_modules/react-dom/cjs/react-dom-client.development.js:17469:41

⎯⎯⎯⎯⎯⎯⎯⎯⎯⎯⎯⎯⎯⎯⎯⎯⎯⎯⎯⎯⎯⎯[48/86]⎯

 FAIL  src/features/volunteers/pages/__tests__/VolunteerListPage.test.tsx > VolunteerList page > renders and wires backend import/export request props
 FAIL  src/features/volunteers/pages/__tests__/VolunteerListPage.test.tsx > VolunteerList page > sanitizes invalid URL filters before dispatching the initial load
TypeError: Cannot destructure property 'volunteers' of 'useAppSelector(...)' as it is undefined.
 ❯ VolunteerList src/features/volunteers/pages/VolunteerListPage.tsx:44:11
     42|   const navigate = useNavigate();
     43|   const [searchParams, setSearchParams] = useSearchParams();
     44|   const { volunteers, loading, error, pagination, filters } = useAppSe…
       |           ^
     45|     (state) => state.volunteers.list
     46|   );
 ❯ Object.react_stack_bottom_frame ../node_modules/react-dom/cjs/react-dom-client.development.js:25904:20
 ❯ renderWithHooks ../node_modules/react-dom/cjs/react-dom-client.development.js:7662:22
 ❯ updateFunctionComponent ../node_modules/react-dom/cjs/react-dom-client.development.js:10166:19
 ❯ beginWork ../node_modules/react-dom/cjs/react-dom-client.development.js:11778:18
 ❯ runWithFiberInDEV ../node_modules/react-dom/cjs/react-dom-client.development.js:874:13
 ❯ performUnitOfWork ../node_modules/react-dom/cjs/react-dom-client.development.js:17641:22
 ❯ workLoopSync ../node_modules/react-dom/cjs/react-dom-client.development.js:17469:41
 ❯ renderRootSync ../node_modules/react-dom/cjs/react-dom-client.development.js:17450:11
 ❯ performWorkOnRoot ../node_modules/react-dom/cjs/react-dom-client.development.js:16583:35

⎯⎯⎯⎯⎯⎯⎯⎯⎯⎯⎯⎯⎯⎯⎯⎯⎯⎯⎯⎯⎯⎯[49/86]⎯


 Test Files  24 failed | 134 passed (158)
      Tests  81 failed | 830 passed (911)
   Start at  02:21:32
   Duration  19.95s (transform 7.17s, setup 7.45s, import 31.54s, tests 40.93s, environment 68.49s)

npm error Lifecycle script `test` failed with error:
npm error code 1
npm error path /Users/bryan/projects/nonprofit-manager/frontend
npm error workspace frontend@0.0.0
npm error location /Users/bryan/projects/nonprofit-manager/frontend
npm error command failed
npm error command sh -c vitest --run
