
> nonprofit-manager-backend@0.1.0 test
> bash scripts/run-full-tests.sh

[0;34m[INFO][0m Rebuilding the isolated test database on 127.0.0.1:8012/nonprofit_manager_test (attempt 1/5)...
[0;32m[SUCCESS][0m Isolated test database is ready on 127.0.0.1:8012/nonprofit_manager_test.
Using full-test DB contract: 127.0.0.1:8012/nonprofit_manager_test
(node:72069) Warning: `--localstorage-file` was provided without a valid path
(Use `node --trace-warnings ...` to show where the warning was created)
FAIL src/__tests__/middleware/piiFieldAccessControl.test.ts
  piiFieldAccessControl middleware
    ✓ masks sensitive fields recursively for authenticated users (1 ms)
    ✕ keeps privileged contact detail fields readable when fallback DB rules are absent (1 ms)
    ✓ leaves count fields untouched while masking nearby sensitive fields
    ✓ passes data through unchanged when user role is unavailable
  auditPIIAccess middleware
    ✓ audits sensitive access events for known entity routes (1 ms)
    ✓ does not audit when response has no sensitive fields
    ✓ logs errors when async audit writes fail (1 ms)

  ● piiFieldAccessControl middleware › keeps privileged contact detail fields readable when fallback DB rules are absent

    expect(jest.fn()).toHaveBeenCalledWith(...expected)

    - Expected
    + Received

    @@ -3,7 +3,7 @@
        "do_not_email": false,
        "do_not_phone": false,
        "email": "alice@example.com",
        "mobile_phone": "7785559999",
        "phone": "6045551234",
    -   "token": "a***",
    +   "token": "abcd",
      },

    Number of calls: 1

      90 |     });
      91 |
    > 92 |     expect(originalJson).toHaveBeenCalledWith({
         |                          ^
      93 |       email: 'alice@example.com',
      94 |       phone: '6045551234',
      95 |       mobile_phone: '7785559999',

      at Object.<anonymous> (src/__tests__/middleware/piiFieldAccessControl.test.ts:92:26)

FAIL src/__tests__/config/productionSecurityConfig.test.ts
  validateProductionSecurityConfig
    ✕ passes for a valid managed configuration (1 ms)
    ✓ fails when managed configuration is missing provider and verification attestation
    ✓ fails when managed configuration still points at the local postgres service
    ✕ passes for a valid luks configuration (1 ms)
    ✕ passes for a valid self-hosted configuration with explicit risk acceptance
    ✓ fails when luks configuration is missing mount details
    ✓ fails when self-hosted configuration is missing absolute paths and risk acceptance
    ✓ treats missing PayPal and Square credentials as optional warnings
    ✓ is non-blocking outside production

  ● validateProductionSecurityConfig › passes for a valid managed configuration

    expect(received).toEqual(expected) // deep equality

    - Expected  - 1
    + Received  + 4

      Object {
        "errors": Array [],
        "fatalErrors": Array [],
    -   "warnings": Array [],
    +   "warnings": Array [
    +     "JWT_SECRET appears insecure (contains \"dev\"/\"placeholder\" or is less than 32 characters)",
    +     "CSRF_SECRET appears insecure (contains \"change\"/\"placeholder\" or is less than 32 characters)",
    +   ],
      }

      26 |     });
      27 |
    > 28 |     expect(result).toEqual({
         |                    ^
      29 |       warnings: [],
      30 |       errors: [],
      31 |       fatalErrors: [],

      at Object.<anonymous> (src/__tests__/config/productionSecurityConfig.test.ts:28:20)

  ● validateProductionSecurityConfig › passes for a valid luks configuration

    expect(received).toEqual(expected) // deep equality

    - Expected  - 1
    + Received  + 4

      Object {
        "errors": Array [],
        "fatalErrors": Array [],
    -   "warnings": Array [],
    +   "warnings": Array [
    +     "JWT_SECRET appears insecure (contains \"dev\"/\"placeholder\" or is less than 32 characters)",
    +     "CSRF_SECRET appears insecure (contains \"change\"/\"placeholder\" or is less than 32 characters)",
    +   ],
      }

      71 |     });
      72 |
    > 73 |     expect(result).toEqual({
         |                    ^
      74 |       warnings: [],
      75 |       errors: [],
      76 |       fatalErrors: [],

      at Object.<anonymous> (src/__tests__/config/productionSecurityConfig.test.ts:73:20)

  ● validateProductionSecurityConfig › passes for a valid self-hosted configuration with explicit risk acceptance

    expect(received).toEqual(expected) // deep equality

    - Expected  - 0
    + Received  + 2

      Array [
    +   "JWT_SECRET appears insecure (contains \"dev\"/\"placeholder\" or is less than 32 characters)",
    +   "CSRF_SECRET appears insecure (contains \"change\"/\"placeholder\" or is less than 32 characters)",
        "DB_AT_REST_ENCRYPTION_MODE=self_hosted relies on host-level safeguards; confirm disk and backup protections out of band",
      ]

      90 |     expect(result.errors).toEqual([]);
      91 |     expect(result.fatalErrors).toEqual([]);
    > 92 |     expect(result.warnings).toEqual([
         |                             ^
      93 |       'DB_AT_REST_ENCRYPTION_MODE=self_hosted relies on host-level safeguards; confirm disk and backup protections out of band',
      94 |     ]);
      95 |   });

      at Object.<anonymous> (src/__tests__/config/productionSecurityConfig.test.ts:92:29)

[32minfo[39m: No organization context found in request object {"hasUser":"[REDACTED]","service":"nonprofit-manager-api","timestamp":"2026-04-19 20:23:12"}
FAIL src/__tests__/services/authGuardService.test.ts
  authGuardService
    requireUserSafe
      ✓ returns the authenticated user when present
      ✓ returns a canonical unauthorized error when the user is missing (1 ms)
    requirePermissionSafe
      ✓ grants permission when an authorization-context role allows it
      ✓ returns a canonical forbidden error when no candidate role grants the permission
      ✓ returns the missing-user error before checking permissions
    requireAnyPermissionSafe
      ✓ grants access when any resolved role matches one of the requested permissions
      ✓ returns a canonical forbidden error when no permission matches (1 ms)
    requireRoleSafe
      ✓ grants access when a resolved role matches
      ✓ returns a canonical role failure when no role matches
    requireActiveOrganizationSafe
      ✓ short-circuits when an active validated organization context is already attached
      ✓ returns an unauthorized error when the request has no user
      ✕ returns a bad-request error when organization context is missing (2 ms)
      ✓ returns not-found when the organization context cannot be resolved (1 ms)
      ✓ returns forbidden when the organization exists but is inactive
      ✓ returns the active organization id after a successful lookup
    guardWithRole
      ✓ authorizes a request when any resolved role matches
      ✓ sends the default unauthorized response when the request user is missing
      ✓ sends the default forbidden response when no allowed role matches
    guardWithPermission
      ✓ authorizes a request when any resolved role grants the permission (1 ms)
      ✓ propagates the missing-user unauthorized message to the response helper
      ✓ propagates the permission denial message to the forbidden response helper
    guardWithAnyPermission
      ✓ authorizes when any permission is granted across resolved roles
      ✓ propagates the shared forbidden message when none of the permissions match

  ● authGuardService › requireActiveOrganizationSafe › returns a bad-request error when organization context is missing

    expect(received).toEqual(expected) // deep equality

    - Expected  - 1
    + Received  + 1

      Object {
        "error": Object {
          "code": "bad_request",
    -     "message": "Bad Request: No organization context",
    +     "message": "No organization context",
          "statusCode": 400,
        },
        "ok": false,
      }

      248 |       );
      249 |
    > 250 |       expect(result).toEqual({
          |                      ^
      251 |         ok: false,
      252 |         error: {
      253 |           code: 'bad_request',

      at Object.<anonymous> (src/__tests__/services/authGuardService.test.ts:250:22)

FAIL src/__tests__/services/activityService.test.ts
  ActivityService
    ✕ merges recent activities, keeps primary duplicates, and scopes every feed query to the organization (2 ms)
    ✓ guards contact activity fan-out behind a contact ownership check and scopes the note fallback query
    ✓ returns only recorded activities when the contact is outside the active organization (1 ms)

  ● ActivityService › merges recent activities, keeps primary duplicates, and scopes every feed query to the organization

    expect(jest.fn()).toHaveBeenNthCalledWith(n, ...expected)

    n: 2
    Expected: StringContaining "d.account_id = $1", ["org-1", 4]
    Received
           1: "SELECT
                c.id,
                c.case_number,
                c.title,
                c.created_at,
                c.opened_date,
                c.assigned_to,
                cs.name as status_name,
                u.first_name || ' ' || u.last_name as user_name
              FROM cases c
              LEFT JOIN contacts con ON c.contact_id = con.id
              LEFT JOIN users u ON c.assigned_to = u.id
              LEFT JOIN case_statuses cs ON c.status_id = cs.id
              WHERE c.created_at >= NOW() - INTERVAL '30 days'
                AND COALESCE(c.account_id, con.account_id) = $1
              ORDER BY c.created_at DESC
              LIMIT $2", ["org-1", 5]
    ->     2
              "SELECT
                d.id,
                d.amount,
                d.donation_date,
                d.payment_method,
                TRIM(CONCAT(c.first_name, ' ', c.last_name)) as contact_name,
                c.account_id as organization_id
              FROM donations d
              LEFT JOIN contacts c ON d.contact_id = c.id
              WHERE d.donation_date >= NOW() - INTERVAL '30 days'
                AND COALESCE(d.account_id, c.account_id) = $1
              ORDER BY d.donation_date DESC
              LIMIT $2",
              ["org-1", 4],
           3: "SELECT
                vh.id,
                vh.hours_logged,
                vh.activity_date,
                vh.notes,
                c.first_name || ' ' || c.last_name as volunteer_name
              FROM volunteer_hours vh
              LEFT JOIN volunteers v ON vh.volunteer_id = v.id
              LEFT JOIN contacts c ON v.contact_id = c.id
              WHERE vh.activity_date >= NOW() - INTERVAL '30 days'
                AND c.account_id = $1
              ORDER BY vh.activity_date DESC
              LIMIT $2", ["org-1", 3]

    Number of calls: 4

      100 |       ['org-1', 5]
      101 |     );
    > 102 |     expect(mockQuery).toHaveBeenNthCalledWith(
          |                       ^
      103 |       2,
      104 |       expect.stringContaining('d.account_id = $1'),
      105 |       ['org-1', 4]

      at Object.<anonymous> (src/__tests__/services/activityService.test.ts:102:23)

FAIL src/__tests__/middleware/requireRequestedOrganizationContext.test.ts
  requireRequestedOrganizationContext middleware
    ✓ passes through when an explicit requested organization target is present
    ✕ returns the canonical bad-request envelope when the request omits an explicit org target (1 ms)

  ● requireRequestedOrganizationContext middleware › returns the canonical bad-request envelope when the request omits an explicit org target

    expect(jest.fn()).toHaveBeenCalledWith(...expected)

    - Expected
    + Received

      {},
      "bad_request",
    - "Organization context required",
    + "No organization context",
      400,
      undefined,
      "corr-1",

    Number of calls: 1

      46 |     requireRequestedOrganizationContext(req, res, next);
      47 |
    > 48 |     expect(mockSendError).toHaveBeenCalledWith(
         |                           ^
      49 |       res,
      50 |       'bad_request',
      51 |       'Organization context required',

      at Object.<anonymous> (src/__tests__/middleware/requireRequestedOrganizationContext.test.ts:48:27)

[32minfo[39m: Redis caching is disabled {"service":"nonprofit-manager-api","timestamp":"2026-04-19 20:23:13"}
[32minfo[39m: auth.alias_input_used {"aliasFields":["[REDACTED]","[REDACTED]","[REDACTED]"],"correlationId":"[REDACTED]","event":"[REDACTED]","route":"[REDACTED]","service":"nonprofit-manager-api","timestamp":"[REDACTED]","userAgent":"[REDACTED]"}
[32minfo[39m: User registered: contact-test-1776655393946-9a7eaea486d78@example.com {"correlationId":"b91a7b6b-eb7c-495d-8cd2-fc63d93a27d3","service":"nonprofit-manager-api","timestamp":"2026-04-19 20:23:14"}
[32minfo[39m: Account created: a2cc8581-92bd-4d6e-a620-9263511b6bbd {"correlationId":"f27cc8e3-af43-4ede-a983-dd3dc0455712","service":"nonprofit-manager-api","timestamp":"2026-04-19 20:23:14","userId":"21271571-d85a-4ef6-8209-76f6420be43a"}
[32minfo[39m: auth.alias_input_used {"aliasFields":["[REDACTED]","[REDACTED]","[REDACTED]"],"correlationId":"[REDACTED]","event":"[REDACTED]","route":"[REDACTED]","service":"nonprofit-manager-api","timestamp":"[REDACTED]","userAgent":"[REDACTED]"}
[32minfo[39m: User registered: contact-staff-1776655394149-a0e52b3fbba1d@example.com {"correlationId":"954b0fe8-de18-4b67-8ff7-8835ef8a5789","service":"nonprofit-manager-api","timestamp":"2026-04-19 20:23:14"}
[32minfo[39m: auth.alias_input_used {"aliasFields":["[REDACTED]","[REDACTED]","[REDACTED]"],"correlationId":"[REDACTED]","event":"[REDACTED]","route":"[REDACTED]","service":"nonprofit-manager-api","timestamp":"[REDACTED]","userAgent":"[REDACTED]"}
[32minfo[39m: User registered: contact-viewer-1776655394216-bab039005743f8@example.com {"correlationId":"0dfa0684-6b55-4430-850f-ca6cafc64500","service":"nonprofit-manager-api","timestamp":"2026-04-19 20:23:14"}
[32minfo[39m: User logged in: contact-test-1776655393946-9a7eaea486d78@example.com {"correlationId":"[REDACTED]","ip":"[REDACTED]","service":"nonprofit-manager-api","timestamp":"2026-04-19 20:23:14"}
[32minfo[39m: User logged in: contact-staff-1776655394149-a0e52b3fbba1d@example.com {"correlationId":"[REDACTED]","ip":"[REDACTED]","service":"nonprofit-manager-api","timestamp":"2026-04-19 20:23:14"}
[32minfo[39m: User logged in: contact-viewer-1776655394216-bab039005743f8@example.com {"correlationId":"[REDACTED]","ip":"[REDACTED]","service":"nonprofit-manager-api","timestamp":"2026-04-19 20:23:14"}
[32minfo[39m: Contact created: 29a2fbf8-2afd-4b8f-9596-8b30d44e1eb0 {"accountId":"a2cc8581-92bd-4d6e-a620-9263511b6bbd","correlationId":"b47e3f6f-ad90-4be3-bbed-7f362558dde9","organizationId":"a2cc8581-92bd-4d6e-a620-9263511b6bbd","service":"nonprofit-manager-api","tenantId":"a2cc8581-92bd-4d6e-a620-9263511b6bbd","timestamp":"2026-04-19 20:23:14","userId":"21271571-d85a-4ef6-8209-76f6420be43a"}
[32minfo[39m: Contact created: d7e66c1b-df26-43cc-9355-9fb936c603f5 {"accountId":"a2cc8581-92bd-4d6e-a620-9263511b6bbd","correlationId":"677e7d03-714d-407b-bc18-27e8b0c5a2ed","organizationId":"a2cc8581-92bd-4d6e-a620-9263511b6bbd","service":"nonprofit-manager-api","tenantId":"a2cc8581-92bd-4d6e-a620-9263511b6bbd","timestamp":"2026-04-19 20:23:14","userId":"21271571-d85a-4ef6-8209-76f6420be43a"}
[32minfo[39m: Contact created: 0625e4b7-fdbe-454b-b3b1-66631cab7cea {"accountId":"a2cc8581-92bd-4d6e-a620-9263511b6bbd","correlationId":"9b4e3c82-90c0-4ce0-a21a-268a05c59108","organizationId":"a2cc8581-92bd-4d6e-a620-9263511b6bbd","service":"nonprofit-manager-api","tenantId":"a2cc8581-92bd-4d6e-a620-9263511b6bbd","timestamp":"2026-04-19 20:23:14","userId":"419ac2ce-ffa0-400c-a030-19377cffd8be"}
[32minfo[39m: Contact created: 09e2ddb3-509b-42a3-9822-d6bc638fc7dd {"accountId":"a2cc8581-92bd-4d6e-a620-9263511b6bbd","correlationId":"23f10c45-c9bc-4124-91e2-d0bd5283d0e3","organizationId":"a2cc8581-92bd-4d6e-a620-9263511b6bbd","service":"nonprofit-manager-api","tenantId":"a2cc8581-92bd-4d6e-a620-9263511b6bbd","timestamp":"2026-04-19 20:23:14","userId":"419ac2ce-ffa0-400c-a030-19377cffd8be"}
[32minfo[39m: Contact created: f673c467-b1f5-4751-b76d-d980261ab0ca {"accountId":"a2cc8581-92bd-4d6e-a620-9263511b6bbd","correlationId":"bf84d487-2933-4d50-9fd7-7944624ac7f5","organizationId":"a2cc8581-92bd-4d6e-a620-9263511b6bbd","service":"nonprofit-manager-api","tenantId":"a2cc8581-92bd-4d6e-a620-9263511b6bbd","timestamp":"2026-04-19 20:23:14","userId":"419ac2ce-ffa0-400c-a030-19377cffd8be"}
[32minfo[39m: User invitation created for contact-profile-1776655394698-e5cee7ff37f188@example.com {"accountId":"a2cc8581-92bd-4d6e-a620-9263511b6bbd","correlationId":"bf84d487-2933-4d50-9fd7-7944624ac7f5","createdBy":"[REDACTED]","organizationId":"a2cc8581-92bd-4d6e-a620-9263511b6bbd","role":"[REDACTED]","service":"nonprofit-manager-api","tenantId":"a2cc8581-92bd-4d6e-a620-9263511b6bbd","timestamp":"2026-04-19 20:23:14","userId":"419ac2ce-ffa0-400c-a030-19377cffd8be"}
[32minfo[39m: Contact created: a2d4a3cf-de7a-4ee6-bceb-3edf7d0740ae {"accountId":"a2cc8581-92bd-4d6e-a620-9263511b6bbd","correlationId":"68f31a50-f6b3-46a4-b3b7-92eab85c2e3e","organizationId":"a2cc8581-92bd-4d6e-a620-9263511b6bbd","service":"nonprofit-manager-api","tenantId":"a2cc8581-92bd-4d6e-a620-9263511b6bbd","timestamp":"2026-04-19 20:23:14","userId":"419ac2ce-ffa0-400c-a030-19377cffd8be"}
[32minfo[39m: Contact created: d72f0467-5bf8-4783-ab11-c9b6e5a9113c {"accountId":"a2cc8581-92bd-4d6e-a620-9263511b6bbd","correlationId":"521493a1-2cfc-456d-9b76-3f927a2df59a","organizationId":"a2cc8581-92bd-4d6e-a620-9263511b6bbd","service":"nonprofit-manager-api","tenantId":"a2cc8581-92bd-4d6e-a620-9263511b6bbd","timestamp":"2026-04-19 20:23:14","userId":"419ac2ce-ffa0-400c-a030-19377cffd8be"}
[32minfo[39m: Contact created: 616f800d-ceed-4f0d-a97d-8533f2918dec {"accountId":"a2cc8581-92bd-4d6e-a620-9263511b6bbd","correlationId":"5d2b0a6a-07b4-460a-adbf-00a7ff05aa36","organizationId":"a2cc8581-92bd-4d6e-a620-9263511b6bbd","service":"nonprofit-manager-api","tenantId":"a2cc8581-92bd-4d6e-a620-9263511b6bbd","timestamp":"2026-04-19 20:23:14","userId":"21271571-d85a-4ef6-8209-76f6420be43a"}
[32minfo[39m: Contact created: 0332d568-2050-4d55-91ad-dedeed9f498e {"accountId":"a2cc8581-92bd-4d6e-a620-9263511b6bbd","correlationId":"c0a59dbb-d4fe-483e-9f51-002be08bf22d","organizationId":"a2cc8581-92bd-4d6e-a620-9263511b6bbd","service":"nonprofit-manager-api","tenantId":"a2cc8581-92bd-4d6e-a620-9263511b6bbd","timestamp":"2026-04-19 20:23:14","userId":"419ac2ce-ffa0-400c-a030-19377cffd8be"}
[32minfo[39m: Contact created: a0692179-654f-4d70-9004-56fd811a5527 {"accountId":"a2cc8581-92bd-4d6e-a620-9263511b6bbd","correlationId":"92ceb2fb-52cb-490d-8b5b-3a6d96686209","organizationId":"a2cc8581-92bd-4d6e-a620-9263511b6bbd","service":"nonprofit-manager-api","tenantId":"a2cc8581-92bd-4d6e-a620-9263511b6bbd","timestamp":"2026-04-19 20:23:15","userId":"21271571-d85a-4ef6-8209-76f6420be43a"}
[32minfo[39m: Contact created: cda66765-cd14-4ff7-9373-ddf6de220808 {"accountId":"a2cc8581-92bd-4d6e-a620-9263511b6bbd","correlationId":"6bdea2eb-354a-4ba2-8d5a-802a97ce43ad","organizationId":"a2cc8581-92bd-4d6e-a620-9263511b6bbd","service":"nonprofit-manager-api","tenantId":"a2cc8581-92bd-4d6e-a620-9263511b6bbd","timestamp":"2026-04-19 20:23:15","userId":"419ac2ce-ffa0-400c-a030-19377cffd8be"}
[32minfo[39m: Contact created: 6643c191-147c-4024-b8fb-6002f1f06960 {"accountId":"a2cc8581-92bd-4d6e-a620-9263511b6bbd","correlationId":"5bce2382-19a5-426f-bce2-0a12e3ad8ce5","organizationId":"a2cc8581-92bd-4d6e-a620-9263511b6bbd","service":"nonprofit-manager-api","tenantId":"a2cc8581-92bd-4d6e-a620-9263511b6bbd","timestamp":"2026-04-19 20:23:15","userId":"419ac2ce-ffa0-400c-a030-19377cffd8be"}
[32minfo[39m: Contact created: 2f23ccb1-1d53-41aa-b9fd-80b3aa2b9aae {"accountId":"a2cc8581-92bd-4d6e-a620-9263511b6bbd","correlationId":"d63fd639-9af1-49bf-991a-1fe82d7d17c0","organizationId":"a2cc8581-92bd-4d6e-a620-9263511b6bbd","service":"nonprofit-manager-api","tenantId":"a2cc8581-92bd-4d6e-a620-9263511b6bbd","timestamp":"2026-04-19 20:23:15","userId":"419ac2ce-ffa0-400c-a030-19377cffd8be"}
[32minfo[39m: Contact created: b74408fa-55f9-4e84-9acb-a4bddd802682 {"accountId":"a2cc8581-92bd-4d6e-a620-9263511b6bbd","correlationId":"909a00c9-244a-43c1-b677-7a2f4cbccb26","organizationId":"a2cc8581-92bd-4d6e-a620-9263511b6bbd","service":"nonprofit-manager-api","tenantId":"a2cc8581-92bd-4d6e-a620-9263511b6bbd","timestamp":"2026-04-19 20:23:15","userId":"419ac2ce-ffa0-400c-a030-19377cffd8be"}
[32minfo[39m: Contact created: c1d1f916-fc82-4bec-a157-a9a5fb3bf31b {"accountId":"a2cc8581-92bd-4d6e-a620-9263511b6bbd","correlationId":"3b401983-1157-4e79-9977-0a667877e5d3","organizationId":"a2cc8581-92bd-4d6e-a620-9263511b6bbd","service":"nonprofit-manager-api","tenantId":"a2cc8581-92bd-4d6e-a620-9263511b6bbd","timestamp":"2026-04-19 20:23:15","userId":"419ac2ce-ffa0-400c-a030-19377cffd8be"}
[32minfo[39m: Account created: 3ca58300-140e-41a5-b57c-d6beed26de71 {"accountId":"a2cc8581-92bd-4d6e-a620-9263511b6bbd","correlationId":"472a502c-cbe1-49e0-bcfc-24f8a7ccd633","organizationId":"a2cc8581-92bd-4d6e-a620-9263511b6bbd","service":"nonprofit-manager-api","tenantId":"a2cc8581-92bd-4d6e-a620-9263511b6bbd","timestamp":"2026-04-19 20:23:15","userId":"21271571-d85a-4ef6-8209-76f6420be43a"}
[32minfo[39m: Contact created: 35b2b7bd-ff4a-41b9-91d6-b495230a94e0 {"accountId":"a2cc8581-92bd-4d6e-a620-9263511b6bbd","correlationId":"fa409edc-1936-4160-9e84-2912f515e897","organizationId":"a2cc8581-92bd-4d6e-a620-9263511b6bbd","service":"nonprofit-manager-api","tenantId":"a2cc8581-92bd-4d6e-a620-9263511b6bbd","timestamp":"2026-04-19 20:23:15","userId":"21271571-d85a-4ef6-8209-76f6420be43a"}
[32minfo[39m: Contact updated: 35b2b7bd-ff4a-41b9-91d6-b495230a94e0 {"accountId":"a2cc8581-92bd-4d6e-a620-9263511b6bbd","correlationId":"08cad7f3-0b68-4b26-9ca0-4c34ea1d4a6e","organizationId":"a2cc8581-92bd-4d6e-a620-9263511b6bbd","service":"nonprofit-manager-api","tenantId":"a2cc8581-92bd-4d6e-a620-9263511b6bbd","timestamp":"2026-04-19 20:23:15","userId":"419ac2ce-ffa0-400c-a030-19377cffd8be"}
[32minfo[39m: Contact created: 7281087f-4ceb-419c-878f-e1f366523567 {"accountId":"a2cc8581-92bd-4d6e-a620-9263511b6bbd","correlationId":"ad4cee84-6b01-4ce7-9004-d746d76c87c3","organizationId":"a2cc8581-92bd-4d6e-a620-9263511b6bbd","service":"nonprofit-manager-api","tenantId":"a2cc8581-92bd-4d6e-a620-9263511b6bbd","timestamp":"2026-04-19 20:23:15","userId":"419ac2ce-ffa0-400c-a030-19377cffd8be"}
[32minfo[39m: Contact updated: 7281087f-4ceb-419c-878f-e1f366523567 {"accountId":"a2cc8581-92bd-4d6e-a620-9263511b6bbd","correlationId":"721751d1-dde2-47c7-99f2-0496e8ea23eb","organizationId":"a2cc8581-92bd-4d6e-a620-9263511b6bbd","service":"nonprofit-manager-api","tenantId":"a2cc8581-92bd-4d6e-a620-9263511b6bbd","timestamp":"2026-04-19 20:23:15","userId":"419ac2ce-ffa0-400c-a030-19377cffd8be"}
[32minfo[39m: Contact created: 4a5c4f80-493e-469b-8cdd-96b7301f6c46 {"accountId":"a2cc8581-92bd-4d6e-a620-9263511b6bbd","correlationId":"96fb1cd3-954a-4208-beaa-a74f08af4952","organizationId":"a2cc8581-92bd-4d6e-a620-9263511b6bbd","service":"nonprofit-manager-api","tenantId":"a2cc8581-92bd-4d6e-a620-9263511b6bbd","timestamp":"2026-04-19 20:23:15","userId":"419ac2ce-ffa0-400c-a030-19377cffd8be"}
[32minfo[39m: Contact email created for contact 4a5c4f80-493e-469b-8cdd-96b7301f6c46 {"accountId":"a2cc8581-92bd-4d6e-a620-9263511b6bbd","correlationId":"25a5265d-cc94-424a-a906-d15fd9239bb5","organizationId":"a2cc8581-92bd-4d6e-a620-9263511b6bbd","service":"nonprofit-manager-api","tenantId":"a2cc8581-92bd-4d6e-a620-9263511b6bbd","timestamp":"2026-04-19 20:23:15","userId":"419ac2ce-ffa0-400c-a030-19377cffd8be"}
[32minfo[39m: Contact phone created for contact 4a5c4f80-493e-469b-8cdd-96b7301f6c46 {"accountId":"a2cc8581-92bd-4d6e-a620-9263511b6bbd","correlationId":"0407f3ce-7e04-407c-b6b3-029c8ff84f5c","organizationId":"a2cc8581-92bd-4d6e-a620-9263511b6bbd","service":"nonprofit-manager-api","tenantId":"a2cc8581-92bd-4d6e-a620-9263511b6bbd","timestamp":"2026-04-19 20:23:15","userId":"419ac2ce-ffa0-400c-a030-19377cffd8be"}
[32minfo[39m: Contact phone created for contact 4a5c4f80-493e-469b-8cdd-96b7301f6c46 {"accountId":"a2cc8581-92bd-4d6e-a620-9263511b6bbd","correlationId":"27bf6c9c-85a0-4e57-b00a-da0dbc8a173d","organizationId":"a2cc8581-92bd-4d6e-a620-9263511b6bbd","service":"nonprofit-manager-api","tenantId":"a2cc8581-92bd-4d6e-a620-9263511b6bbd","timestamp":"2026-04-19 20:23:15","userId":"419ac2ce-ffa0-400c-a030-19377cffd8be"}
[32minfo[39m: Contact email updated: c1973b72-1601-4089-b99c-fb7b280009cc {"accountId":"a2cc8581-92bd-4d6e-a620-9263511b6bbd","correlationId":"cd573aeb-d673-4d86-ae2f-a794ea59d975","organizationId":"a2cc8581-92bd-4d6e-a620-9263511b6bbd","service":"nonprofit-manager-api","tenantId":"a2cc8581-92bd-4d6e-a620-9263511b6bbd","timestamp":"2026-04-19 20:23:15","userId":"419ac2ce-ffa0-400c-a030-19377cffd8be"}
[32minfo[39m: Contact phone updated: 6b8bbe2b-5821-4bee-89a7-963edeb89de0 {"accountId":"a2cc8581-92bd-4d6e-a620-9263511b6bbd","correlationId":"a680662f-dfb0-4c81-96d7-e40698f826fd","organizationId":"a2cc8581-92bd-4d6e-a620-9263511b6bbd","service":"nonprofit-manager-api","tenantId":"a2cc8581-92bd-4d6e-a620-9263511b6bbd","timestamp":"2026-04-19 20:23:15","userId":"419ac2ce-ffa0-400c-a030-19377cffd8be"}
[32minfo[39m: Contact phone deleted: 042c8f4a-6061-468e-b918-7a3d0773ef55 {"accountId":"a2cc8581-92bd-4d6e-a620-9263511b6bbd","correlationId":"4e669851-8147-4d3f-a2be-2a2de2157732","organizationId":"a2cc8581-92bd-4d6e-a620-9263511b6bbd","service":"nonprofit-manager-api","tenantId":"a2cc8581-92bd-4d6e-a620-9263511b6bbd","timestamp":"2026-04-19 20:23:15","userId":"419ac2ce-ffa0-400c-a030-19377cffd8be"}
[32minfo[39m: Contact created: faa52954-5df6-4dc0-8aaf-d0b47c20f354 {"accountId":"a2cc8581-92bd-4d6e-a620-9263511b6bbd","correlationId":"547893cf-ebfd-400d-82a5-9131e3183adc","organizationId":"a2cc8581-92bd-4d6e-a620-9263511b6bbd","service":"nonprofit-manager-api","tenantId":"a2cc8581-92bd-4d6e-a620-9263511b6bbd","timestamp":"2026-04-19 20:23:15","userId":"419ac2ce-ffa0-400c-a030-19377cffd8be"}
[32minfo[39m: Contact phone created for contact faa52954-5df6-4dc0-8aaf-d0b47c20f354 {"accountId":"a2cc8581-92bd-4d6e-a620-9263511b6bbd","correlationId":"c76307c8-cb91-464c-85fa-2f39497bbc5a","organizationId":"a2cc8581-92bd-4d6e-a620-9263511b6bbd","service":"nonprofit-manager-api","tenantId":"a2cc8581-92bd-4d6e-a620-9263511b6bbd","timestamp":"2026-04-19 20:23:15","userId":"419ac2ce-ffa0-400c-a030-19377cffd8be"}
[32minfo[39m: Contact created: 8608e5f9-60b4-4793-aa27-8cf40e9ba834 {"accountId":"a2cc8581-92bd-4d6e-a620-9263511b6bbd","correlationId":"78375bc6-51d1-4d63-8ac6-e36d6253f569","organizationId":"a2cc8581-92bd-4d6e-a620-9263511b6bbd","service":"nonprofit-manager-api","tenantId":"a2cc8581-92bd-4d6e-a620-9263511b6bbd","timestamp":"2026-04-19 20:23:15","userId":"419ac2ce-ffa0-400c-a030-19377cffd8be"}
[32minfo[39m: Contact phone created for contact 8608e5f9-60b4-4793-aa27-8cf40e9ba834 {"accountId":"a2cc8581-92bd-4d6e-a620-9263511b6bbd","correlationId":"6f3bf032-2085-4400-be89-9b839251cd24","organizationId":"a2cc8581-92bd-4d6e-a620-9263511b6bbd","service":"nonprofit-manager-api","tenantId":"a2cc8581-92bd-4d6e-a620-9263511b6bbd","timestamp":"2026-04-19 20:23:15","userId":"419ac2ce-ffa0-400c-a030-19377cffd8be"}
[32minfo[39m: Contact phone created for contact 8608e5f9-60b4-4793-aa27-8cf40e9ba834 {"accountId":"a2cc8581-92bd-4d6e-a620-9263511b6bbd","correlationId":"e86b2f70-03ff-4d0e-9082-c32634eb571c","organizationId":"a2cc8581-92bd-4d6e-a620-9263511b6bbd","service":"nonprofit-manager-api","tenantId":"a2cc8581-92bd-4d6e-a620-9263511b6bbd","timestamp":"2026-04-19 20:23:15","userId":"419ac2ce-ffa0-400c-a030-19377cffd8be"}
[32minfo[39m: Contact created: 1518ea68-ff15-4227-89ad-3bfb194deff5 {"accountId":"a2cc8581-92bd-4d6e-a620-9263511b6bbd","correlationId":"86c44ff1-5b1c-49b6-9f53-56faceb05a72","organizationId":"a2cc8581-92bd-4d6e-a620-9263511b6bbd","service":"nonprofit-manager-api","tenantId":"a2cc8581-92bd-4d6e-a620-9263511b6bbd","timestamp":"2026-04-19 20:23:15","userId":"419ac2ce-ffa0-400c-a030-19377cffd8be"}
[32minfo[39m: Contact created: 99e27fb8-4c1a-4130-b018-0764054ac632 {"accountId":"a2cc8581-92bd-4d6e-a620-9263511b6bbd","correlationId":"5b4919ab-08e0-435a-bf03-7217360cbaf9","organizationId":"a2cc8581-92bd-4d6e-a620-9263511b6bbd","service":"nonprofit-manager-api","tenantId":"a2cc8581-92bd-4d6e-a620-9263511b6bbd","timestamp":"2026-04-19 20:23:15","userId":"419ac2ce-ffa0-400c-a030-19377cffd8be"}
[32minfo[39m: Contact relationship created between 1518ea68-ff15-4227-89ad-3bfb194deff5 and 99e27fb8-4c1a-4130-b018-0764054ac632 {"accountId":"a2cc8581-92bd-4d6e-a620-9263511b6bbd","correlationId":"52d04cdd-a4f1-4229-9eac-98f9f6f8b4e7","organizationId":"a2cc8581-92bd-4d6e-a620-9263511b6bbd","service":"nonprofit-manager-api","tenantId":"a2cc8581-92bd-4d6e-a620-9263511b6bbd","timestamp":"2026-04-19 20:23:15","userId":"419ac2ce-ffa0-400c-a030-19377cffd8be"}
[32minfo[39m: Contact relationship updated: 96e94e97-af1a-4a04-8ba3-e8ec3a3e3a2d {"accountId":"a2cc8581-92bd-4d6e-a620-9263511b6bbd","correlationId":"c9fce7fe-5c9e-43ae-8777-e9ffe8b20a0a","organizationId":"a2cc8581-92bd-4d6e-a620-9263511b6bbd","service":"nonprofit-manager-api","tenantId":"a2cc8581-92bd-4d6e-a620-9263511b6bbd","timestamp":"2026-04-19 20:23:15","userId":"419ac2ce-ffa0-400c-a030-19377cffd8be"}
[32minfo[39m: Contact created: 24609e56-c9bf-4930-b80b-c314d4573e1a {"accountId":"a2cc8581-92bd-4d6e-a620-9263511b6bbd","correlationId":"1385905b-47ec-4c6d-a3bd-0a392bdab7e0","organizationId":"a2cc8581-92bd-4d6e-a620-9263511b6bbd","service":"nonprofit-manager-api","tenantId":"a2cc8581-92bd-4d6e-a620-9263511b6bbd","timestamp":"2026-04-19 20:23:15","userId":"419ac2ce-ffa0-400c-a030-19377cffd8be"}
[32minfo[39m: Contact created: b6807d97-a237-40a4-92b6-637969a72d20 {"accountId":"a2cc8581-92bd-4d6e-a620-9263511b6bbd","correlationId":"3a9aa936-d5a9-477a-ae0b-65736bb7c597","organizationId":"a2cc8581-92bd-4d6e-a620-9263511b6bbd","service":"nonprofit-manager-api","tenantId":"a2cc8581-92bd-4d6e-a620-9263511b6bbd","timestamp":"2026-04-19 20:23:15","userId":"419ac2ce-ffa0-400c-a030-19377cffd8be"}
[32minfo[39m: Contact relationship created between 24609e56-c9bf-4930-b80b-c314d4573e1a and b6807d97-a237-40a4-92b6-637969a72d20 {"accountId":"a2cc8581-92bd-4d6e-a620-9263511b6bbd","correlationId":"1e167a3e-4f6a-4355-a96f-ddf4acded915","organizationId":"a2cc8581-92bd-4d6e-a620-9263511b6bbd","service":"nonprofit-manager-api","tenantId":"a2cc8581-92bd-4d6e-a620-9263511b6bbd","timestamp":"2026-04-19 20:23:15","userId":"419ac2ce-ffa0-400c-a030-19377cffd8be"}
[32minfo[39m: Contact relationship updated: 94c45a24-992e-49cb-8df4-ba942fa6c26d {"accountId":"a2cc8581-92bd-4d6e-a620-9263511b6bbd","correlationId":"597f253d-ddc2-4a71-8f55-067e198737ad","organizationId":"a2cc8581-92bd-4d6e-a620-9263511b6bbd","service":"nonprofit-manager-api","tenantId":"a2cc8581-92bd-4d6e-a620-9263511b6bbd","timestamp":"2026-04-19 20:23:15","userId":"419ac2ce-ffa0-400c-a030-19377cffd8be"}
[32minfo[39m: Contact created: 8e4ecf57-7b44-41bf-b9a1-674e83bc19b0 {"accountId":"a2cc8581-92bd-4d6e-a620-9263511b6bbd","correlationId":"485748b8-59a7-433e-9db1-e4632e949aff","organizationId":"a2cc8581-92bd-4d6e-a620-9263511b6bbd","service":"nonprofit-manager-api","tenantId":"a2cc8581-92bd-4d6e-a620-9263511b6bbd","timestamp":"2026-04-19 20:23:15","userId":"419ac2ce-ffa0-400c-a030-19377cffd8be"}
[32minfo[39m: Contact created: a656f8d5-1a8b-469f-becb-f9d0d6d03ee8 {"accountId":"a2cc8581-92bd-4d6e-a620-9263511b6bbd","correlationId":"49a2a664-6985-42bd-84ec-81599b962dd2","organizationId":"a2cc8581-92bd-4d6e-a620-9263511b6bbd","service":"nonprofit-manager-api","tenantId":"a2cc8581-92bd-4d6e-a620-9263511b6bbd","timestamp":"2026-04-19 20:23:15","userId":"419ac2ce-ffa0-400c-a030-19377cffd8be"}
[32minfo[39m: Contact relationship created between 8e4ecf57-7b44-41bf-b9a1-674e83bc19b0 and a656f8d5-1a8b-469f-becb-f9d0d6d03ee8 {"accountId":"a2cc8581-92bd-4d6e-a620-9263511b6bbd","correlationId":"25e42a04-1593-4c5c-b2a2-7dc27b6728f6","organizationId":"a2cc8581-92bd-4d6e-a620-9263511b6bbd","service":"nonprofit-manager-api","tenantId":"a2cc8581-92bd-4d6e-a620-9263511b6bbd","timestamp":"2026-04-19 20:23:15","userId":"419ac2ce-ffa0-400c-a030-19377cffd8be"}
[32minfo[39m: Contact relationship soft deleted: 8f204a74-1393-40aa-8160-1dacc49500c4 {"accountId":"a2cc8581-92bd-4d6e-a620-9263511b6bbd","correlationId":"b990b669-d11c-4f59-985d-d1045786fe85","organizationId":"a2cc8581-92bd-4d6e-a620-9263511b6bbd","service":"nonprofit-manager-api","tenantId":"a2cc8581-92bd-4d6e-a620-9263511b6bbd","timestamp":"2026-04-19 20:23:15","userId":"419ac2ce-ffa0-400c-a030-19377cffd8be"}
[32minfo[39m: Contact created: 3ef6772d-4222-43e6-b7dc-a6841de1fe4e {"accountId":"a2cc8581-92bd-4d6e-a620-9263511b6bbd","correlationId":"b020eb44-3cfd-4a80-bff7-f366bea0bb0c","organizationId":"a2cc8581-92bd-4d6e-a620-9263511b6bbd","service":"nonprofit-manager-api","tenantId":"a2cc8581-92bd-4d6e-a620-9263511b6bbd","timestamp":"2026-04-19 20:23:15","userId":"419ac2ce-ffa0-400c-a030-19377cffd8be"}
[32minfo[39m: Contact created: 7728044e-c5e4-491f-a6a2-606080f0f0d1 {"accountId":"a2cc8581-92bd-4d6e-a620-9263511b6bbd","correlationId":"6ef59946-73d2-4c10-8642-48015d4f268e","organizationId":"a2cc8581-92bd-4d6e-a620-9263511b6bbd","service":"nonprofit-manager-api","tenantId":"a2cc8581-92bd-4d6e-a620-9263511b6bbd","timestamp":"2026-04-19 20:23:15","userId":"419ac2ce-ffa0-400c-a030-19377cffd8be"}
[32minfo[39m: Contact relationship created between 3ef6772d-4222-43e6-b7dc-a6841de1fe4e and 7728044e-c5e4-491f-a6a2-606080f0f0d1 {"accountId":"a2cc8581-92bd-4d6e-a620-9263511b6bbd","correlationId":"f6261651-abec-4e60-9049-8a4f44f43ba4","organizationId":"a2cc8581-92bd-4d6e-a620-9263511b6bbd","service":"nonprofit-manager-api","tenantId":"a2cc8581-92bd-4d6e-a620-9263511b6bbd","timestamp":"2026-04-19 20:23:15","userId":"419ac2ce-ffa0-400c-a030-19377cffd8be"}
[32minfo[39m: Contact relationship updated: e460c8dc-13c8-4228-b86e-f456b17670e6 {"accountId":"a2cc8581-92bd-4d6e-a620-9263511b6bbd","correlationId":"4db33237-fff7-497d-8ecd-edf4d7267f1d","organizationId":"a2cc8581-92bd-4d6e-a620-9263511b6bbd","service":"nonprofit-manager-api","tenantId":"a2cc8581-92bd-4d6e-a620-9263511b6bbd","timestamp":"2026-04-19 20:23:15","userId":"419ac2ce-ffa0-400c-a030-19377cffd8be"}
[32minfo[39m: Contact created: f5111ba1-4924-4444-a337-63f8d540680d {"accountId":"a2cc8581-92bd-4d6e-a620-9263511b6bbd","correlationId":"4a3896e7-58d4-426d-bac9-2af7aaec41a6","organizationId":"a2cc8581-92bd-4d6e-a620-9263511b6bbd","service":"nonprofit-manager-api","tenantId":"a2cc8581-92bd-4d6e-a620-9263511b6bbd","timestamp":"2026-04-19 20:23:15","userId":"21271571-d85a-4ef6-8209-76f6420be43a"}
[32minfo[39m: Contact soft deleted: f5111ba1-4924-4444-a337-63f8d540680d {"accountId":"a2cc8581-92bd-4d6e-a620-9263511b6bbd","correlationId":"14744f97-6779-4cbe-ace7-70bcf8af5f27","organizationId":"a2cc8581-92bd-4d6e-a620-9263511b6bbd","service":"nonprofit-manager-api","tenantId":"a2cc8581-92bd-4d6e-a620-9263511b6bbd","timestamp":"2026-04-19 20:23:15","userId":"21271571-d85a-4ef6-8209-76f6420be43a"}
[32minfo[39m: Contact created: 18f742ab-3424-4cfd-ae93-1d504254db50 {"accountId":"a2cc8581-92bd-4d6e-a620-9263511b6bbd","correlationId":"fecdfa4a-079a-4eaf-a3dd-e8da4f0d85ba","organizationId":"a2cc8581-92bd-4d6e-a620-9263511b6bbd","service":"nonprofit-manager-api","tenantId":"a2cc8581-92bd-4d6e-a620-9263511b6bbd","timestamp":"2026-04-19 20:23:15","userId":"21271571-d85a-4ef6-8209-76f6420be43a"}
[32minfo[39m: Contact created: 9938a491-7a30-4cb1-b641-ab89eec57b1c {"accountId":"a2cc8581-92bd-4d6e-a620-9263511b6bbd","correlationId":"63276af1-3358-4819-b6bb-9a391d411ed5","organizationId":"a2cc8581-92bd-4d6e-a620-9263511b6bbd","service":"nonprofit-manager-api","tenantId":"a2cc8581-92bd-4d6e-a620-9263511b6bbd","timestamp":"2026-04-19 20:23:15","userId":"419ac2ce-ffa0-400c-a030-19377cffd8be"}
[32minfo[39m: Contact created: e3c7fbc9-2874-4f69-afc1-1a04a0a1677c {"accountId":"a2cc8581-92bd-4d6e-a620-9263511b6bbd","correlationId":"48ea724d-2c75-4c30-9a75-865b869cde61","organizationId":"a2cc8581-92bd-4d6e-a620-9263511b6bbd","service":"nonprofit-manager-api","tenantId":"a2cc8581-92bd-4d6e-a620-9263511b6bbd","timestamp":"2026-04-19 20:23:16","userId":"419ac2ce-ffa0-400c-a030-19377cffd8be"}
[32minfo[39m: Contact phone created for contact 9938a491-7a30-4cb1-b641-ab89eec57b1c {"accountId":"a2cc8581-92bd-4d6e-a620-9263511b6bbd","correlationId":"bbfb5e46-8055-44a5-beb7-93734f3c7489","organizationId":"a2cc8581-92bd-4d6e-a620-9263511b6bbd","service":"nonprofit-manager-api","tenantId":"a2cc8581-92bd-4d6e-a620-9263511b6bbd","timestamp":"2026-04-19 20:23:16","userId":"419ac2ce-ffa0-400c-a030-19377cffd8be"}
[32minfo[39m: Contact phone created for contact e3c7fbc9-2874-4f69-afc1-1a04a0a1677c {"accountId":"a2cc8581-92bd-4d6e-a620-9263511b6bbd","correlationId":"77a35f20-c2fd-434f-9828-da8e155a159b","organizationId":"a2cc8581-92bd-4d6e-a620-9263511b6bbd","service":"nonprofit-manager-api","tenantId":"a2cc8581-92bd-4d6e-a620-9263511b6bbd","timestamp":"2026-04-19 20:23:16","userId":"419ac2ce-ffa0-400c-a030-19377cffd8be"}
[32minfo[39m: Contact email created for contact 9938a491-7a30-4cb1-b641-ab89eec57b1c {"accountId":"a2cc8581-92bd-4d6e-a620-9263511b6bbd","correlationId":"587e880d-7706-4106-b6f8-291211c47275","organizationId":"a2cc8581-92bd-4d6e-a620-9263511b6bbd","service":"nonprofit-manager-api","tenantId":"a2cc8581-92bd-4d6e-a620-9263511b6bbd","timestamp":"2026-04-19 20:23:16","userId":"419ac2ce-ffa0-400c-a030-19377cffd8be"}
[32minfo[39m: Contact email created for contact e3c7fbc9-2874-4f69-afc1-1a04a0a1677c {"accountId":"a2cc8581-92bd-4d6e-a620-9263511b6bbd","correlationId":"d6b10ffe-7201-4f53-9298-7bca0030ceba","organizationId":"a2cc8581-92bd-4d6e-a620-9263511b6bbd","service":"nonprofit-manager-api","tenantId":"a2cc8581-92bd-4d6e-a620-9263511b6bbd","timestamp":"2026-04-19 20:23:16","userId":"419ac2ce-ffa0-400c-a030-19377cffd8be"}
[32minfo[39m: Contact relationship created between 9938a491-7a30-4cb1-b641-ab89eec57b1c and 18f742ab-3424-4cfd-ae93-1d504254db50 {"accountId":"a2cc8581-92bd-4d6e-a620-9263511b6bbd","correlationId":"ab263fcd-8ec3-4a46-857e-ce579c0dc06f","organizationId":"a2cc8581-92bd-4d6e-a620-9263511b6bbd","service":"nonprofit-manager-api","tenantId":"a2cc8581-92bd-4d6e-a620-9263511b6bbd","timestamp":"2026-04-19 20:23:16","userId":"419ac2ce-ffa0-400c-a030-19377cffd8be"}
[32minfo[39m: Contact relationship created between e3c7fbc9-2874-4f69-afc1-1a04a0a1677c and 18f742ab-3424-4cfd-ae93-1d504254db50 {"accountId":"a2cc8581-92bd-4d6e-a620-9263511b6bbd","correlationId":"947284c2-38a0-4249-b55f-28f689bdded9","organizationId":"a2cc8581-92bd-4d6e-a620-9263511b6bbd","service":"nonprofit-manager-api","tenantId":"a2cc8581-92bd-4d6e-a620-9263511b6bbd","timestamp":"2026-04-19 20:23:16","userId":"419ac2ce-ffa0-400c-a030-19377cffd8be"}
[32minfo[39m: Volunteer created: 7dae439e-9734-4ca7-ac5a-f63078132a11 {"accountId":"a2cc8581-92bd-4d6e-a620-9263511b6bbd","correlationId":"ad64280d-a2be-4ac7-82a2-27cb82f0ba5f","organizationId":"a2cc8581-92bd-4d6e-a620-9263511b6bbd","service":"nonprofit-manager-api","tenantId":"a2cc8581-92bd-4d6e-a620-9263511b6bbd","timestamp":"2026-04-19 20:23:16","userId":"419ac2ce-ffa0-400c-a030-19377cffd8be"}
[32minfo[39m: Volunteer created: 74c2674f-9ef6-4aa7-b032-96d22b4ca699 {"accountId":"a2cc8581-92bd-4d6e-a620-9263511b6bbd","correlationId":"a7e2073c-fe98-4d54-8997-a489bc8c2729","organizationId":"a2cc8581-92bd-4d6e-a620-9263511b6bbd","service":"nonprofit-manager-api","tenantId":"a2cc8581-92bd-4d6e-a620-9263511b6bbd","timestamp":"2026-04-19 20:23:16","userId":"419ac2ce-ffa0-400c-a030-19377cffd8be"}
[32minfo[39m: Contact created: 9ff164cb-44b0-4888-be1b-ca80c14265bf {"accountId":"a2cc8581-92bd-4d6e-a620-9263511b6bbd","correlationId":"b9f88891-f79a-4e41-a82b-9ff1987bb20a","organizationId":"a2cc8581-92bd-4d6e-a620-9263511b6bbd","service":"nonprofit-manager-api","tenantId":"a2cc8581-92bd-4d6e-a620-9263511b6bbd","timestamp":"2026-04-19 20:23:16","userId":"419ac2ce-ffa0-400c-a030-19377cffd8be"}
[32minfo[39m: Account created: 3d6d3c7e-3afb-48d5-aec6-173ab217f190 {"accountId":"a2cc8581-92bd-4d6e-a620-9263511b6bbd","correlationId":"9882f4e9-beae-4ebb-a9f2-a7166c16f698","organizationId":"a2cc8581-92bd-4d6e-a620-9263511b6bbd","service":"nonprofit-manager-api","tenantId":"a2cc8581-92bd-4d6e-a620-9263511b6bbd","timestamp":"2026-04-19 20:23:16","userId":"21271571-d85a-4ef6-8209-76f6420be43a"}
[32minfo[39m: Contact created: d0d02fde-a5d9-485c-9356-36de9bf2d240 {"accountId":"a2cc8581-92bd-4d6e-a620-9263511b6bbd","correlationId":"9618d370-b5af-4e34-90e9-682a8910de3d","organizationId":"a2cc8581-92bd-4d6e-a620-9263511b6bbd","service":"nonprofit-manager-api","tenantId":"a2cc8581-92bd-4d6e-a620-9263511b6bbd","timestamp":"2026-04-19 20:23:16","userId":"21271571-d85a-4ef6-8209-76f6420be43a"}
[32minfo[39m: Contact created: e1001ff3-df95-4dce-a2f2-e84b23bf76e2 {"accountId":"3d6d3c7e-3afb-48d5-aec6-173ab217f190","correlationId":"b3d95cd9-c56e-4ec3-a9be-6270cb3d09eb","organizationId":"3d6d3c7e-3afb-48d5-aec6-173ab217f190","service":"nonprofit-manager-api","tenantId":"3d6d3c7e-3afb-48d5-aec6-173ab217f190","timestamp":"2026-04-19 20:23:16","userId":"419ac2ce-ffa0-400c-a030-19377cffd8be"}
[31merror[39m: Error merging contacts: Contacts must belong to the same organization {"code":"[REDACTED]","service":"nonprofit-manager-api","stack":"Error: Contacts must belong to the same organization\n    at createMergeValidationError (/Users/bryan/projects/nonprofit-manager/backend/src/modules/contacts/services/contactMergeHelpers.ts:219:17)\n    at ContactMergeService.mergeContacts (/Users/bryan/projects/nonprofit-manager/backend/src/modules/contacts/services/contactMergeService.ts:191:41)\n    at processTicksAndRejections (node:internal/process/task_queues:104:5)\n    at Object.<anonymous> (/Users/bryan/projects/nonprofit-manager/backend/src/__tests__/integration/contacts.test.ts:2134:9)","statusCode":"[REDACTED]","timestamp":"2026-04-19 20:23:16"}
[32minfo[39m: Contact created: 67aa0fe5-3f20-493f-ab59-03e5f943f94a {"accountId":"a2cc8581-92bd-4d6e-a620-9263511b6bbd","correlationId":"f6b46cda-bc69-4e7c-bbd2-e641aeae10c5","organizationId":"a2cc8581-92bd-4d6e-a620-9263511b6bbd","service":"nonprofit-manager-api","tenantId":"a2cc8581-92bd-4d6e-a620-9263511b6bbd","timestamp":"2026-04-19 20:23:16","userId":"419ac2ce-ffa0-400c-a030-19377cffd8be"}
[32minfo[39m: Contact created: f8ba303b-e7df-45e3-ac57-1cb954914fda {"accountId":"a2cc8581-92bd-4d6e-a620-9263511b6bbd","correlationId":"3c86c849-38e4-4237-a1a0-4e2c3fbaee67","organizationId":"a2cc8581-92bd-4d6e-a620-9263511b6bbd","service":"nonprofit-manager-api","tenantId":"a2cc8581-92bd-4d6e-a620-9263511b6bbd","timestamp":"2026-04-19 20:23:16","userId":"419ac2ce-ffa0-400c-a030-19377cffd8be"}
[32minfo[39m: Contact phone created for contact 67aa0fe5-3f20-493f-ab59-03e5f943f94a {"accountId":"a2cc8581-92bd-4d6e-a620-9263511b6bbd","correlationId":"47a6b79d-b98b-4f09-bbe9-8e329c3b5c1e","organizationId":"a2cc8581-92bd-4d6e-a620-9263511b6bbd","service":"nonprofit-manager-api","tenantId":"a2cc8581-92bd-4d6e-a620-9263511b6bbd","timestamp":"2026-04-19 20:23:16","userId":"419ac2ce-ffa0-400c-a030-19377cffd8be"}
[32minfo[39m: Volunteer created: 62505b11-3f2d-49fb-ade0-1763cc654da8 {"accountId":"a2cc8581-92bd-4d6e-a620-9263511b6bbd","correlationId":"8d4cce10-5957-4a69-ad5c-7b9295de6ae2","organizationId":"a2cc8581-92bd-4d6e-a620-9263511b6bbd","service":"nonprofit-manager-api","tenantId":"a2cc8581-92bd-4d6e-a620-9263511b6bbd","timestamp":"2026-04-19 20:23:16","userId":"419ac2ce-ffa0-400c-a030-19377cffd8be"}
[32minfo[39m: Volunteer created: 5da12a8c-1991-4e85-a55b-5aae59e4cdca {"accountId":"a2cc8581-92bd-4d6e-a620-9263511b6bbd","correlationId":"79f0221d-b17d-4e08-872c-a2683a7a723b","organizationId":"a2cc8581-92bd-4d6e-a620-9263511b6bbd","service":"nonprofit-manager-api","tenantId":"a2cc8581-92bd-4d6e-a620-9263511b6bbd","timestamp":"2026-04-19 20:23:16","userId":"419ac2ce-ffa0-400c-a030-19377cffd8be"}
[31merror[39m: Error merging contacts: Missing merge resolution for field 'availability_status' {"code":"[REDACTED]","service":"nonprofit-manager-api","stack":"Error: Missing merge resolution for field 'availability_status'\n    at createMergeValidationError (/Users/bryan/projects/nonprofit-manager/backend/src/modules/contacts/services/contactMergeHelpers.ts:219:17)\n    at pickVolunteerValue (/Users/bryan/projects/nonprofit-manager/backend/src/modules/contacts/services/contactMergeService.ts:517:43)\n    at ContactMergeService.mergeContacts (/Users/bryan/projects/nonprofit-manager/backend/src/modules/contacts/services/contactMergeService.ts:565:44)\n    at processTicksAndRejections (node:internal/process/task_queues:104:5)\n    at Object.<anonymous> (/Users/bryan/projects/nonprofit-manager/backend/src/__tests__/integration/contacts.test.ts:2181:7)","statusCode":"[REDACTED]","timestamp":"2026-04-19 20:23:16"}
PASS src/__tests__/integration/contacts.test.ts
  Contact API Integration Tests
    POST /api/v2/contacts
      ✓ should create a new contact with valid data (40 ms)
      ✓ should require authentication (2 ms)
      ✓ should create contact with required fields (19 ms)
      ✓ should create contact with email (17 ms)
      ✓ should accept formatted PHN input and normalize to 10 digits (71 ms)
      ✓ should persist date-only DOB, multiple roles, and seeded child contact methods (62 ms)
      ✓ should reject invalid PHN length (12 ms)
    GET /api/v2/contacts
      ✓ should return paginated list of contacts (41 ms)
      ✓ should support search query (14 ms)
      ✓ should match full-name searches when optional fields are empty (30 ms)
      ✓ should filter by account_id (40 ms)
      ✓ should filter by client role (31 ms)
      ✓ should require authentication (1 ms)
      ✓ should reject invalid role filter values (11 ms)
    GET /api/v2/contacts/lookup
      ✓ should return lightweight lookup results (27 ms)
      ✓ should match full-name lookup queries when preferred name is empty (31 ms)
      ✓ should enforce query validation (11 ms)
    GET /api/v2/contacts/:id
      ✓ should return a single contact by ID (26 ms)
      ✓ should return 404 for non-existent contact (11 ms)
      ✓ should require authentication
      ✓ should return full PHN for staff and masked PHN for non-staff (148 ms)
    GET /api/v2/contacts/:id/communications
      ✓ returns aggregated appointment and event reminder history for the contact (48 ms)
      ✓ supports filtering by channel (33 ms)
    GET /api/v2/contacts/:id/notes/timeline
      ✓ returns mixed contact notes, case notes, and event activity in reverse chronological order (42 ms)
      ✓ excludes case notes whose case does not resolve to the active organization (69 ms)
    PUT /api/v2/contacts/:id
      ✓ should update an existing contact (34 ms)
      ✓ should clear summary contact methods and preserve DOB as a date-only string (56 ms)
      ✓ should return 404 for non-existent contact (12 ms)
      ✓ should require authentication (1 ms)
    contact child method sync
      ✓ should refresh parent summaries when email and phone child records change (98 ms)
    contact phone routes
      ✓ returns a validation error for duplicate phone creation (34 ms)
      ✓ returns a validation error for duplicate phone updates (50 ms)
      ✓ returns not found for missing phone routes (35 ms)
    contact relationship routes
      ✓ creates bidirectional pairs and synchronizes inverse updates (51 ms)
      ✓ deactivates the inverse row when bidirectional is toggled off (53 ms)
      ✓ soft deletes the inverse row when one side is deleted (58 ms)
      ✓ keeps bidirectional writes without an inverse type effectively one-way (52 ms)
    DELETE /api/v2/contacts/:id
      ✓ should soft delete a contact (34 ms)
      ✓ should return 404 for non-existent contact (11 ms)
      ✓ should require authentication (1 ms)
    POST /api/v2/contacts/:id/merge
      ✓ merges linked records and volunteer data without dropping information (211 ms)
      ✓ rejects self merges with a validation error (16 ms)
      ✓ rejects cross-organization merges with a validation error (51 ms)
      ✓ rolls back linked record changes when volunteer validation fails (93 ms)

[32minfo[39m: Redis caching is disabled {"service":"nonprofit-manager-api","timestamp":"2026-04-19 20:23:16"}
[32minfo[39m: Failed login attempt recorded {"attempts":"[REDACTED]","correlationId":"4b13cdc0-3327-455c-b519-db419c31a77a","identifier":"[REDACTED]","remainingAttempts":"[REDACTED]","service":"nonprofit-manager-api","timestamp":"2026-04-19 20:23:16"}
[33mwarn[39m: Failed login attempt for user: passkey-lockout-1776655396657-be33d33b0f727@example.com {"correlationId":"[REDACTED]","ip":"[REDACTED]","service":"nonprofit-manager-api","timestamp":"2026-04-19 20:23:16"}
[32minfo[39m: Failed login attempt recorded {"attempts":"[REDACTED]","correlationId":"bd459781-f137-42ba-9a73-1955903cda6f","identifier":"[REDACTED]","remainingAttempts":"[REDACTED]","service":"nonprofit-manager-api","timestamp":"2026-04-19 20:23:16"}
[33mwarn[39m: Failed login attempt for user: passkey-lockout-1776655396657-be33d33b0f727@example.com {"correlationId":"[REDACTED]","ip":"[REDACTED]","service":"nonprofit-manager-api","timestamp":"2026-04-19 20:23:16"}
[32minfo[39m: Failed login attempt recorded {"attempts":"[REDACTED]","correlationId":"cdd43782-ddd1-439c-ad30-40e3a744ab4b","identifier":"[REDACTED]","remainingAttempts":"[REDACTED]","service":"nonprofit-manager-api","timestamp":"2026-04-19 20:23:16"}
[33mwarn[39m: Failed login attempt for user: passkey-lockout-1776655396657-be33d33b0f727@example.com {"correlationId":"[REDACTED]","ip":"[REDACTED]","service":"nonprofit-manager-api","timestamp":"2026-04-19 20:23:16"}
[32minfo[39m: Failed login attempt recorded {"attempts":"[REDACTED]","correlationId":"bc6b4b9e-409e-470b-a35f-cc8d14e8533a","identifier":"[REDACTED]","remainingAttempts":"[REDACTED]","service":"nonprofit-manager-api","timestamp":"2026-04-19 20:23:17"}
[33mwarn[39m: Failed login attempt for user: passkey-lockout-1776655396657-be33d33b0f727@example.com {"correlationId":"[REDACTED]","ip":"[REDACTED]","service":"nonprofit-manager-api","timestamp":"2026-04-19 20:23:17"}
[32minfo[39m: Failed login attempt recorded {"attempts":"[REDACTED]","correlationId":"3f689083-0710-47a6-b979-00bc919a105b","identifier":"[REDACTED]","remainingAttempts":"[REDACTED]","service":"nonprofit-manager-api","timestamp":"2026-04-19 20:23:17"}
[33mwarn[39m: Failed login attempt for user: passkey-lockout-1776655396657-be33d33b0f727@example.com {"correlationId":"[REDACTED]","ip":"[REDACTED]","service":"nonprofit-manager-api","timestamp":"2026-04-19 20:23:17"}
[32minfo[39m: Failed login attempt recorded {"attempts":"[REDACTED]","correlationId":"fcabeeab-9c2a-4315-9253-ed080bb425e6","identifier":"[REDACTED]","remainingAttempts":"[REDACTED]","service":"nonprofit-manager-api","timestamp":"2026-04-19 20:23:17"}
[33mwarn[39m: Failed login attempt for user: passkey-lockout-1776655396657-be33d33b0f727@example.com {"correlationId":"[REDACTED]","ip":"[REDACTED]","service":"nonprofit-manager-api","timestamp":"2026-04-19 20:23:17"}
[32minfo[39m: Failed login attempt recorded {"attempts":"[REDACTED]","correlationId":"a0da5385-c869-47b1-a6f9-2b3187a3125e","identifier":"[REDACTED]","remainingAttempts":"[REDACTED]","service":"nonprofit-manager-api","timestamp":"2026-04-19 20:23:17"}
[33mwarn[39m: Failed login attempt for user: passkey-lockout-1776655396657-be33d33b0f727@example.com {"correlationId":"[REDACTED]","ip":"[REDACTED]","service":"nonprofit-manager-api","timestamp":"2026-04-19 20:23:17"}
[32minfo[39m: Failed login attempt recorded {"attempts":"[REDACTED]","correlationId":"a06c2694-317e-43bd-ae6a-1da4118fef76","identifier":"[REDACTED]","remainingAttempts":"[REDACTED]","service":"nonprofit-manager-api","timestamp":"2026-04-19 20:23:17"}
[33mwarn[39m: Failed login attempt for user: passkey-lockout-1776655396657-be33d33b0f727@example.com {"correlationId":"[REDACTED]","ip":"[REDACTED]","service":"nonprofit-manager-api","timestamp":"2026-04-19 20:23:17"}
[32minfo[39m: Failed login attempt recorded {"attempts":"[REDACTED]","correlationId":"31444721-9174-4d7c-b83e-ce72cf3c0424","identifier":"[REDACTED]","remainingAttempts":"[REDACTED]","service":"nonprofit-manager-api","timestamp":"2026-04-19 20:23:17"}
[33mwarn[39m: Failed login attempt for user: passkey-lockout-1776655396657-be33d33b0f727@example.com {"correlationId":"[REDACTED]","ip":"[REDACTED]","service":"nonprofit-manager-api","timestamp":"2026-04-19 20:23:17"}
[32minfo[39m: Failed login attempt recorded {"attempts":"[REDACTED]","correlationId":"cf1faa6c-e005-4255-b615-dddbc3f75e17","identifier":"[REDACTED]","remainingAttempts":"[REDACTED]","service":"nonprofit-manager-api","timestamp":"2026-04-19 20:23:17"}
[33mwarn[39m: Failed login attempt for user: passkey-lockout-1776655396657-be33d33b0f727@example.com {"correlationId":"[REDACTED]","ip":"[REDACTED]","service":"nonprofit-manager-api","timestamp":"2026-04-19 20:23:17"}
[32minfo[39m: Failed login attempt recorded {"attempts":"[REDACTED]","correlationId":"3f9d987d-523c-495d-a172-e662bd2e1cd7","identifier":"[REDACTED]","remainingAttempts":"[REDACTED]","service":"nonprofit-manager-api","timestamp":"2026-04-19 20:23:17"}
[33mwarn[39m: Failed login attempt for user: passkey-lockout-1776655396657-be33d33b0f727@example.com {"correlationId":"[REDACTED]","ip":"[REDACTED]","service":"nonprofit-manager-api","timestamp":"2026-04-19 20:23:17"}
[32minfo[39m: Failed login attempt recorded {"attempts":"[REDACTED]","correlationId":"879f7f67-64c4-4700-9121-d8a7075f71d7","identifier":"[REDACTED]","remainingAttempts":"[REDACTED]","service":"nonprofit-manager-api","timestamp":"2026-04-19 20:23:17"}
[33mwarn[39m: Failed login attempt for user: passkey-lockout-1776655396657-be33d33b0f727@example.com {"correlationId":"[REDACTED]","ip":"[REDACTED]","service":"nonprofit-manager-api","timestamp":"2026-04-19 20:23:17"}
[32minfo[39m: Failed login attempt recorded {"attempts":"[REDACTED]","correlationId":"2b9a2ca2-cf8c-437e-931c-df0828b954f0","identifier":"[REDACTED]","remainingAttempts":"[REDACTED]","service":"nonprofit-manager-api","timestamp":"2026-04-19 20:23:17"}
[33mwarn[39m: Failed login attempt for user: passkey-lockout-1776655396657-be33d33b0f727@example.com {"correlationId":"[REDACTED]","ip":"[REDACTED]","service":"nonprofit-manager-api","timestamp":"2026-04-19 20:23:17"}
[32minfo[39m: Failed login attempt recorded {"attempts":"[REDACTED]","correlationId":"903e716b-4ee0-4d1c-840b-cef2035a9b75","identifier":"[REDACTED]","remainingAttempts":"[REDACTED]","service":"nonprofit-manager-api","timestamp":"2026-04-19 20:23:17"}
[33mwarn[39m: Failed login attempt for user: passkey-lockout-1776655396657-be33d33b0f727@example.com {"correlationId":"[REDACTED]","ip":"[REDACTED]","service":"nonprofit-manager-api","timestamp":"2026-04-19 20:23:17"}
[33mwarn[39m: Account locked due to too many failed login attempts {"attempts":"[REDACTED]","correlationId":"e0f35591-5cd2-4b9e-bb68-817e25516b1f","identifier":"[REDACTED]","lockedUntil":{},"service":"nonprofit-manager-api","timestamp":"2026-04-19 20:23:17"}
[33mwarn[39m: Failed login attempt for user: passkey-lockout-1776655396657-be33d33b0f727@example.com {"correlationId":"[REDACTED]","ip":"[REDACTED]","service":"nonprofit-manager-api","timestamp":"2026-04-19 20:23:17"}
[33mwarn[39m: Login attempt on locked account {"correlationId":"c382731c-9721-46ea-81ad-2d486423ef93","email":"[REDACTED]","minutesRemaining":"[REDACTED]","service":"nonprofit-manager-api","timestamp":"2026-04-19 20:23:17"}
[32minfo[39m: User logged in: passkey-lockout-1776655396657-be33d33b0f727@example.com {"correlationId":"[REDACTED]","ip":"[REDACTED]","service":"nonprofit-manager-api","timestamp":"2026-04-19 20:23:17"}
[32minfo[39m: Failed login attempt recorded {"attempts":"[REDACTED]","correlationId":"c6e0041f-175e-46c6-9ee8-f14a7a76bfc5","identifier":"[REDACTED]","remainingAttempts":"[REDACTED]","service":"nonprofit-manager-api","timestamp":"2026-04-19 20:23:18"}
[33mwarn[39m: Failed login attempt for user: passkey-lockout-1776655397902-a4fcd036c68af@example.com {"correlationId":"[REDACTED]","ip":"[REDACTED]","service":"nonprofit-manager-api","timestamp":"2026-04-19 20:23:18"}
[32minfo[39m: Failed login attempt recorded {"attempts":"[REDACTED]","correlationId":"f62b1a20-77fd-4a81-8f60-8d42e413c56a","identifier":"[REDACTED]","remainingAttempts":"[REDACTED]","service":"nonprofit-manager-api","timestamp":"2026-04-19 20:23:18"}
[33mwarn[39m: Failed login attempt for user: passkey-lockout-1776655397902-a4fcd036c68af@example.com {"correlationId":"[REDACTED]","ip":"[REDACTED]","service":"nonprofit-manager-api","timestamp":"2026-04-19 20:23:18"}
[32minfo[39m: Failed login attempt recorded {"attempts":"[REDACTED]","correlationId":"5572c5fa-a63b-4891-b042-712b9eda853d","identifier":"[REDACTED]","remainingAttempts":"[REDACTED]","service":"nonprofit-manager-api","timestamp":"2026-04-19 20:23:18"}
[33mwarn[39m: Failed login attempt for user: passkey-lockout-1776655397902-a4fcd036c68af@example.com {"correlationId":"[REDACTED]","ip":"[REDACTED]","service":"nonprofit-manager-api","timestamp":"2026-04-19 20:23:18"}
[32minfo[39m: Failed login attempt recorded {"attempts":"[REDACTED]","correlationId":"a73be504-c385-4732-8fc8-db901fab05b3","identifier":"[REDACTED]","remainingAttempts":"[REDACTED]","service":"nonprofit-manager-api","timestamp":"2026-04-19 20:23:18"}
[33mwarn[39m: Failed login attempt for user: passkey-lockout-1776655397902-a4fcd036c68af@example.com {"correlationId":"[REDACTED]","ip":"[REDACTED]","service":"nonprofit-manager-api","timestamp":"2026-04-19 20:23:18"}
[32minfo[39m: Failed login attempt recorded {"attempts":"[REDACTED]","correlationId":"9cea0a9a-fe5e-4299-a5b3-01ed02b77588","identifier":"[REDACTED]","remainingAttempts":"[REDACTED]","service":"nonprofit-manager-api","timestamp":"2026-04-19 20:23:18"}
[33mwarn[39m: Failed login attempt for user: passkey-lockout-1776655397902-a4fcd036c68af@example.com {"correlationId":"[REDACTED]","ip":"[REDACTED]","service":"nonprofit-manager-api","timestamp":"2026-04-19 20:23:18"}
[32minfo[39m: Failed login attempt recorded {"attempts":"[REDACTED]","correlationId":"544e81eb-4043-4399-831d-3e358b17c220","identifier":"[REDACTED]","remainingAttempts":"[REDACTED]","service":"nonprofit-manager-api","timestamp":"2026-04-19 20:23:18"}
[33mwarn[39m: Failed login attempt for user: passkey-lockout-1776655397902-a4fcd036c68af@example.com {"correlationId":"[REDACTED]","ip":"[REDACTED]","service":"nonprofit-manager-api","timestamp":"2026-04-19 20:23:18"}
[32minfo[39m: Failed login attempt recorded {"attempts":"[REDACTED]","correlationId":"a5f862b4-7658-407c-8e80-04de8c919395","identifier":"[REDACTED]","remainingAttempts":"[REDACTED]","service":"nonprofit-manager-api","timestamp":"2026-04-19 20:23:18"}
[33mwarn[39m: Failed login attempt for user: passkey-lockout-1776655397902-a4fcd036c68af@example.com {"correlationId":"[REDACTED]","ip":"[REDACTED]","service":"nonprofit-manager-api","timestamp":"2026-04-19 20:23:18"}
[32minfo[39m: Failed login attempt recorded {"attempts":"[REDACTED]","correlationId":"431c7f39-d3d1-4ef3-9e0e-811277bc72c7","identifier":"[REDACTED]","remainingAttempts":"[REDACTED]","service":"nonprofit-manager-api","timestamp":"2026-04-19 20:23:18"}
[33mwarn[39m: Failed login attempt for user: passkey-lockout-1776655397902-a4fcd036c68af@example.com {"correlationId":"[REDACTED]","ip":"[REDACTED]","service":"nonprofit-manager-api","timestamp":"2026-04-19 20:23:18"}
[32minfo[39m: Failed login attempt recorded {"attempts":"[REDACTED]","correlationId":"b832dac1-d534-493b-86cc-c09861b70ce8","identifier":"[REDACTED]","remainingAttempts":"[REDACTED]","service":"nonprofit-manager-api","timestamp":"2026-04-19 20:23:18"}
[33mwarn[39m: Failed login attempt for user: passkey-lockout-1776655397902-a4fcd036c68af@example.com {"correlationId":"[REDACTED]","ip":"[REDACTED]","service":"nonprofit-manager-api","timestamp":"2026-04-19 20:23:18"}
[32minfo[39m: Failed login attempt recorded {"attempts":"[REDACTED]","correlationId":"3498f7ae-839a-4a4e-979d-b7a379492e1f","identifier":"[REDACTED]","remainingAttempts":"[REDACTED]","service":"nonprofit-manager-api","timestamp":"2026-04-19 20:23:18"}
[33mwarn[39m: Failed login attempt for user: passkey-lockout-1776655397902-a4fcd036c68af@example.com {"correlationId":"[REDACTED]","ip":"[REDACTED]","service":"nonprofit-manager-api","timestamp":"2026-04-19 20:23:18"}
[32minfo[39m: Failed login attempt recorded {"attempts":"[REDACTED]","correlationId":"bf7f5515-26cf-41e2-a61c-7ac0a1fba8d5","identifier":"[REDACTED]","remainingAttempts":"[REDACTED]","service":"nonprofit-manager-api","timestamp":"2026-04-19 20:23:18"}
[33mwarn[39m: Failed login attempt for user: passkey-lockout-1776655397902-a4fcd036c68af@example.com {"correlationId":"[REDACTED]","ip":"[REDACTED]","service":"nonprofit-manager-api","timestamp":"2026-04-19 20:23:18"}
[32minfo[39m: Failed login attempt recorded {"attempts":"[REDACTED]","correlationId":"55d3c60f-d9fa-48e3-ba09-48d20da1cfc4","identifier":"[REDACTED]","remainingAttempts":"[REDACTED]","service":"nonprofit-manager-api","timestamp":"2026-04-19 20:23:18"}
[33mwarn[39m: Failed login attempt for user: passkey-lockout-1776655397902-a4fcd036c68af@example.com {"correlationId":"[REDACTED]","ip":"[REDACTED]","service":"nonprofit-manager-api","timestamp":"2026-04-19 20:23:18"}
[32minfo[39m: Failed login attempt recorded {"attempts":"[REDACTED]","correlationId":"5932b019-0a5f-4bc2-8154-73b2b045140f","identifier":"[REDACTED]","remainingAttempts":"[REDACTED]","service":"nonprofit-manager-api","timestamp":"2026-04-19 20:23:18"}
[33mwarn[39m: Failed login attempt for user: passkey-lockout-1776655397902-a4fcd036c68af@example.com {"correlationId":"[REDACTED]","ip":"[REDACTED]","service":"nonprofit-manager-api","timestamp":"2026-04-19 20:23:18"}
[32minfo[39m: Failed login attempt recorded {"attempts":"[REDACTED]","correlationId":"69967c2a-352d-48f7-bcb1-8633107df458","identifier":"[REDACTED]","remainingAttempts":"[REDACTED]","service":"nonprofit-manager-api","timestamp":"2026-04-19 20:23:19"}
[33mwarn[39m: Failed login attempt for user: passkey-lockout-1776655397902-a4fcd036c68af@example.com {"correlationId":"[REDACTED]","ip":"[REDACTED]","service":"nonprofit-manager-api","timestamp":"2026-04-19 20:23:19"}
[33mwarn[39m: Account locked due to too many failed login attempts {"attempts":"[REDACTED]","correlationId":"bec3dab2-1765-4ed7-acb8-952cde426e7d","identifier":"[REDACTED]","lockedUntil":{},"service":"nonprofit-manager-api","timestamp":"2026-04-19 20:23:19"}
[33mwarn[39m: Failed login attempt for user: passkey-lockout-1776655397902-a4fcd036c68af@example.com {"correlationId":"[REDACTED]","ip":"[REDACTED]","service":"nonprofit-manager-api","timestamp":"2026-04-19 20:23:19"}
[33mwarn[39m: Login attempt on locked account {"correlationId":"0ca39cec-ea7c-446f-92ee-825fa9883d12","email":"[REDACTED]","minutesRemaining":"[REDACTED]","service":"nonprofit-manager-api","timestamp":"2026-04-19 20:23:19"}
[33mwarn[39m: Login attempt on locked account {"correlationId":"d2927ee9-203f-45a3-839d-dc406173ff98","email":"[REDACTED]","minutesRemaining":"[REDACTED]","service":"nonprofit-manager-api","timestamp":"2026-04-19 20:23:19"}
PASS src/__tests__/integration/passkeyLockout.test.ts
  Passkey lockout behavior
    ✓ allows passkey sign-in to bypass a password lockout and clear it on success (1244 ms)
    ✓ does not extend the password lockout when passkey verification fails (1198 ms)

[32minfo[39m: Redis caching is disabled {"service":"nonprofit-manager-api","timestamp":"2026-04-19 20:23:19"}
[32minfo[39m: Public events catalog request {"correlationId":"b14d1d23-575f-4781-b5e1-d1c41b02baa0","durationMs":"[REDACTED]","route":"[REDACTED]","service":"nonprofit-manager-api","siteId":"[REDACTED]","siteKey":"[REDACTED]","status":"[REDACTED]","timestamp":"2026-04-19 20:23:21"}
[32minfo[39m: Public events catalog request {"correlationId":"3779d50f-308c-4509-8973-fb4d48a6545f","durationMs":"[REDACTED]","route":"[REDACTED]","service":"nonprofit-manager-api","siteId":"[REDACTED]","siteKey":"[REDACTED]","status":"[REDACTED]","timestamp":"2026-04-19 20:23:21"}
[32minfo[39m: Public events catalog request {"correlationId":"87b4917e-f783-4012-81f3-38e318bfe037","durationMs":"[REDACTED]","route":"[REDACTED]","service":"nonprofit-manager-api","siteId":"[REDACTED]","status":"[REDACTED]","timestamp":"2026-04-19 20:23:21"}
[32minfo[39m: Public events catalog request {"correlationId":"cbccdffd-6316-4175-8dd9-f050371c9751","durationMs":"[REDACTED]","route":"[REDACTED]","service":"nonprofit-manager-api","siteKey":"[REDACTED]","status":"[REDACTED]","timestamp":"2026-04-19 20:23:21"}
PASS src/__tests__/integration/events.test.ts
  Event API Integration Tests
    database RLS contract
      ✓ prevents cross-organization event reads and writes for the app role (22 ms)
    POST /api/v2/events
      ✓ should create a new event with valid data (30 ms)
      ✓ should require authentication (1 ms)
      ✓ should create event with required fields (16 ms)
      ✓ should create event with capacity (14 ms)
    GET /api/v2/events
      ✓ should return paginated list of events (33 ms)
      ✓ should support search query (25 ms)
      ✓ should filter by event_type (40 ms)
      ✓ should filter by date range (39 ms)
      ✓ should filter by status (41 ms)
      ✓ should require authentication (1 ms)
    GET /api/v2/events/:id
      ✓ should return a single event by ID (25 ms)
      ✓ should return 404 for non-existent event (10 ms)
      ✓ should require authentication (1 ms)
    GET /api/v2/events/:id/calendar.ics
      ✓ should return authenticated ICS download for an event (26 ms)
      ✓ should return canonical 404 when event for ICS is not found (11 ms)
      ✓ should require authentication for ICS download (1 ms)
    PUT /api/v2/events/:id
      ✓ should update an existing event (33 ms)
      ✓ should update event capacity (34 ms)
      ✓ should require authentication (1 ms)
    DELETE /api/v2/events/:id
      ✓ should soft delete an event by setting status to cancelled (39 ms)
      ✓ should require authentication (1 ms)
    POST /api/v2/events/:id/check-in/scan
      ✓ checks in a registration by QR token (65 ms)
    GET /api/v2/events/registrations?contact_id=
      ✓ enforces account data scope filtering for contact registration listing (15 ms)
    PUT /api/v2/events/registrations/:id
      ✓ updates status, notes, and linked case while recording activity and active counts (83 ms)
      ✓ accepts scope from the query string and rejects batch scope for single-occurrence registrations (59 ms)
      ✓ updates future occurrence registrations from the selected occurrence forward (77 ms)
      ✓ updates series enrollment status and notes when the series scope is used (73 ms)
      ✓ promotes waitlisted registrations when scoped cancellations free capacity (115 ms)
    check-in window and status guardrails
      ✓ rejects manual and scan check-in for waitlisted registrations (57 ms)
      ✓ rejects manual and scan check-in for no_show registrations (68 ms)
      ✓ rejects manual check-in before the event window opens (55 ms)
      ✓ rejects manual check-in after the event window closes (56 ms)
      ✓ rejects manual check-in for cancelled events (51 ms)
      ✓ rejects manual check-in for completed events (52 ms)
      ✓ rejects token scan check-in for cancelled events (62 ms)
      ✓ rejects token scan check-in for completed events (51 ms)
      ✓ rejects global token scan when the event check-in window is closed (47 ms)
      ✓ supports global token scan endpoint for staff check-in desks (48 ms)
    public events catalog
      ✓ returns owner-scoped public events and supports include_past/type/search filters (61 ms)
      ✓ resolves site by host for /api/v2/public/events (21 ms)
      ✓ returns 404 for missing published site and rejects invalid public query (2 ms)
    public kiosk check-in
      ✓ supports kiosk metadata, check-in success, wrong PIN rejection, and idempotency (289 ms)
      ✓ rejects kiosk check-in for waitlisted registrations (176 ms)
      ✓ rejects kiosk check-in for no_show registrations (172 ms)

[32minfo[39m: Redis caching is disabled {"service":"nonprofit-manager-api","timestamp":"2026-04-19 20:23:22"}
[32minfo[39m: auth.alias_input_used {"aliasFields":["[REDACTED]","[REDACTED]","[REDACTED]"],"correlationId":"[REDACTED]","event":"[REDACTED]","route":"[REDACTED]","service":"nonprofit-manager-api","timestamp":"[REDACTED]","userAgent":"[REDACTED]"}
[32minfo[39m: User registered: auth-test-1776655402188-7d4f4f217b2908@example.com {"correlationId":"0194de14-c6a7-4a63-ac35-8606aa0bcb94","service":"nonprofit-manager-api","timestamp":"2026-04-19 20:23:22"}
[32minfo[39m: auth.alias_input_used {"aliasFields":["[REDACTED]","[REDACTED]","[REDACTED]"],"correlationId":"[REDACTED]","event":"[REDACTED]","route":"[REDACTED]","service":"nonprofit-manager-api","timestamp":"[REDACTED]","userAgent":"[REDACTED]"}
[32minfo[39m: auth.alias_input_used {"aliasFields":["[REDACTED]","[REDACTED]","[REDACTED]"],"correlationId":"[REDACTED]","event":"[REDACTED]","route":"[REDACTED]","service":"nonprofit-manager-api","timestamp":"[REDACTED]","userAgent":"[REDACTED]"}
[32minfo[39m: User registered: hash-test-1776655402370-598ace6d7e5668@example.com {"correlationId":"8115cde7-cd6a-4a6d-aa10-6a33d2b28501","service":"nonprofit-manager-api","timestamp":"2026-04-19 20:23:22"}
[32minfo[39m: User logged in: auth-test-1776655402188-7d4f4f217b2908@example.com {"correlationId":"[REDACTED]","ip":"[REDACTED]","service":"nonprofit-manager-api","timestamp":"2026-04-19 20:23:22"}
[32minfo[39m: User logged in: auth-test-1776655402188-7d4f4f217b2908@example.com {"correlationId":"[REDACTED]","ip":"[REDACTED]","service":"nonprofit-manager-api","timestamp":"2026-04-19 20:23:22"}
[33mwarn[39m: Failed login attempt for user: auth-test-1776655402188-7d4f4f217b2908@example.com {"correlationId":"[REDACTED]","ip":"[REDACTED]","service":"nonprofit-manager-api","timestamp":"2026-04-19 20:23:22"}
[33mwarn[39m: Login failed: user not found {"correlationId":"[REDACTED]","email":"[REDACTED]","ip":"[REDACTED]","service":"nonprofit-manager-api","timestamp":"2026-04-19 20:23:22"}
[32minfo[39m: User logged in: auth-test-1776655402188-7d4f4f217b2908@example.com {"correlationId":"[REDACTED]","ip":"[REDACTED]","service":"nonprofit-manager-api","timestamp":"2026-04-19 20:23:23"}
[32minfo[39m: auth.alias_input_used {"aliasFields":["[REDACTED]","[REDACTED]","[REDACTED]"],"correlationId":"[REDACTED]","event":"[REDACTED]","route":"[REDACTED]","service":"nonprofit-manager-api","timestamp":"[REDACTED]","userAgent":"[REDACTED]"}
[32minfo[39m: User registered: auth-role-revision-1776655403082-9a4f18a1ca11a@example.com {"correlationId":"e5efd90e-4f99-4d22-932c-f417fe5cf119","service":"nonprofit-manager-api","timestamp":"2026-04-19 20:23:23"}
[32minfo[39m: auth.alias_input_used {"aliasFields":["[REDACTED]","[REDACTED]","[REDACTED]"],"correlationId":"[REDACTED]","event":"[REDACTED]","route":"[REDACTED]","service":"nonprofit-manager-api","timestamp":"[REDACTED]","userAgent":"[REDACTED]"}
[32minfo[39m: User registered: auth-password-revision-1776655403195-863b331ea9288@example.com {"correlationId":"b2fa72da-20e8-4171-8490-4f09052f35e8","service":"nonprofit-manager-api","timestamp":"2026-04-19 20:23:23"}
[33mwarn[39m: User lacks access to requested organization context {"correlationId":"82467ec5-7794-4509-9a21-ab132c43728d","orgId":"[REDACTED]","service":"nonprofit-manager-api","source":"[REDACTED]","timestamp":"2026-04-19 20:23:23","userId":"[REDACTED]"}
[33mwarn[39m: Organization context not found {"correlationId":"657d8784-ef11-44b5-a902-629e919ed272","orgId":"[REDACTED]","service":"nonprofit-manager-api","source":"[REDACTED]","timestamp":"2026-04-19 20:23:23","userId":"[REDACTED]"}
[33mwarn[39m: Organization context inactive {"correlationId":"feea24e6-2dae-4c76-b32f-bb0ef1e5201d","orgId":"[REDACTED]","service":"nonprofit-manager-api","source":"[REDACTED]","timestamp":"2026-04-19 20:23:23","userId":"[REDACTED]"}
[32minfo[39m: User profile updated: auth-test-1776655402188-7d4f4f217b2908@example.com {"accountId":"b9ccd437-09cb-4648-9511-d360c5c7f729","correlationId":"8656c3a1-490b-48c6-a001-ef6ed24f08f1","organizationId":"b9ccd437-09cb-4648-9511-d360c5c7f729","service":"nonprofit-manager-api","tenantId":"b9ccd437-09cb-4648-9511-d360c5c7f729","timestamp":"2026-04-19 20:23:23","userId":"c6a546fc-dd31-4052-bef3-58ed6c116490"}
[32minfo[39m: User profile updated: auth-test-1776655402188-7d4f4f217b2908@example.com {"accountId":"b9ccd437-09cb-4648-9511-d360c5c7f729","correlationId":"f9134fb8-be3f-41e4-adf1-c3e060709b62","organizationId":"b9ccd437-09cb-4648-9511-d360c5c7f729","service":"nonprofit-manager-api","tenantId":"b9ccd437-09cb-4648-9511-d360c5c7f729","timestamp":"2026-04-19 20:23:23","userId":"c6a546fc-dd31-4052-bef3-58ed6c116490"}
[32minfo[39m: auth.alias_input_used {"aliasFields":["[REDACTED]","[REDACTED]","[REDACTED]"],"correlationId":"[REDACTED]","event":"[REDACTED]","route":"[REDACTED]","service":"nonprofit-manager-api","timestamp":"[REDACTED]","userAgent":"[REDACTED]"}
[32minfo[39m: User registered: duplicate-profile-1776655403797-e023a1dbf93f98@example.com {"correlationId":"6246ec52-e56e-473a-823d-d6d398434e36","service":"nonprofit-manager-api","timestamp":"2026-04-19 20:23:23"}
[32minfo[39m: auth.alias_input_used {"aliasFields":["[REDACTED]","[REDACTED]","[REDACTED]"],"correlationId":"[REDACTED]","event":"[REDACTED]","route":"[REDACTED]","service":"nonprofit-manager-api","timestamp":"[REDACTED]","userAgent":"[REDACTED]"}
[32minfo[39m: User registered: lockout-1776655403942-44ed9084f178c8@example.com {"correlationId":"81f30d53-a286-4074-a7d6-54ec0a6d1b81","service":"nonprofit-manager-api","timestamp":"2026-04-19 20:23:24"}
[32minfo[39m: Failed login attempt recorded {"attempts":"[REDACTED]","correlationId":"00b0eb1c-11f0-4fee-a50d-a625268d844a","identifier":"[REDACTED]","remainingAttempts":"[REDACTED]","service":"nonprofit-manager-api","timestamp":"2026-04-19 20:23:24"}
[33mwarn[39m: Failed login attempt for user: lockout-1776655403942-44ed9084f178c8@example.com {"correlationId":"[REDACTED]","ip":"[REDACTED]","service":"nonprofit-manager-api","timestamp":"2026-04-19 20:23:24"}
[32minfo[39m: Failed login attempt recorded {"attempts":"[REDACTED]","correlationId":"8050e259-1269-446f-a2bc-c35fee6a66f7","identifier":"[REDACTED]","remainingAttempts":"[REDACTED]","service":"nonprofit-manager-api","timestamp":"2026-04-19 20:23:24"}
[33mwarn[39m: Failed login attempt for user: lockout-1776655403942-44ed9084f178c8@example.com {"correlationId":"[REDACTED]","ip":"[REDACTED]","service":"nonprofit-manager-api","timestamp":"2026-04-19 20:23:24"}
[32minfo[39m: Failed login attempt recorded {"attempts":"[REDACTED]","correlationId":"5894acc2-34ec-46cf-858c-e0ee80ee5682","identifier":"[REDACTED]","remainingAttempts":"[REDACTED]","service":"nonprofit-manager-api","timestamp":"2026-04-19 20:23:24"}
[33mwarn[39m: Failed login attempt for user: lockout-1776655403942-44ed9084f178c8@example.com {"correlationId":"[REDACTED]","ip":"[REDACTED]","service":"nonprofit-manager-api","timestamp":"2026-04-19 20:23:24"}
[32minfo[39m: Failed login attempt recorded {"attempts":"[REDACTED]","correlationId":"b9cf4086-5388-4479-b6e3-38a4e625b1f9","identifier":"[REDACTED]","remainingAttempts":"[REDACTED]","service":"nonprofit-manager-api","timestamp":"2026-04-19 20:23:24"}
[33mwarn[39m: Failed login attempt for user: lockout-1776655403942-44ed9084f178c8@example.com {"correlationId":"[REDACTED]","ip":"[REDACTED]","service":"nonprofit-manager-api","timestamp":"2026-04-19 20:23:24"}
[32minfo[39m: Failed login attempt recorded {"attempts":"[REDACTED]","correlationId":"52e772f9-4c61-4cf3-a72e-34c65f6afb14","identifier":"[REDACTED]","remainingAttempts":"[REDACTED]","service":"nonprofit-manager-api","timestamp":"2026-04-19 20:23:24"}
[33mwarn[39m: Failed login attempt for user: lockout-1776655403942-44ed9084f178c8@example.com {"correlationId":"[REDACTED]","ip":"[REDACTED]","service":"nonprofit-manager-api","timestamp":"2026-04-19 20:23:24"}
[32minfo[39m: Failed login attempt recorded {"attempts":"[REDACTED]","correlationId":"af70c78c-ee4b-4f6b-81f4-001957026412","identifier":"[REDACTED]","remainingAttempts":"[REDACTED]","service":"nonprofit-manager-api","timestamp":"2026-04-19 20:23:24"}
[33mwarn[39m: Failed login attempt for user: lockout-1776655403942-44ed9084f178c8@example.com {"correlationId":"[REDACTED]","ip":"[REDACTED]","service":"nonprofit-manager-api","timestamp":"2026-04-19 20:23:24"}
[32minfo[39m: Failed login attempt recorded {"attempts":"[REDACTED]","correlationId":"c2e2dc1b-0705-47cf-bed4-f0e282ca4d25","identifier":"[REDACTED]","remainingAttempts":"[REDACTED]","service":"nonprofit-manager-api","timestamp":"2026-04-19 20:23:24"}
[33mwarn[39m: Failed login attempt for user: lockout-1776655403942-44ed9084f178c8@example.com {"correlationId":"[REDACTED]","ip":"[REDACTED]","service":"nonprofit-manager-api","timestamp":"2026-04-19 20:23:24"}
[32minfo[39m: Failed login attempt recorded {"attempts":"[REDACTED]","correlationId":"87e929c7-09c5-4db8-b563-b57bce7cd549","identifier":"[REDACTED]","remainingAttempts":"[REDACTED]","service":"nonprofit-manager-api","timestamp":"2026-04-19 20:23:24"}
[33mwarn[39m: Failed login attempt for user: lockout-1776655403942-44ed9084f178c8@example.com {"correlationId":"[REDACTED]","ip":"[REDACTED]","service":"nonprofit-manager-api","timestamp":"2026-04-19 20:23:24"}
[32minfo[39m: Failed login attempt recorded {"attempts":"[REDACTED]","correlationId":"2ca527d5-7a74-4b25-931f-4079e73a7758","identifier":"[REDACTED]","remainingAttempts":"[REDACTED]","service":"nonprofit-manager-api","timestamp":"2026-04-19 20:23:24"}
[33mwarn[39m: Failed login attempt for user: lockout-1776655403942-44ed9084f178c8@example.com {"correlationId":"[REDACTED]","ip":"[REDACTED]","service":"nonprofit-manager-api","timestamp":"2026-04-19 20:23:24"}
[32minfo[39m: Failed login attempt recorded {"attempts":"[REDACTED]","correlationId":"d98bc504-7f43-4506-aeac-102b565efc83","identifier":"[REDACTED]","remainingAttempts":"[REDACTED]","service":"nonprofit-manager-api","timestamp":"2026-04-19 20:23:25"}
[33mwarn[39m: Failed login attempt for user: lockout-1776655403942-44ed9084f178c8@example.com {"correlationId":"[REDACTED]","ip":"[REDACTED]","service":"nonprofit-manager-api","timestamp":"2026-04-19 20:23:25"}
[32minfo[39m: Failed login attempt recorded {"attempts":"[REDACTED]","correlationId":"8a261a84-5b7b-49d2-a231-0299f945897c","identifier":"[REDACTED]","remainingAttempts":"[REDACTED]","service":"nonprofit-manager-api","timestamp":"2026-04-19 20:23:25"}
[33mwarn[39m: Failed login attempt for user: lockout-1776655403942-44ed9084f178c8@example.com {"correlationId":"[REDACTED]","ip":"[REDACTED]","service":"nonprofit-manager-api","timestamp":"2026-04-19 20:23:25"}
[32minfo[39m: Failed login attempt recorded {"attempts":"[REDACTED]","correlationId":"4a0057f1-1dac-4ae1-b8cc-fae36b0fae1b","identifier":"[REDACTED]","remainingAttempts":"[REDACTED]","service":"nonprofit-manager-api","timestamp":"2026-04-19 20:23:25"}
[33mwarn[39m: Failed login attempt for user: lockout-1776655403942-44ed9084f178c8@example.com {"correlationId":"[REDACTED]","ip":"[REDACTED]","service":"nonprofit-manager-api","timestamp":"2026-04-19 20:23:25"}
[32minfo[39m: Failed login attempt recorded {"attempts":"[REDACTED]","correlationId":"4bba65fb-4c79-4906-ad05-cbefa08caf03","identifier":"[REDACTED]","remainingAttempts":"[REDACTED]","service":"nonprofit-manager-api","timestamp":"2026-04-19 20:23:25"}
[33mwarn[39m: Failed login attempt for user: lockout-1776655403942-44ed9084f178c8@example.com {"correlationId":"[REDACTED]","ip":"[REDACTED]","service":"nonprofit-manager-api","timestamp":"2026-04-19 20:23:25"}
[32minfo[39m: Failed login attempt recorded {"attempts":"[REDACTED]","correlationId":"10729231-cf46-4a91-a40c-cf57a9d9899f","identifier":"[REDACTED]","remainingAttempts":"[REDACTED]","service":"nonprofit-manager-api","timestamp":"2026-04-19 20:23:25"}
[33mwarn[39m: Failed login attempt for user: lockout-1776655403942-44ed9084f178c8@example.com {"correlationId":"[REDACTED]","ip":"[REDACTED]","service":"nonprofit-manager-api","timestamp":"2026-04-19 20:23:25"}
[33mwarn[39m: Account locked due to too many failed login attempts {"attempts":"[REDACTED]","correlationId":"ea777fa2-1da8-4a84-810e-67cc48b12821","identifier":"[REDACTED]","lockedUntil":{},"service":"nonprofit-manager-api","timestamp":"2026-04-19 20:23:25"}
[33mwarn[39m: Failed login attempt for user: lockout-1776655403942-44ed9084f178c8@example.com {"correlationId":"[REDACTED]","ip":"[REDACTED]","service":"nonprofit-manager-api","timestamp":"2026-04-19 20:23:25"}
[33mwarn[39m: Login attempt on locked account {"correlationId":"0ad1aa70-677c-46ee-8f00-3ed870f68a61","email":"[REDACTED]","minutesRemaining":"[REDACTED]","service":"nonprofit-manager-api","timestamp":"2026-04-19 20:23:25"}
PASS src/__tests__/integration/auth.test.ts
  Auth API Integration Tests
    POST /api/v2/auth/register
      ✓ should register a new user with valid data (175 ms)
      ✓ should reject duplicate email registration (5 ms)
      ✓ should hash the password before storage (130 ms)
    POST /api/v2/auth/login
      ✓ should login with correct credentials (161 ms)
      ✓ issues an organization-bound token when the user has org access (133 ms)
      ✓ should reject incorrect password (99 ms)
      ✓ should reject non-existent user (11 ms)
      ✓ should return valid JWT token (121 ms)
    GET /api/v2/auth/me
      ✓ should return current user with valid token (26 ms)
      ✓ should backfill organizationId for legacy tokens without an org claim (25 ms)
      ✓ should reject request without token (1 ms)
      ✓ should reject request with invalid token (2 ms)
      ✓ should reject request with malformed Authorization header (2 ms)
      ✓ invalidates an existing token after a role change bumps auth revision (113 ms)
      ✓ invalidates an existing token after a password change bumps auth revision (199 ms)
    GET /api/v2/auth/check-access
      ✓ should require authentication (1 ms)
      ✓ should return authorization matrix for authenticated user (49 ms)
    GET /api/v2/auth/bootstrap
      ✓ returns startup-scoped auth bootstrap data for authenticated requests (112 ms)
      ✓ backfills bootstrap organizationId for legacy tokens without active access rows (72 ms)
      ✓ requires authentication (2 ms)
      ✓ rejects an explicit organization override when the user lacks access (32 ms)
      ✓ rejects unknown explicit organization overrides (5 ms)
      ✓ rejects inactive explicit organization overrides (12 ms)
    PUT /api/v2/auth/profile
      ✓ accepts camelCase profile updates and persists a base64 profile picture (43 ms)
      ✓ clears the stored profile picture when profilePicture is null (30 ms)
      ✓ rejects malformed notification payloads (14 ms)
      ✓ rejects unknown profile fields via strict validation (27 ms)
      ✓ rejects email updates that would collide with another user (145 ms)
    Account Lockout
      ✓ should lock account after multiple failed login attempts (1589 ms)

[32minfo[39m: Redis caching is disabled {"service":"nonprofit-manager-api","timestamp":"2026-04-19 20:23:26"}
[33mwarn[39m: Email not sent — SMTP is not configured {"correlationId":"335c9263-f283-41d0-ad0e-5b9c2a8e325d","service":"nonprofit-manager-api","timestamp":"2026-04-19 20:23:26"}
[33mwarn[39m: Portal password reset email could not be sent {"correlationId":"335c9263-f283-41d0-ad0e-5b9c2a8e325d","portalUserId":"[REDACTED]","service":"nonprofit-manager-api","timestamp":"2026-04-19 20:23:26"}
[32minfo[39m: Portal password reset successfully {"correlationId":"7938524a-ba62-4e3f-8142-e02787f84007","portalUserId":"[REDACTED]","service":"nonprofit-manager-api","timestamp":"2026-04-19 20:23:27"}
[32minfo[39m: Failed login attempt recorded {"attempts":"[REDACTED]","correlationId":"b04ea26e-f789-4bfa-92af-1c2962e09cdf","identifier":"[REDACTED]","remainingAttempts":"[REDACTED]","service":"nonprofit-manager-api","timestamp":"2026-04-19 20:23:27"}
[32minfo[39m: Failed login attempt recorded {"attempts":"[REDACTED]","correlationId":"8e321a7a-056e-45ce-9933-6a9e5196b0da","identifier":"[REDACTED]","remainingAttempts":"[REDACTED]","service":"nonprofit-manager-api","timestamp":"2026-04-19 20:23:27"}
[32minfo[39m: Failed login attempt recorded {"attempts":"[REDACTED]","correlationId":"daee95c1-521d-422c-be41-6fe14d5e6cc3","identifier":"[REDACTED]","remainingAttempts":"[REDACTED]","service":"nonprofit-manager-api","timestamp":"2026-04-19 20:23:27"}
[32minfo[39m: Failed login attempt recorded {"attempts":"[REDACTED]","correlationId":"37cc7344-85f7-4d9c-ad00-00f296682226","identifier":"[REDACTED]","remainingAttempts":"[REDACTED]","service":"nonprofit-manager-api","timestamp":"2026-04-19 20:23:27"}
[32minfo[39m: Failed login attempt recorded {"attempts":"[REDACTED]","correlationId":"00593541-fc51-4475-992c-11164d1df070","identifier":"[REDACTED]","remainingAttempts":"[REDACTED]","service":"nonprofit-manager-api","timestamp":"2026-04-19 20:23:27"}
[32minfo[39m: Failed login attempt recorded {"attempts":"[REDACTED]","correlationId":"b67553a6-6d3c-42d1-b2f5-51a4b8e32be1","identifier":"[REDACTED]","remainingAttempts":"[REDACTED]","service":"nonprofit-manager-api","timestamp":"2026-04-19 20:23:27"}
[32minfo[39m: Failed login attempt recorded {"attempts":"[REDACTED]","correlationId":"5cc1fd46-22f1-40ce-8dc9-2cd58fc5c3cf","identifier":"[REDACTED]","remainingAttempts":"[REDACTED]","service":"nonprofit-manager-api","timestamp":"2026-04-19 20:23:27"}
[32minfo[39m: Failed login attempt recorded {"attempts":"[REDACTED]","correlationId":"753deb25-6702-4243-a2b5-c4b1061b0d0a","identifier":"[REDACTED]","remainingAttempts":"[REDACTED]","service":"nonprofit-manager-api","timestamp":"2026-04-19 20:23:27"}
[32minfo[39m: Failed login attempt recorded {"attempts":"[REDACTED]","correlationId":"7d0b78ab-262f-4a3c-a5cd-0a452e3829c4","identifier":"[REDACTED]","remainingAttempts":"[REDACTED]","service":"nonprofit-manager-api","timestamp":"2026-04-19 20:23:27"}
[32minfo[39m: Failed login attempt recorded {"attempts":"[REDACTED]","correlationId":"512bce35-d16e-4ead-9a0a-01355457426a","identifier":"[REDACTED]","remainingAttempts":"[REDACTED]","service":"nonprofit-manager-api","timestamp":"2026-04-19 20:23:27"}
[32minfo[39m: Failed login attempt recorded {"attempts":"[REDACTED]","correlationId":"c3c58e5d-3bee-411c-bdc6-6d8eb2b6f2a3","identifier":"[REDACTED]","remainingAttempts":"[REDACTED]","service":"nonprofit-manager-api","timestamp":"2026-04-19 20:23:28"}
[32minfo[39m: Failed login attempt recorded {"attempts":"[REDACTED]","correlationId":"ca083f24-2b44-4500-b780-61c9d8e7b2d2","identifier":"[REDACTED]","remainingAttempts":"[REDACTED]","service":"nonprofit-manager-api","timestamp":"2026-04-19 20:23:28"}
[32minfo[39m: Failed login attempt recorded {"attempts":"[REDACTED]","correlationId":"467aff21-c9b7-4614-b24b-b3949648d0c7","identifier":"[REDACTED]","remainingAttempts":"[REDACTED]","service":"nonprofit-manager-api","timestamp":"2026-04-19 20:23:28"}
[32minfo[39m: Failed login attempt recorded {"attempts":"[REDACTED]","correlationId":"6848500e-c509-42d1-b883-eabe014332ac","identifier":"[REDACTED]","remainingAttempts":"[REDACTED]","service":"nonprofit-manager-api","timestamp":"2026-04-19 20:23:28"}
[33mwarn[39m: Account locked due to too many failed login attempts {"attempts":"[REDACTED]","correlationId":"2385cd61-8114-4355-9c4b-e2270027f68b","identifier":"[REDACTED]","lockedUntil":{},"service":"nonprofit-manager-api","timestamp":"2026-04-19 20:23:28"}
[33mwarn[39m: Login attempt on locked account {"correlationId":"c3b5af82-9c67-4ed1-ac51-2ab12bc97543","email":"[REDACTED]","minutesRemaining":"[REDACTED]","service":"nonprofit-manager-api","timestamp":"2026-04-19 20:23:28"}
PASS src/__tests__/integration/portalAuth.test.ts
  Portal Auth API Integration
    ✓ validates portal signup payload (25 ms)
    ✓ stores duplicate-email signup requests without binding the wrong contact (146 ms)
    ✓ requires portal auth for /me (2 ms)
    ✓ requires portal auth for /bootstrap (1 ms)
    ✓ supports the portal forgot-password and reset-password flow (581 ms)
    ✓ accepts portal auth token from cookie for /me (9 ms)
    ✓ accepts portal auth token from cookie for /bootstrap (7 ms)
    ✓ rejects portal sessions immediately after the user is suspended (11 ms)
    ✓ locks portal login after repeated failed attempts (1116 ms)

[32minfo[39m: Redis caching is disabled {"service":"nonprofit-manager-api","timestamp":"2026-04-19 20:23:28"}
[32minfo[39m: auth.alias_input_used {"aliasFields":["[REDACTED]","[REDACTED]","[REDACTED]"],"correlationId":"[REDACTED]","event":"[REDACTED]","route":"[REDACTED]","service":"nonprofit-manager-api","timestamp":"[REDACTED]","userAgent":"[REDACTED]"}
[32minfo[39m: User registered: auth-test-admin-1776655408730-9a899435c973c@example.com {"correlationId":"2822b4bd-8b19-4b98-8e86-8248cada1b21","service":"nonprofit-manager-api","timestamp":"2026-04-19 20:23:28"}
[32minfo[39m: auth.alias_input_used {"aliasFields":["[REDACTED]","[REDACTED]","[REDACTED]"],"correlationId":"[REDACTED]","event":"[REDACTED]","route":"[REDACTED]","service":"nonprofit-manager-api","timestamp":"[REDACTED]","userAgent":"[REDACTED]"}
[32minfo[39m: User registered: auth-test-manager-1776655408869-b2cdb5eafa979@example.com {"correlationId":"91a82a3d-b280-4dd9-acde-54b702323f3f","service":"nonprofit-manager-api","timestamp":"2026-04-19 20:23:28"}
[32minfo[39m: auth.alias_input_used {"aliasFields":["[REDACTED]","[REDACTED]","[REDACTED]"],"correlationId":"[REDACTED]","event":"[REDACTED]","route":"[REDACTED]","service":"nonprofit-manager-api","timestamp":"[REDACTED]","userAgent":"[REDACTED]"}
[32minfo[39m: User registered: auth-test-staff-1776655408941-b8d805213861e@example.com {"correlationId":"2257b597-940b-4470-a500-002b1fec8b9b","service":"nonprofit-manager-api","timestamp":"2026-04-19 20:23:29"}
[32minfo[39m: auth.alias_input_used {"aliasFields":["[REDACTED]","[REDACTED]","[REDACTED]"],"correlationId":"[REDACTED]","event":"[REDACTED]","route":"[REDACTED]","service":"nonprofit-manager-api","timestamp":"[REDACTED]","userAgent":"[REDACTED]"}
[32minfo[39m: User registered: auth-test-volunteer-1776655409023-d77375bacd80a8@example.com {"correlationId":"04bbe56d-d322-43c7-954c-8012f0b0dc28","service":"nonprofit-manager-api","timestamp":"2026-04-19 20:23:29"}
[32minfo[39m: auth.alias_input_used {"aliasFields":["[REDACTED]","[REDACTED]","[REDACTED]"],"correlationId":"[REDACTED]","event":"[REDACTED]","route":"[REDACTED]","service":"nonprofit-manager-api","timestamp":"[REDACTED]","userAgent":"[REDACTED]"}
[32minfo[39m: User registered: auth-test-viewer-1776655409112-aa32078b3281e@example.com {"correlationId":"f6254aef-2758-4195-b3ee-c0e4716c79dc","service":"nonprofit-manager-api","timestamp":"2026-04-19 20:23:29"}
[32minfo[39m: Account created: 00b058a6-bb82-44b0-8ca7-84c370655a46 {"accountId":"8da2d75c-9a9b-4d5a-9145-4c32709f1310","correlationId":"2b0fd9f0-2f40-4683-b42d-e2aab7957c21","organizationId":"8da2d75c-9a9b-4d5a-9145-4c32709f1310","service":"nonprofit-manager-api","tenantId":"8da2d75c-9a9b-4d5a-9145-4c32709f1310","timestamp":"2026-04-19 20:23:29","userId":"d48270d6-004c-47e9-be41-2c22b7c51107"}
[32minfo[39m: Contact created: 9226e6c9-e85b-433c-a381-928a587df505 {"accountId":"8da2d75c-9a9b-4d5a-9145-4c32709f1310","correlationId":"4eec939b-b5f2-4835-b236-7c70f1ae9c4c","organizationId":"8da2d75c-9a9b-4d5a-9145-4c32709f1310","service":"nonprofit-manager-api","tenantId":"8da2d75c-9a9b-4d5a-9145-4c32709f1310","timestamp":"2026-04-19 20:23:29","userId":"d48270d6-004c-47e9-be41-2c22b7c51107"}
[32minfo[39m: Account created: c0183258-b491-4615-ace1-069d9f740268 {"accountId":"8da2d75c-9a9b-4d5a-9145-4c32709f1310","correlationId":"b011c569-822e-4ff3-a9e5-08be3f931d1a","organizationId":"8da2d75c-9a9b-4d5a-9145-4c32709f1310","service":"nonprofit-manager-api","tenantId":"8da2d75c-9a9b-4d5a-9145-4c32709f1310","timestamp":"2026-04-19 20:23:29","userId":"d48270d6-004c-47e9-be41-2c22b7c51107"}
[32minfo[39m: Account created: 0cdd48a4-8cd3-4211-8464-891ba86a618c {"accountId":"8da2d75c-9a9b-4d5a-9145-4c32709f1310","correlationId":"c44621d0-430f-4d1e-9fe9-f9787cae7e3c","organizationId":"8da2d75c-9a9b-4d5a-9145-4c32709f1310","service":"nonprofit-manager-api","tenantId":"8da2d75c-9a9b-4d5a-9145-4c32709f1310","timestamp":"2026-04-19 20:23:29","userId":"492c9775-706c-41be-8013-85131aafb5d8"}
[32minfo[39m: Account created: f4a3540f-9a60-4d61-8ea7-cbb7ad0abbea {"accountId":"8da2d75c-9a9b-4d5a-9145-4c32709f1310","correlationId":"5dcc7672-3ced-4a93-b84e-dedeb4e8555a","organizationId":"8da2d75c-9a9b-4d5a-9145-4c32709f1310","service":"nonprofit-manager-api","tenantId":"8da2d75c-9a9b-4d5a-9145-4c32709f1310","timestamp":"2026-04-19 20:23:29","userId":"3a38bd1e-873a-40f0-be3c-02c6894bef04"}
[32minfo[39m: Account updated: 00b058a6-bb82-44b0-8ca7-84c370655a46 {"accountId":"8da2d75c-9a9b-4d5a-9145-4c32709f1310","correlationId":"5dfc74a2-bd1e-4b42-9850-d84ee501ce8c","organizationId":"8da2d75c-9a9b-4d5a-9145-4c32709f1310","service":"nonprofit-manager-api","tenantId":"8da2d75c-9a9b-4d5a-9145-4c32709f1310","timestamp":"2026-04-19 20:23:29","userId":"d48270d6-004c-47e9-be41-2c22b7c51107"}
[32minfo[39m: Account updated: 00b058a6-bb82-44b0-8ca7-84c370655a46 {"accountId":"8da2d75c-9a9b-4d5a-9145-4c32709f1310","correlationId":"5fba4b5f-347a-419f-9cf6-4ca18237f446","organizationId":"8da2d75c-9a9b-4d5a-9145-4c32709f1310","service":"nonprofit-manager-api","tenantId":"8da2d75c-9a9b-4d5a-9145-4c32709f1310","timestamp":"2026-04-19 20:23:29","userId":"492c9775-706c-41be-8013-85131aafb5d8"}
[32minfo[39m: Account created: 04d37495-3300-4e98-a7d4-6d194a654e72 {"accountId":"8da2d75c-9a9b-4d5a-9145-4c32709f1310","correlationId":"29feb1e8-488a-4368-bb22-2e521dde8d51","organizationId":"8da2d75c-9a9b-4d5a-9145-4c32709f1310","service":"nonprofit-manager-api","tenantId":"8da2d75c-9a9b-4d5a-9145-4c32709f1310","timestamp":"2026-04-19 20:23:29","userId":"d48270d6-004c-47e9-be41-2c22b7c51107"}
[32minfo[39m: Account soft deleted: 04d37495-3300-4e98-a7d4-6d194a654e72 {"accountId":"8da2d75c-9a9b-4d5a-9145-4c32709f1310","correlationId":"a3530ade-9147-4eca-a15a-35dd98cbb816","organizationId":"8da2d75c-9a9b-4d5a-9145-4c32709f1310","service":"nonprofit-manager-api","tenantId":"8da2d75c-9a9b-4d5a-9145-4c32709f1310","timestamp":"2026-04-19 20:23:29","userId":"d48270d6-004c-47e9-be41-2c22b7c51107"}
[32minfo[39m: Contact created: f9a0575a-ea9c-42af-b6cb-ffb55e3e2d46 {"accountId":"8da2d75c-9a9b-4d5a-9145-4c32709f1310","correlationId":"f28bf6b0-73a9-41df-b2fb-9f0780bf782e","organizationId":"8da2d75c-9a9b-4d5a-9145-4c32709f1310","service":"nonprofit-manager-api","tenantId":"8da2d75c-9a9b-4d5a-9145-4c32709f1310","timestamp":"2026-04-19 20:23:29","userId":"d48270d6-004c-47e9-be41-2c22b7c51107"}
[32minfo[39m: Contact created: 5cf41ad0-75df-4d09-9b9c-df6ae65c34db {"accountId":"8da2d75c-9a9b-4d5a-9145-4c32709f1310","correlationId":"42851ff1-0537-4ba1-83b1-5fbf4b9e3998","organizationId":"8da2d75c-9a9b-4d5a-9145-4c32709f1310","service":"nonprofit-manager-api","tenantId":"8da2d75c-9a9b-4d5a-9145-4c32709f1310","timestamp":"2026-04-19 20:23:29","userId":"3a38bd1e-873a-40f0-be3c-02c6894bef04"}
[32minfo[39m: Contact updated: 9226e6c9-e85b-433c-a381-928a587df505 {"accountId":"8da2d75c-9a9b-4d5a-9145-4c32709f1310","correlationId":"e40d0e52-a16e-4667-acb9-3dc0efc45241","organizationId":"8da2d75c-9a9b-4d5a-9145-4c32709f1310","service":"nonprofit-manager-api","tenantId":"8da2d75c-9a9b-4d5a-9145-4c32709f1310","timestamp":"2026-04-19 20:23:29","userId":"d48270d6-004c-47e9-be41-2c22b7c51107"}
[32minfo[39m: Volunteer created: 886c708a-4310-42d4-a0f7-72ec19dff230 {"accountId":"8da2d75c-9a9b-4d5a-9145-4c32709f1310","correlationId":"232ecc84-2897-4e32-a2dc-0b15daae7e19","organizationId":"8da2d75c-9a9b-4d5a-9145-4c32709f1310","service":"nonprofit-manager-api","tenantId":"8da2d75c-9a9b-4d5a-9145-4c32709f1310","timestamp":"2026-04-19 20:23:29","userId":"d48270d6-004c-47e9-be41-2c22b7c51107"}
PASS src/__tests__/integration/authorization.test.ts
  Authorization Integration Tests
    Account CRUD Authorization
      GET /api/v2/accounts
        ✓ should allow authenticated users to list accounts (42 ms)
        ✓ should require authentication (10 ms)
      GET /api/v2/accounts/:id
        ✓ should allow authenticated users to view account details (38 ms)
      POST /api/v2/accounts
        ✓ should allow admin to create accounts (33 ms)
        ✓ should allow manager to create accounts (24 ms)
        ✓ should allow staff to create accounts (22 ms)
      PUT /api/v2/accounts/:id
        ✓ should allow admin to update accounts (18 ms)
        ✓ should allow manager to update accounts (29 ms)
      DELETE /api/v2/accounts/:id
        ✓ should allow admin to delete accounts (36 ms)
    Contact CRUD Authorization
      GET /api/v2/contacts
        ✓ should allow authenticated users to list contacts (45 ms)
        ✓ should require authentication (10 ms)
      POST /api/v2/contacts
        ✓ should allow admin to create contacts (30 ms)
        ✓ should allow staff to create contacts (34 ms)
      PUT /api/v2/contacts/:id
        ✓ should allow admin to update contacts (22 ms)
    Donation CRUD Authorization
      POST /api/v2/donations
        ✓ should allow admin to create donations (25 ms)
        ✓ should require authentication (10 ms)
      GET /api/v2/donations
        ✓ should allow authenticated users to list donations (22 ms)
    Event CRUD Authorization
      POST /api/v2/events
        ✓ should allow admin to create events (30 ms)
        ✓ should require authentication (11 ms)
      GET /api/v2/events
        ✓ should allow authenticated users to list events (72 ms)
    Task CRUD Authorization
      POST /api/v2/tasks
        ✓ should allow admin to create tasks (22 ms)
        ✓ should allow staff to create tasks (21 ms)
      GET /api/v2/tasks
        ✓ should allow authenticated users to list tasks (22 ms)
    Volunteer CRUD Authorization
      POST /api/v2/volunteers
        ✓ should allow admin to create volunteers (27 ms)
        ✓ should require authentication (12 ms)
      GET /api/v2/volunteers
        ✓ should allow authenticated users to list volunteers (27 ms)
    Invalid Token Tests
      ✓ should reject expired tokens (15 ms)
      ✓ should reject malformed tokens (13 ms)
      ✓ should reject missing Bearer prefix (16 ms)

[32minfo[39m: Redis caching is disabled {"service":"nonprofit-manager-api","timestamp":"2026-04-19 20:23:30"}
[32minfo[39m: auth.alias_input_used {"aliasFields":["[REDACTED]","[REDACTED]","[REDACTED]"],"correlationId":"[REDACTED]","event":"[REDACTED]","route":"[REDACTED]","service":"nonprofit-manager-api","timestamp":"[REDACTED]","userAgent":"[REDACTED]"}
[32minfo[39m: User registered: branding-admin-1776655410545@example.com {"correlationId":"baa774d8-f011-4ba0-a76f-f9fe7b2172a7","service":"nonprofit-manager-api","timestamp":"2026-04-19 20:23:30"}
[32minfo[39m: User logged in: branding-admin-1776655410545@example.com {"correlationId":"[REDACTED]","ip":"[REDACTED]","service":"nonprofit-manager-api","timestamp":"2026-04-19 20:23:30"}
[32minfo[39m: auth.alias_input_used {"aliasFields":["[REDACTED]","[REDACTED]","[REDACTED]"],"correlationId":"[REDACTED]","event":"[REDACTED]","route":"[REDACTED]","service":"nonprofit-manager-api","timestamp":"[REDACTED]","userAgent":"[REDACTED]"}
[32minfo[39m: User registered: branding-user-1776655410722@example.com {"correlationId":"699dfaf4-bb29-4b63-bdca-afc8cc1821b3","service":"nonprofit-manager-api","timestamp":"2026-04-19 20:23:30"}
[32minfo[39m: User logged in: branding-user-1776655410722@example.com {"correlationId":"[REDACTED]","ip":"[REDACTED]","service":"nonprofit-manager-api","timestamp":"2026-04-19 20:23:30"}
[32minfo[39m: Organization branding updated {"correlationId":"e1b9844d-fb33-47e3-857b-f58a2efb1e5d","service":"nonprofit-manager-api","timestamp":"2026-04-19 20:23:30","userId":"[REDACTED]"}
PASS src/__tests__/integration/adminBranding.test.ts
  Admin Branding API
    ✓ allows authenticated users to read branding (29 ms)
    ✓ rejects non-admin updates (22 ms)
    ✓ allows admin to update branding and returns persisted config (24 ms)

[32minfo[39m: Redis caching is disabled {"service":"nonprofit-manager-api","timestamp":"2026-04-19 20:23:31"}
[32minfo[39m: Account created: be9a3899-749f-4aab-b23e-37fd3c968d5c {"correlationId":"b08ba527-5504-43fa-b1a7-4ac9f57a17fe","service":"nonprofit-manager-api","timestamp":"2026-04-19 20:23:31","userId":"ae8e1cf2-3efa-42da-8c98-0313ed221473"}
[32minfo[39m: Account created: 8955475a-b85f-4816-b080-14b86e24db2f {"accountId":"be9a3899-749f-4aab-b23e-37fd3c968d5c","correlationId":"46f9bf80-7881-4ff1-a74c-5533143d5091","organizationId":"be9a3899-749f-4aab-b23e-37fd3c968d5c","service":"nonprofit-manager-api","tenantId":"be9a3899-749f-4aab-b23e-37fd3c968d5c","timestamp":"2026-04-19 20:23:31","userId":"ae8e1cf2-3efa-42da-8c98-0313ed221473"}
[31merror[39m: Import preview contains validation errors {"accountId":"be9a3899-749f-4aab-b23e-37fd3c968d5c","correlationId":"dda9a872-8fdb-4ff8-ae1b-23336014db46","method":"POST","organizationId":"be9a3899-749f-4aab-b23e-37fd3c968d5c","service":"nonprofit-manager-api","stack":"Error: Import preview contains validation errors\n    at ContactImportExportUseCase.commitImport (/Users/bryan/projects/nonprofit-manager/backend/src/modules/contacts/usecases/contactImportExport.usecase.ts:174:27)\n    at processTicksAndRejections (node:internal/process/task_queues:104:5)\n    at commitImport (/Users/bryan/projects/nonprofit-manager/backend/src/modules/contacts/controllers/directory.controller.ts:328:22)","tenantId":"be9a3899-749f-4aab-b23e-37fd3c968d5c","timestamp":"2026-04-19 20:23:31","url":"/api/v2/contacts/import/commit","userId":"ae8e1cf2-3efa-42da-8c98-0313ed221473"}
[32minfo[39m: Account created: baaa3d72-c39a-4dda-931f-dbcd96dd4842 {"accountId":"be9a3899-749f-4aab-b23e-37fd3c968d5c","correlationId":"1f95936b-6323-4249-b34d-81f172afd6ac","organizationId":"be9a3899-749f-4aab-b23e-37fd3c968d5c","service":"nonprofit-manager-api","tenantId":"be9a3899-749f-4aab-b23e-37fd3c968d5c","timestamp":"2026-04-19 20:23:31","userId":"ae8e1cf2-3efa-42da-8c98-0313ed221473"}
[31merror[39m: Import preview contains validation errors {"accountId":"be9a3899-749f-4aab-b23e-37fd3c968d5c","correlationId":"1a6ffbe4-4666-4c9d-ad94-25381ee854b0","method":"POST","organizationId":"be9a3899-749f-4aab-b23e-37fd3c968d5c","service":"nonprofit-manager-api","stack":"Error: Import preview contains validation errors\n    at ContactImportExportUseCase.commitImport (/Users/bryan/projects/nonprofit-manager/backend/src/modules/contacts/usecases/contactImportExport.usecase.ts:174:27)\n    at processTicksAndRejections (node:internal/process/task_queues:104:5)\n    at commitImport (/Users/bryan/projects/nonprofit-manager/backend/src/modules/contacts/controllers/directory.controller.ts:328:22)","tenantId":"be9a3899-749f-4aab-b23e-37fd3c968d5c","timestamp":"2026-04-19 20:23:32","url":"/api/v2/contacts/import/commit","userId":"ae8e1cf2-3efa-42da-8c98-0313ed221473"}
[32minfo[39m: Account created: 70f1fbe6-8697-4e53-976e-7fb8fbc68d8e {"accountId":"be9a3899-749f-4aab-b23e-37fd3c968d5c","correlationId":"63e9cd70-f154-4c8b-8604-f6494cc4c385","organizationId":"be9a3899-749f-4aab-b23e-37fd3c968d5c","service":"nonprofit-manager-api","tenantId":"be9a3899-749f-4aab-b23e-37fd3c968d5c","timestamp":"2026-04-19 20:23:32","userId":"ae8e1cf2-3efa-42da-8c98-0313ed221473"}
[31merror[39m: Import preview contains validation errors {"accountId":"be9a3899-749f-4aab-b23e-37fd3c968d5c","correlationId":"31070039-36da-412e-8f44-5aff3c874c9c","method":"POST","organizationId":"be9a3899-749f-4aab-b23e-37fd3c968d5c","service":"nonprofit-manager-api","stack":"Error: Import preview contains validation errors\n    at createVolunteerImportValidationError (/Users/bryan/projects/nonprofit-manager/backend/src/modules/volunteers/usecases/internal/volunteerImportExport.commit.ts:24:17)\n    at commitVolunteerImport (/Users/bryan/projects/nonprofit-manager/backend/src/modules/volunteers/usecases/internal/volunteerImportExport.commit.ts:46:11)\n    at VolunteerImportExportUseCaseCoordinator.commitImport (/Users/bryan/projects/nonprofit-manager/backend/src/modules/volunteers/usecases/internal/volunteerImportExportCoordinator.ts:53:33)\n    at processTicksAndRejections (node:internal/process/task_queues:104:5)\n    at commitImport (/Users/bryan/projects/nonprofit-manager/backend/src/modules/volunteers/controllers/volunteers.controller.ts:302:22)","tenantId":"be9a3899-749f-4aab-b23e-37fd3c968d5c","timestamp":"2026-04-19 20:23:32","url":"/api/v2/volunteers/import/commit","userId":"ae8e1cf2-3efa-42da-8c98-0313ed221473"}
PASS src/__tests__/integration/peopleImportExport.test.ts
  People import/export integration
    ✓ imports and exports accounts with preview-before-commit flow (134 ms)
    ✓ requires authentication for contact imports (1 ms)
    ✓ downloads people import templates with the expected formats (58 ms)
    ✓ requires organization context for organization-scoped import routes (44 ms)
    ✓ counts only committable account actions in preview totals (31 ms)
    ✓ imports contacts with account_number lookup and rolls back invalid commits (121 ms)
    ✓ rejects cross-organization account references during contact import preview and commit (85 ms)
    ✓ round-trips exported contact CSV files with multiline fields (82 ms)
    ✓ imports volunteers through existing and new contacts, then exports xlsx (120 ms)
    ✓ rejects cross-organization account references during volunteer import preview and commit (83 ms)

[32minfo[39m: Redis caching is disabled {"service":"nonprofit-manager-api","timestamp":"2026-04-19 20:23:32"}
[32minfo[39m: auth.alias_input_used {"aliasFields":["[REDACTED]","[REDACTED]","[REDACTED]"],"correlationId":"[REDACTED]","event":"[REDACTED]","route":"[REDACTED]","service":"nonprofit-manager-api","timestamp":"[REDACTED]","userAgent":"[REDACTED]"}
[32minfo[39m: User registered: guardrails-1776655412648-27c224dc5bbc88@example.com {"correlationId":"dfd4e0a1-2910-4cc7-b285-cfc95d0beedf","service":"nonprofit-manager-api","timestamp":"2026-04-19 20:23:32"}
[33mwarn[39m: Organization context not found {"correlationId":"9b473a32-319a-41a0-aa76-4a84b10c8ab1","orgId":"[REDACTED]","service":"nonprofit-manager-api","source":"[REDACTED]","timestamp":"2026-04-19 20:23:33","userId":"[REDACTED]"}
[33mwarn[39m: Organization context inactive {"correlationId":"db08f22f-777b-46ff-817e-f21831750bc4","orgId":"[REDACTED]","service":"nonprofit-manager-api","source":"[REDACTED]","timestamp":"2026-04-19 20:23:33","userId":"[REDACTED]"}
[33mwarn[39m: Login failed: user not found {"correlationId":"[REDACTED]","email":"[REDACTED]","ip":"[REDACTED]","service":"nonprofit-manager-api","timestamp":"2026-04-19 20:23:33"}
[33mwarn[39m: Webhook signature verification failed {"correlationId":"9be45140-26a0-4676-9a9a-e20773f5837e","error":"[REDACTED]","service":"nonprofit-manager-api","timestamp":"2026-04-19 20:23:33"}
[32minfo[39m: Webhook received {"age":"[REDACTED]","eventId":"[REDACTED]","eventType":"[REDACTED]","service":"nonprofit-manager-api","timestamp":"2026-04-19 20:23:34"}
[32minfo[39m: Duplicate payment webhook ignored {"eventId":"[REDACTED]","eventType":"[REDACTED]","service":"nonprofit-manager-api","timestamp":"2026-04-19 20:23:34"}
PASS src/__tests__/integration/routeGuardrails.test.ts
  Route Guardrails Integration
    ✓ returns canonical 429 envelope with retry metadata when auth limiter is exceeded (42 ms)
    ✓ attaches correlation id header and body field for canonical failures (9 ms)
    ✓ falls back to generated correlation id when inbound value is invalid (7 ms)
    ✓ returns machine-usable validation issues array (11 ms)
    ✓ keeps validation detail contract parity across legacy and zod validation routes (12 ms)
    ✓ returns provider webhook ack payloads without success-envelope wrapping for replay and duplicate paths (8 ms)
    ✓ keeps correlation IDs isolated across concurrent requests (9 ms)
    auth-required route matrix
      ✓ accounts list requires auth (9 ms)
      ✓ current user requires auth (10 ms)
      ✓ webhook endpoint list requires auth (9 ms)
      ✓ social media settings require auth (8 ms)
      ✓ task create requires auth (10 ms)
    validation-required route matrix
      ✓ register validates payload (8 ms)
      ✓ login validates payload (12 ms)
      ✓ setup validates payload (13 ms)
    validation-required route matrix (authenticated)
      ✓ activities recent enforces query bounds (23 ms)
      ✓ activities recent rejects unknown query keys (19 ms)
      ✓ external service provider create enforces body schema (21 ms)
      ✓ reconciliation endpoints enforce UUID params (19 ms)
      ✓ saved reports list enforces entity enum query (23 ms)
      ✓ admin audit logs enforces query bounds (14 ms)
      ✓ admin audit logs rejects unknown query keys (22 ms)
      ✓ admin pending registrations enforces status enum query (18 ms)
      ✓ admin pending registrations reject unknown query keys (16 ms)
      ✓ users list enforces is_active boolean query (16 ms)
      ✓ users list rejects unknown query keys (12 ms)
      ✓ portal admin users enforces search query shape (14 ms)
      ✓ portal admin users reject unknown query keys (15 ms)
      ✓ portal user activity enforces query bounds (12 ms)
      ✓ templates search rejects unknown query keys (13 ms)
      ✓ v2 tasks list rejects unknown query keys (18 ms)
      ✓ v2 volunteers list rejects unknown query keys (16 ms)
      ✓ v2 case document download rejects unknown query keys (26 ms)
      ✓ webhook deliveries reject unknown query keys (14 ms)
      ✓ api key usage rejects unknown query keys (50 ms)
      ✓ v2 report templates enforce category enum query (72 ms)
      ✓ social media snapshot route enforces UUID params (38 ms)
      ✓ v2 report templates reject unknown query keys (61 ms)
      ✓ legacy report templates enforce category enum query (76 ms)
    tenant/org activation behavior matrix
      ✓ rejects missing org context on org-scoped routes (56 ms)
      ✓ rejects unknown org context on org-scoped routes (15 ms)
      ✓ rejects inactive org context on org-scoped routes (12 ms)
      ✓ allows active org context through to downstream validators (13 ms)
    workspace module controls
      ✓ allows admin users to read and update organization workspace modules (36 ms)
      ✓ rejects non-admin users updating organization workspace modules (15 ms)
      ✓ blocks disabled workspace module routes with a canonical disabled response (40 ms)
      ✓ preserves route-level validation behavior when no org context is selected (35 ms)
      ✓ still honors the global team-chat flag when org settings enable the module (29 ms)
    strict org-context setup/auth bypass behavior
      ✓ does not block setup-status behind org-context requirement (8 ms)
      ✓ keeps login behavior as auth semantics (not org-context bad request) (11 ms)
      ✓ keeps setup validation errors as validation semantics (not org-context bad request) (10 ms)
      ✓ still enforces organization context on org-scoped business routes (20 ms)
    webhook-guardrail route matrix
      ✓ stripe webhook requires signature (7 ms)
    success envelope contract matrix
      ✓ auth setup-status success envelope (8 ms)
      ✓ payments config success envelope (6 ms)
      ✓ admin roles success envelope (13 ms)
      ✓ portal admin requests list uses canonical success envelope (33 ms)

[32minfo[39m: Redis caching is disabled {"service":"nonprofit-manager-api","timestamp":"2026-04-19 20:23:34"}
[32minfo[39m: auth.alias_input_used {"aliasFields":["[REDACTED]","[REDACTED]","[REDACTED]"],"correlationId":"[REDACTED]","event":"[REDACTED]","route":"[REDACTED]","service":"nonprofit-manager-api","timestamp":"[REDACTED]","userAgent":"[REDACTED]"}
[32minfo[39m: User registered: analytics-test-1776655414444-32fe2a382131f@example.com {"correlationId":"271b65c2-da2b-4f76-af7b-898ca541176b","service":"nonprofit-manager-api","timestamp":"2026-04-19 20:23:34"}
PASS src/__tests__/integration/analytics.test.ts
  Analytics API Integration Tests
    Authentication Requirements
      ✓ should require authentication for /api/v2/analytics/summary (3 ms)
      ✓ should require authentication for /api/v2/analytics/accounts/:id (1 ms)
      ✓ should require authentication for /api/v2/analytics/contacts/:id
      ✓ should require authentication for account donation metrics (1 ms)
      ✓ should require authentication for contact donation metrics (1 ms)
      ✓ should require authentication for account event metrics (1 ms)
      ✓ should require authentication for contact event metrics
      ✓ should require authentication for volunteer metrics (1 ms)
    Input Validation
      ✓ should reject invalid UUID in account analytics (30 ms)
      ✓ should reject invalid UUID in contact analytics (21 ms)
    Not Found Handling
      ✓ should return 404 for non-existent account (49 ms)
      ✓ should return 404 for non-existent contact (19 ms)
    Trends Endpoints
      GET /api/v2/analytics/trends/donations
        ✓ should require authentication (1 ms)
        ✓ should return donation trends with authentication (26 ms)
        ✓ should accept months query parameter (15 ms)
        ✓ should return max 24 months of data (15 ms)
      GET /api/v2/analytics/trends/volunteer-hours
        ✓ should require authentication (2 ms)
        ✓ should return trends or error if table missing (24 ms)
      GET /api/v2/analytics/trends/event-attendance
        ✓ should return event attendance trends for the current events schema (34 ms)

[32minfo[39m: Redis caching is disabled {"service":"nonprofit-manager-api","timestamp":"2026-04-19 20:23:35"}
[32minfo[39m: auth.alias_input_used {"aliasFields":["[REDACTED]","[REDACTED]","[REDACTED]"],"correlationId":"[REDACTED]","event":"[REDACTED]","route":"[REDACTED]","service":"nonprofit-manager-api","timestamp":"[REDACTED]","userAgent":"[REDACTED]"}
[32minfo[39m: User registered: email-settings-admin-1776655415234@example.com {"correlationId":"94e6f0e3-ae78-43f9-95e1-52eb00e071b7","service":"nonprofit-manager-api","timestamp":"2026-04-19 20:23:35"}
[32minfo[39m: User logged in: email-settings-admin-1776655415234@example.com {"correlationId":"[REDACTED]","ip":"[REDACTED]","service":"nonprofit-manager-api","timestamp":"2026-04-19 20:23:35"}
[32minfo[39m: Email settings updated {"accountId":"9b80ba03-30e5-4196-829e-be487319eb16","correlationId":"16ceeeb1-8ab0-4680-a121-54591a9ef5cf","organizationId":"9b80ba03-30e5-4196-829e-be487319eb16","service":"nonprofit-manager-api","tenantId":"9b80ba03-30e5-4196-829e-be487319eb16","timestamp":"2026-04-19 20:23:35","userId":"[REDACTED]"}
PASS src/__tests__/integration/adminEmailSettings.test.ts
  Admin Email Settings API
    ✓ normalizes whitespace-only optional fields into cleared values (20 ms)
    ✓ keeps invalid non-empty email values as validation errors (8 ms)

[32minfo[39m: Redis caching is disabled {"service":"nonprofit-manager-api","timestamp":"2026-04-19 20:23:35"}
PASS src/__tests__/integration/healthAliases.test.ts
  Health Route Alias Integration
    ✓ keeps root health aliases outside org-context and success-envelope middleware (4 ms)
    ✓ keeps live health aliases outside org-context and tombstone middleware (3 ms)
    ✓ matches canonical payload shape for aliased health route "/ready" (20 ms)
    ✓ matches canonical payload shape for aliased health route "/detailed" (4 ms)

PASS src/__tests__/integration/adminTwilioSettings.test.ts
  Admin Twilio Settings API
    ✓ rejects non-admin access (10 ms)
    ✓ returns the current Twilio settings and credential presence for admins (7 ms)
    ✓ normalizes blank optional fields and recomputes the configured state (8 ms)
    ✓ rejects invalid Twilio SID formats (4 ms)
    ✓ reports a successful Twilio connection test (66 ms)
    ✓ reports a failed Twilio connection test (76 ms)

[32minfo[39m: Redis caching is disabled {"service":"nonprofit-manager-api","timestamp":"2026-04-19 20:23:37"}
[32minfo[39m: auth.alias_input_used {"aliasFields":["[REDACTED]","[REDACTED]","[REDACTED]"],"correlationId":"[REDACTED]","event":"[REDACTED]","route":"[REDACTED]","service":"nonprofit-manager-api","timestamp":"[REDACTED]","userAgent":"[REDACTED]"}
[32minfo[39m: User registered: account-test-1776655417353-84c92757fb19d8@example.com {"correlationId":"0eb45e95-e3e1-4bcf-81d3-d073c470dbf6","service":"nonprofit-manager-api","timestamp":"2026-04-19 20:23:37"}
[32minfo[39m: Account created: 40daa324-34a2-484e-bf7a-7bef874bad08 {"accountId":"9b80ba03-30e5-4196-829e-be487319eb16","correlationId":"d8ffe5ef-cf47-4a5b-9411-b420e7d3ce0e","organizationId":"9b80ba03-30e5-4196-829e-be487319eb16","service":"nonprofit-manager-api","tenantId":"9b80ba03-30e5-4196-829e-be487319eb16","timestamp":"2026-04-19 20:23:37","userId":"fb6aa048-2164-4811-b527-85043c1ef582"}
[32minfo[39m: Account created: 90c9a04b-4f5c-4342-bdf8-edb0e7f6c3ba {"accountId":"9b80ba03-30e5-4196-829e-be487319eb16","correlationId":"401e1fca-9c9e-4900-9344-e5f5aa9f1fca","organizationId":"9b80ba03-30e5-4196-829e-be487319eb16","service":"nonprofit-manager-api","tenantId":"9b80ba03-30e5-4196-829e-be487319eb16","timestamp":"2026-04-19 20:23:37","userId":"fb6aa048-2164-4811-b527-85043c1ef582"}
[32minfo[39m: Account created: 925f0e6a-f34b-43bf-9c41-cafd3a191d4d {"accountId":"9b80ba03-30e5-4196-829e-be487319eb16","correlationId":"b63fe54c-9f2d-45eb-aa6c-71d1c72f41a6","organizationId":"9b80ba03-30e5-4196-829e-be487319eb16","service":"nonprofit-manager-api","tenantId":"9b80ba03-30e5-4196-829e-be487319eb16","timestamp":"2026-04-19 20:23:37","userId":"fb6aa048-2164-4811-b527-85043c1ef582"}
[32minfo[39m: Account created: e8bd8c2c-6680-4f55-aaf8-72e4fed1f061 {"accountId":"9b80ba03-30e5-4196-829e-be487319eb16","correlationId":"914bf843-2896-4a31-8b12-bca58624dd4f","organizationId":"9b80ba03-30e5-4196-829e-be487319eb16","service":"nonprofit-manager-api","tenantId":"9b80ba03-30e5-4196-829e-be487319eb16","timestamp":"2026-04-19 20:23:37","userId":"fb6aa048-2164-4811-b527-85043c1ef582"}
[32minfo[39m: Account created: 6f0654e9-c0dd-40f7-88fc-640f26a8ba74 {"accountId":"9b80ba03-30e5-4196-829e-be487319eb16","correlationId":"a9d367a7-b02e-4e8f-b1be-6447ce3b512a","organizationId":"9b80ba03-30e5-4196-829e-be487319eb16","service":"nonprofit-manager-api","tenantId":"9b80ba03-30e5-4196-829e-be487319eb16","timestamp":"2026-04-19 20:23:37","userId":"fb6aa048-2164-4811-b527-85043c1ef582"}
[32minfo[39m: Account created: fc5f0ec8-95b1-41b8-a713-11b3b38089d3 {"accountId":"9b80ba03-30e5-4196-829e-be487319eb16","correlationId":"2e7e6705-d05f-46da-8b8e-fb42e5ab849b","organizationId":"9b80ba03-30e5-4196-829e-be487319eb16","service":"nonprofit-manager-api","tenantId":"9b80ba03-30e5-4196-829e-be487319eb16","timestamp":"2026-04-19 20:23:37","userId":"fb6aa048-2164-4811-b527-85043c1ef582"}
[32minfo[39m: Account updated: fc5f0ec8-95b1-41b8-a713-11b3b38089d3 {"accountId":"9b80ba03-30e5-4196-829e-be487319eb16","correlationId":"c2f2d00d-0576-4285-bdb3-e410404bd5ec","organizationId":"9b80ba03-30e5-4196-829e-be487319eb16","service":"nonprofit-manager-api","tenantId":"9b80ba03-30e5-4196-829e-be487319eb16","timestamp":"2026-04-19 20:23:37","userId":"fb6aa048-2164-4811-b527-85043c1ef582"}
[32minfo[39m: Account created: ff110be8-7e02-4eaa-97bc-b66c15c84a07 {"accountId":"9b80ba03-30e5-4196-829e-be487319eb16","correlationId":"b81ec165-6469-4cf9-816c-c1d3eba40b6d","organizationId":"9b80ba03-30e5-4196-829e-be487319eb16","service":"nonprofit-manager-api","tenantId":"9b80ba03-30e5-4196-829e-be487319eb16","timestamp":"2026-04-19 20:23:37","userId":"fb6aa048-2164-4811-b527-85043c1ef582"}
[32minfo[39m: Account updated: ff110be8-7e02-4eaa-97bc-b66c15c84a07 {"accountId":"9b80ba03-30e5-4196-829e-be487319eb16","correlationId":"b0802eb0-6e10-4388-a16f-9199ed25b340","organizationId":"9b80ba03-30e5-4196-829e-be487319eb16","service":"nonprofit-manager-api","tenantId":"9b80ba03-30e5-4196-829e-be487319eb16","timestamp":"2026-04-19 20:23:37","userId":"fb6aa048-2164-4811-b527-85043c1ef582"}
[32minfo[39m: Account created: d0f372b1-55ae-4a91-bb95-bb518eaec533 {"accountId":"9b80ba03-30e5-4196-829e-be487319eb16","correlationId":"74772075-262a-4f20-afbc-1e231120c334","organizationId":"9b80ba03-30e5-4196-829e-be487319eb16","service":"nonprofit-manager-api","tenantId":"9b80ba03-30e5-4196-829e-be487319eb16","timestamp":"2026-04-19 20:23:37","userId":"fb6aa048-2164-4811-b527-85043c1ef582"}
[32minfo[39m: Account soft deleted: d0f372b1-55ae-4a91-bb95-bb518eaec533 {"accountId":"9b80ba03-30e5-4196-829e-be487319eb16","correlationId":"3dc2c591-aacb-4d6c-946c-8e8813c20bed","organizationId":"9b80ba03-30e5-4196-829e-be487319eb16","service":"nonprofit-manager-api","tenantId":"9b80ba03-30e5-4196-829e-be487319eb16","timestamp":"2026-04-19 20:23:37","userId":"fb6aa048-2164-4811-b527-85043c1ef582"}
PASS src/__tests__/integration/accounts.test.ts
  Account API Integration Tests
    POST /api/v2/accounts
      ✓ should create a new account with valid data (24 ms)
      ✓ should require authentication (1 ms)
      ✓ should require account_name field (13 ms)
      ✓ should accept email field (17 ms)
      ✓ should accept account_type field (14 ms)
    GET /api/v2/accounts
      ✓ should return paginated list of accounts (17 ms)
      ✓ should support search query (12 ms)
      ✓ should support pagination parameters (17 ms)
      ✓ should filter by account type (15 ms)
      ✓ should require authentication (1 ms)
    GET /api/v2/accounts/:id
      ✓ should return a single account by ID (28 ms)
      ✓ should return 404 for non-existent account (11 ms)
      ✓ should require authentication (1 ms)
    PUT /api/v2/accounts/:id
      ✓ should update an existing account (39 ms)
      ✓ should return 404 for non-existent account (23 ms)
      ✓ should allow updating email field (31 ms)
      ✓ should require authentication (1 ms)
    DELETE /api/v2/accounts/:id
      ✓ should soft delete an account (39 ms)
      ✓ should return 404 for non-existent account (12 ms)
      ✓ should require authentication (1 ms)

[32minfo[39m: Redis caching is disabled {"service":"nonprofit-manager-api","timestamp":"2026-04-19 20:23:38"}
[32minfo[39m: auth.alias_input_used {"aliasFields":["[REDACTED]","[REDACTED]","[REDACTED]"],"correlationId":"[REDACTED]","event":"[REDACTED]","route":"[REDACTED]","service":"nonprofit-manager-api","timestamp":"[REDACTED]","userAgent":"[REDACTED]"}
[32minfo[39m: User registered: backup-admin-1776655418200@example.com {"correlationId":"215b43f9-2725-4630-b92b-32caa12c236f","service":"nonprofit-manager-api","timestamp":"2026-04-19 20:23:38"}
[32minfo[39m: User logged in: backup-admin-1776655418200@example.com {"correlationId":"[REDACTED]","ip":"[REDACTED]","service":"nonprofit-manager-api","timestamp":"2026-04-19 20:23:38"}
[32minfo[39m: auth.alias_input_used {"aliasFields":["[REDACTED]","[REDACTED]","[REDACTED]"],"correlationId":"[REDACTED]","event":"[REDACTED]","route":"[REDACTED]","service":"nonprofit-manager-api","timestamp":"[REDACTED]","userAgent":"[REDACTED]"}
[32minfo[39m: User registered: backup-user-1776655418369@example.com {"correlationId":"19d24820-6a29-4084-81a8-ec5818ebf8cb","service":"nonprofit-manager-api","timestamp":"2026-04-19 20:23:38"}
[32minfo[39m: User logged in: backup-user-1776655418369@example.com {"correlationId":"[REDACTED]","ip":"[REDACTED]","service":"nonprofit-manager-api","timestamp":"2026-04-19 20:23:38"}
PASS src/__tests__/integration/backupExport.test.ts
  Backup Export API
    ✓ rejects non-admin export (36 ms)
    ✓ exports a redacted backup by default (30 ms)
    ✓ can export an unredacted (full) backup (25 ms)

[32minfo[39m: Redis caching is disabled {"service":"nonprofit-manager-api","timestamp":"2026-04-19 20:23:39"}
[32minfo[39m: auth.alias_input_used {"aliasFields":["[REDACTED]","[REDACTED]","[REDACTED]"],"correlationId":"[REDACTED]","event":"[REDACTED]","route":"[REDACTED]","service":"nonprofit-manager-api","timestamp":"[REDACTED]","userAgent":"[REDACTED]"}
[32minfo[39m: User registered: task-test-1776655419784-0c7b24ae71c978@example.com {"correlationId":"3e8e32ae-3f7a-41a6-8bd7-8d0fc65a4d9b","service":"nonprofit-manager-api","timestamp":"2026-04-19 20:23:39"}
PASS src/__tests__/integration/tasks.test.ts
  Task API Integration Tests
    POST /api/v2/tasks
      ✓ should create a new task with valid data (30 ms)
      ✓ should require authentication (1 ms)
      ✓ should create task with minimal fields (24 ms)
      ✓ should create task with related entity (17 ms)
      ✓ should reject invalid priority enum (14 ms)
    GET /api/v2/tasks
      ✓ should return list of tasks with pagination (19 ms)
      ✓ should support search query (17 ms)
      ✓ should filter by priority (16 ms)
      ✓ should filter by status (15 ms)
      ✓ should filter by due date range (14 ms)
      ✓ should require authentication (1 ms)
    GET /api/v2/tasks/:id
      ✓ should return a single task by ID (38 ms)
      ✓ should return 404 for non-existent task (17 ms)
      ✓ should require authentication (1 ms)
    PUT /api/v2/tasks/:id
      ✓ should update an existing task (28 ms)
      ✓ should update task completion status (49 ms)
      ✓ should return 404 for non-existent task (14 ms)
      ✓ should require authentication (2 ms)
    DELETE /api/v2/tasks/:id
      ✓ should delete a task (40 ms)
      ✓ should return 404 for non-existent task (14 ms)
      ✓ should require authentication (1 ms)

[32minfo[39m: Redis caching is disabled {"service":"nonprofit-manager-api","timestamp":"2026-04-19 20:23:40"}
PASS src/__tests__/integration/ingest.test.ts
  Ingest API Integration
    ✓ requires authentication for ingest preview-text (4 ms)
    ✓ requires authentication for ingest preview upload (1 ms)

[32minfo[39m: Redis caching is disabled {"service":"nonprofit-manager-api","timestamp":"2026-04-19 20:23:41"}
[32minfo[39m: Contact created: 296e8c0e-3463-4a0a-9818-eecad6efa2a2 {"accountId":"dafdcf3f-6ff4-4946-ace6-007545406925","correlationId":"6893bf0c-4450-44c1-bf1d-aa3a60beadd4","organizationId":"dafdcf3f-6ff4-4946-ace6-007545406925","service":"nonprofit-manager-api","tenantId":"dafdcf3f-6ff4-4946-ace6-007545406925","timestamp":"2026-04-19 20:23:41","userId":"bb9b9796-6f9d-4ee0-afc7-1f60d14b63d0"}
[32minfo[39m: Contact created: 40457eae-d5cb-4ce4-a4dd-2c68fbe0aaa7 {"accountId":"dafdcf3f-6ff4-4946-ace6-007545406925","correlationId":"d376fe08-6ced-490a-8bbc-a8072e7914fd","organizationId":"dafdcf3f-6ff4-4946-ace6-007545406925","service":"nonprofit-manager-api","tenantId":"dafdcf3f-6ff4-4946-ace6-007545406925","timestamp":"2026-04-19 20:23:41","userId":"bb9b9796-6f9d-4ee0-afc7-1f60d14b63d0"}
[32minfo[39m: Case created: CASE-260419-42121471 {"accountId":"dafdcf3f-6ff4-4946-ace6-007545406925","caseId":"[REDACTED]","correlationId":"d376fe08-6ced-490a-8bbc-a8072e7914fd","organizationId":"dafdcf3f-6ff4-4946-ace6-007545406925","service":"nonprofit-manager-api","tenantId":"dafdcf3f-6ff4-4946-ace6-007545406925","timestamp":"2026-04-19 20:23:41","userId":"bb9b9796-6f9d-4ee0-afc7-1f60d14b63d0"}
[32minfo[39m: Contact created: e7af7366-9825-499b-bcd0-7a9e2d0b083e {"accountId":"dafdcf3f-6ff4-4946-ace6-007545406925","correlationId":"4f450fb3-45ef-441d-aa3e-b06aa0c2eb00","organizationId":"dafdcf3f-6ff4-4946-ace6-007545406925","service":"nonprofit-manager-api","tenantId":"dafdcf3f-6ff4-4946-ace6-007545406925","timestamp":"2026-04-19 20:23:41","userId":"bb9b9796-6f9d-4ee0-afc7-1f60d14b63d0"}
PASS src/__tests__/integration/publishing.test.ts
  Publishing API Integration
    ✓ requires authentication for site search (2 ms)
    ✓ requires authentication for site creation (2 ms)
    ✓ lists sites for the console and includes blocked state (17 ms)
    ✓ returns site overview with live routes and discovered forms (21 ms)
    ✓ rejects unknown form keys without persisting orphan overrides (12 ms)
    ✓ reads and updates form settings, and the public form uses the override without republish (63 ms)
    ✓ submits public referral forms and records intake case analytics (31 ms)
    ✓ submits public donation forms with the configured payment provider (66 ms)
    ✓ reads and updates integration settings through the site console APIs (48 ms)
    ✓ returns conversion analytics summary for a site (10 ms)
    ✓ keeps blocked sites readable but rejects form, integration, domain, and publish mutations (63 ms)

[32minfo[39m: Redis caching is disabled {"service":"nonprofit-manager-api","timestamp":"2026-04-19 20:23:41"}
[32minfo[39m: MFA required for user: auth-mfa-1776655421809-adeabda74800a@example.com {"correlationId":"[REDACTED]","ip":"[REDACTED]","service":"nonprofit-manager-api","timestamp":"2026-04-19 20:23:42"}
[32minfo[39m: MFA required for user: auth-mfa-1776655421809-adeabda74800a@example.com {"correlationId":"[REDACTED]","ip":"[REDACTED]","service":"nonprofit-manager-api","timestamp":"2026-04-19 20:23:42"}
[32minfo[39m: MFA required for user: auth-mfa-1776655421809-adeabda74800a@example.com {"correlationId":"[REDACTED]","ip":"[REDACTED]","service":"nonprofit-manager-api","timestamp":"2026-04-19 20:23:42"}
PASS src/__tests__/integration/auth.mfa.test.ts
  Auth MFA Integration Tests
    ✓ requires MFA on password login for TOTP-enabled users (138 ms)
    ✓ completes MFA login with code payload (176 ms)
    ✓ accepts legacy token payload for MFA code (184 ms)

[32minfo[39m: Redis caching is disabled {"service":"nonprofit-manager-api","timestamp":"2026-04-19 20:23:42"}
[32minfo[39m: auth.alias_input_used {"aliasFields":["[REDACTED]","[REDACTED]","[REDACTED]"],"correlationId":"[REDACTED]","event":"[REDACTED]","route":"[REDACTED]","service":"nonprofit-manager-api","timestamp":"[REDACTED]","userAgent":"[REDACTED]"}
[32minfo[39m: User registered: volunteer-test-1776655422823-de8ba3d04e8958@example.com {"correlationId":"4d51ddb7-86c8-4962-9761-4987f027e0ba","service":"nonprofit-manager-api","timestamp":"2026-04-19 20:23:42"}
[32minfo[39m: Account created: 0dd466d0-126c-43d9-b171-2528975bc342 {"accountId":"9b80ba03-30e5-4196-829e-be487319eb16","correlationId":"c34141ce-0f61-4579-925a-a535a8559f2a","organizationId":"9b80ba03-30e5-4196-829e-be487319eb16","service":"nonprofit-manager-api","tenantId":"9b80ba03-30e5-4196-829e-be487319eb16","timestamp":"2026-04-19 20:23:42","userId":"8f7fdba8-68cd-434e-b21c-7f71c7dbaed0"}
[32minfo[39m: Contact created: 8222e234-83fb-4346-b63b-c45fe4f5263f {"accountId":"9b80ba03-30e5-4196-829e-be487319eb16","correlationId":"e4289705-ecae-4fff-ac86-1ba2377340e6","organizationId":"9b80ba03-30e5-4196-829e-be487319eb16","service":"nonprofit-manager-api","tenantId":"9b80ba03-30e5-4196-829e-be487319eb16","timestamp":"2026-04-19 20:23:42","userId":"8f7fdba8-68cd-434e-b21c-7f71c7dbaed0"}
[32minfo[39m: Volunteer created: f286fb28-bf09-4db6-87c5-a1924e9dcfac {"accountId":"9b80ba03-30e5-4196-829e-be487319eb16","correlationId":"a0320ca2-acda-4a8d-b3ee-aa6133e81ef9","organizationId":"9b80ba03-30e5-4196-829e-be487319eb16","service":"nonprofit-manager-api","tenantId":"9b80ba03-30e5-4196-829e-be487319eb16","timestamp":"2026-04-19 20:23:43","userId":"8f7fdba8-68cd-434e-b21c-7f71c7dbaed0"}
[32minfo[39m: Contact created: de7f128c-c858-4c52-80bb-8dc3664b5096 {"accountId":"9b80ba03-30e5-4196-829e-be487319eb16","correlationId":"24c1ed57-b8a6-4011-9c51-d658dd70edc1","organizationId":"9b80ba03-30e5-4196-829e-be487319eb16","service":"nonprofit-manager-api","tenantId":"9b80ba03-30e5-4196-829e-be487319eb16","timestamp":"2026-04-19 20:23:43","userId":"8f7fdba8-68cd-434e-b21c-7f71c7dbaed0"}
[32minfo[39m: Volunteer created: 1ab1fe7f-d9e2-43e2-8343-346ff7732439 {"accountId":"9b80ba03-30e5-4196-829e-be487319eb16","correlationId":"a8437ce2-5b8e-4b7e-9edf-39c6f6460e81","organizationId":"9b80ba03-30e5-4196-829e-be487319eb16","service":"nonprofit-manager-api","tenantId":"9b80ba03-30e5-4196-829e-be487319eb16","timestamp":"2026-04-19 20:23:43","userId":"8f7fdba8-68cd-434e-b21c-7f71c7dbaed0"}
[32minfo[39m: Contact created: ebee141a-ae09-4fea-9fc3-eca9cc0bced5 {"accountId":"9b80ba03-30e5-4196-829e-be487319eb16","correlationId":"f05d18a3-5d19-42a5-b8f0-a45cfd2a3762","organizationId":"9b80ba03-30e5-4196-829e-be487319eb16","service":"nonprofit-manager-api","tenantId":"9b80ba03-30e5-4196-829e-be487319eb16","timestamp":"2026-04-19 20:23:43","userId":"8f7fdba8-68cd-434e-b21c-7f71c7dbaed0"}
[32minfo[39m: Volunteer created: 7c27f23a-66a6-4dc0-8ec1-f418c1388048 {"accountId":"9b80ba03-30e5-4196-829e-be487319eb16","correlationId":"14872922-65a4-4612-9d73-a73f52e703b4","organizationId":"9b80ba03-30e5-4196-829e-be487319eb16","service":"nonprofit-manager-api","tenantId":"9b80ba03-30e5-4196-829e-be487319eb16","timestamp":"2026-04-19 20:23:43","userId":"8f7fdba8-68cd-434e-b21c-7f71c7dbaed0"}
[32minfo[39m: Contact created: 6b6fb381-a698-4519-9fc9-f551b4b0b068 {"accountId":"9b80ba03-30e5-4196-829e-be487319eb16","correlationId":"7055ddc3-2769-4c9e-96df-0ca5111342bc","organizationId":"9b80ba03-30e5-4196-829e-be487319eb16","service":"nonprofit-manager-api","tenantId":"9b80ba03-30e5-4196-829e-be487319eb16","timestamp":"2026-04-19 20:23:43","userId":"8f7fdba8-68cd-434e-b21c-7f71c7dbaed0"}
[32minfo[39m: Volunteer created: 493d466a-877e-4db8-9086-8057e569bf9f {"accountId":"9b80ba03-30e5-4196-829e-be487319eb16","correlationId":"5434cc8d-819e-4a59-a24b-02c744a24c4d","organizationId":"9b80ba03-30e5-4196-829e-be487319eb16","service":"nonprofit-manager-api","tenantId":"9b80ba03-30e5-4196-829e-be487319eb16","timestamp":"2026-04-19 20:23:43","userId":"8f7fdba8-68cd-434e-b21c-7f71c7dbaed0"}
[32minfo[39m: Volunteer updated: 493d466a-877e-4db8-9086-8057e569bf9f {"accountId":"9b80ba03-30e5-4196-829e-be487319eb16","correlationId":"cb632277-68cc-484c-9a89-ab727bc92aed","organizationId":"9b80ba03-30e5-4196-829e-be487319eb16","service":"nonprofit-manager-api","tenantId":"9b80ba03-30e5-4196-829e-be487319eb16","timestamp":"2026-04-19 20:23:43","userId":"8f7fdba8-68cd-434e-b21c-7f71c7dbaed0"}
[32minfo[39m: Contact created: e91f72b0-c52b-43b7-bc56-3861c3b00451 {"accountId":"9b80ba03-30e5-4196-829e-be487319eb16","correlationId":"62ba4c16-9f9e-4902-aba6-fd65d8c24fb1","organizationId":"9b80ba03-30e5-4196-829e-be487319eb16","service":"nonprofit-manager-api","tenantId":"9b80ba03-30e5-4196-829e-be487319eb16","timestamp":"2026-04-19 20:23:43","userId":"8f7fdba8-68cd-434e-b21c-7f71c7dbaed0"}
[32minfo[39m: Volunteer created: 631871a5-5f67-43f4-87ba-3b77e8b0f072 {"accountId":"9b80ba03-30e5-4196-829e-be487319eb16","correlationId":"f78aaa58-6d38-494d-bd0a-b62dcba38290","organizationId":"9b80ba03-30e5-4196-829e-be487319eb16","service":"nonprofit-manager-api","tenantId":"9b80ba03-30e5-4196-829e-be487319eb16","timestamp":"2026-04-19 20:23:43","userId":"8f7fdba8-68cd-434e-b21c-7f71c7dbaed0"}
[32minfo[39m: Volunteer updated: 631871a5-5f67-43f4-87ba-3b77e8b0f072 {"accountId":"9b80ba03-30e5-4196-829e-be487319eb16","correlationId":"ab05e7b9-2b8f-44ce-ad8b-8f6dcf2d2b72","organizationId":"9b80ba03-30e5-4196-829e-be487319eb16","service":"nonprofit-manager-api","tenantId":"9b80ba03-30e5-4196-829e-be487319eb16","timestamp":"2026-04-19 20:23:43","userId":"8f7fdba8-68cd-434e-b21c-7f71c7dbaed0"}
[32minfo[39m: Contact created: 1d52fa8d-a243-4a99-bc21-e9c07cde371d {"accountId":"9b80ba03-30e5-4196-829e-be487319eb16","correlationId":"5ba41752-6ca2-4a50-b890-edc70bbb9db1","organizationId":"9b80ba03-30e5-4196-829e-be487319eb16","service":"nonprofit-manager-api","tenantId":"9b80ba03-30e5-4196-829e-be487319eb16","timestamp":"2026-04-19 20:23:43","userId":"8f7fdba8-68cd-434e-b21c-7f71c7dbaed0"}
[32minfo[39m: Volunteer created: 69651093-8e08-48f7-96c1-c4aaad033a8e {"accountId":"9b80ba03-30e5-4196-829e-be487319eb16","correlationId":"2ba694ad-86d3-4bb5-ba5a-8b86e77dcf54","organizationId":"9b80ba03-30e5-4196-829e-be487319eb16","service":"nonprofit-manager-api","tenantId":"9b80ba03-30e5-4196-829e-be487319eb16","timestamp":"2026-04-19 20:23:43","userId":"8f7fdba8-68cd-434e-b21c-7f71c7dbaed0"}
[32minfo[39m: Volunteer soft deleted: 69651093-8e08-48f7-96c1-c4aaad033a8e {"accountId":"9b80ba03-30e5-4196-829e-be487319eb16","correlationId":"01330c82-fafd-41b0-aa2f-35092b7cafe9","organizationId":"9b80ba03-30e5-4196-829e-be487319eb16","service":"nonprofit-manager-api","tenantId":"9b80ba03-30e5-4196-829e-be487319eb16","timestamp":"2026-04-19 20:23:43","userId":"8f7fdba8-68cd-434e-b21c-7f71c7dbaed0"}
PASS src/__tests__/integration/volunteers.test.ts
  Volunteer API Integration Tests
    POST /api/v2/volunteers
      ✓ should create a new volunteer with valid data (18 ms)
      ✓ should require authentication (2 ms)
      ✓ should require contact_id field (11 ms)
      ✓ should create volunteer with background check info (35 ms)
    GET /api/v2/volunteers
      ✓ should return paginated list of volunteers (13 ms)
      ✓ should support search query (14 ms)
      ✓ should filter by skills (13 ms)
      ✓ should filter by background_check_status (11 ms)
      ✓ should require authentication (1 ms)
    GET /api/v2/volunteers/:id
      ✓ should return a single volunteer by ID (39 ms)
      ✓ should return 404 for non-existent volunteer (11 ms)
      ✓ should require authentication (1 ms)
    PUT /api/v2/volunteers/:id
      ✓ should update an existing volunteer (48 ms)
      ✓ should update background check information (55 ms)
      ✓ should return 404 for non-existent volunteer (14 ms)
      ✓ should require authentication (1 ms)
    DELETE /api/v2/volunteers/:id
      ✓ should soft delete a volunteer (44 ms)
      ✓ should return 404 for non-existent volunteer (12 ms)
      ✓ should require authentication (1 ms)

PASS src/__tests__/modules/wave2RouteConstruction.test.ts
  wave 2 modular route construction
    ✓ builds routers without placeholder dependency injection (2 ms)

[32minfo[39m: Redis caching is disabled {"service":"nonprofit-manager-api","timestamp":"2026-04-19 20:23:43"}
[32minfo[39m: auth.alias_input_used {"aliasFields":["[REDACTED]","[REDACTED]","[REDACTED]"],"correlationId":"[REDACTED]","event":"[REDACTED]","route":"[REDACTED]","service":"nonprofit-manager-api","timestamp":"[REDACTED]","userAgent":"[REDACTED]"}
[32minfo[39m: User registered: donation-test-1776655423828-2c94e0f6b9692@example.com {"correlationId":"3a6bb4fe-7fd6-4894-a9ea-21e3bcdc76e9","service":"nonprofit-manager-api","timestamp":"2026-04-19 20:23:43"}
[32minfo[39m: Account created: eacf10c3-a42f-4db7-8778-e09ef492283f {"accountId":"9b80ba03-30e5-4196-829e-be487319eb16","correlationId":"968d0d8e-251e-4399-a521-0bec4a4ea5ef","organizationId":"9b80ba03-30e5-4196-829e-be487319eb16","service":"nonprofit-manager-api","tenantId":"9b80ba03-30e5-4196-829e-be487319eb16","timestamp":"2026-04-19 20:23:43","userId":"e774bc6f-d081-4475-a60a-94921a5c61ef"}
PASS src/__tests__/integration/donations.test.ts
  Donation API Integration Tests
    POST /api/v2/donations
      ✓ should create a new donation with valid data (21 ms)
      ✓ should require authentication (1 ms)
      ✓ should require amount and donation_date for creation (14 ms)
      ✓ should create donation with campaign and designation (14 ms)
      ✓ should create recurring donation (13 ms)
    GET /api/v2/donations
      ✓ should return paginated list of donations (12 ms)
      ✓ should filter by account_id (12 ms)
      ✓ should filter by date range (12 ms)
      ✓ should filter by payment_method (11 ms)
      ✓ should filter by campaign_name (10 ms)
      ✓ should require authentication (1 ms)
    GET /api/v2/donations/:id
      ✓ should return a single donation by ID (30 ms)
      ✓ should return 404 for non-existent donation (11 ms)
      ✓ should require authentication (1 ms)
    PUT /api/v2/donations/:id
      ✓ should update an existing donation (33 ms)
      ✓ should update receipt status (36 ms)
      ✓ should return 404 for non-existent donation (12 ms)
      ✓ should require authentication (1 ms)
    DELETE /api/v2/donations/:id
      ✓ should delete a donation (44 ms)
      ✓ should return 404 for non-existent donation (13 ms)
      ✓ should require authentication

[32minfo[39m: Redis caching is disabled {"service":"nonprofit-manager-api","timestamp":"2026-04-19 20:23:44"}
[31merror[39m: Case not found {"accountId":"936c6141-643d-494c-8eca-85202b8dbcbd","correlationId":"e14c5b7a-f8eb-4b4c-bc1c-f2f0f7936a9d","method":"GET","organizationId":"936c6141-643d-494c-8eca-85202b8dbcbd","service":"nonprofit-manager-api","stack":"Error: Case not found\n    at requireCaseOwnership (/Users/bryan/projects/nonprofit-manager/backend/src/modules/cases/queries/shared.ts:193:25)\n    at processTicksAndRejections (node:internal/process/task_queues:104:5)\n    at getCaseTimelineQuery (/Users/bryan/projects/nonprofit-manager/backend/src/modules/cases/queries/catalogQueries.ts:256:3)\n    at getCaseTimeline (/Users/bryan/projects/nonprofit-manager/backend/src/modules/cases/controllers/catalog.controller.ts:95:28)","tenantId":"936c6141-643d-494c-8eca-85202b8dbcbd","timestamp":"2026-04-19 20:23:45","url":"/api/v2/cases/1ff82d53-4573-4aa7-860d-9d863e766033/timeline","userId":"a0c2f71d-9ded-4dcd-97b8-1558a0fc3949"}
PASS src/__tests__/integration/caseManagementVisibility.test.ts
  Case Management Visibility Integration
    ✓ allows staff to create, edit, and delete case notes (81 ms)
    ✓ enforces client_viewable and visible_to_client rules in portal case APIs (353 ms)
    ✓ returns imported case provenance for staff and only portal-safe provenance for clients (103 ms)
    ✓ keeps cases scoped to the active organization for list, detail, and timeline access (58 ms)
    ✓ rejects disallowed case document upload mime types (11 ms)

[31merror[39m: Decryption error {"error":"[REDACTED]","service":"nonprofit-manager-api","timestamp":"2026-04-19 20:23:45"}
PASS src/__tests__/utils/encryption.test.ts
  Encryption Utility
    encrypt/decrypt
      ✓ should encrypt and decrypt a simple string (59 ms)
      ✓ should encrypt and decrypt with special characters (60 ms)
      ✓ should encrypt and decrypt long strings (60 ms)
      ✓ should produce different ciphertext for same plaintext (due to random IV) (113 ms)
      ✓ should return empty string for empty input
      ✓ should handle null and undefined gracefully
      ✓ should throw error on tampered ciphertext (62 ms)
    isEncrypted
      ✓ should return true for encrypted data (27 ms)
      ✓ should return false for plain text
      ✓ should return false for empty string
      ✓ should return false for null
      ✓ should return false for non-string values
      ✓ should return false for short base64 strings
    hashData
      ✓ should hash data consistently
      ✓ should produce different hashes for different data
      ✓ should return 64 character hex string
      ✓ should handle empty string
    maskData
      ✓ should mask data showing last 4 characters by default
      ✓ should allow custom visible characters
      ✓ should allow custom mask character
      ✓ should handle short strings
      ✓ should handle empty string
    maskEmail
      ✓ should mask email address correctly
      ✓ should handle short local part
      ✓ should handle invalid email
      ✓ should handle empty string
    maskPhone
      ✓ should mask phone number correctly
      ✓ should handle phone with different formats
      ✓ should handle short phone number
      ✓ should handle empty string
    generateEncryptionKey
      ✓ should generate 64 character hex key
      ✓ should generate unique keys each time
      ✓ should generate keys that can be used for encryption
    Edge Cases
      ✓ should handle Unicode characters (56 ms)
      ✓ should handle JSON strings (60 ms)
      ✓ should handle whitespace-only strings (58 ms)

[32minfo[39m: Redis caching is disabled {"service":"nonprofit-manager-api","timestamp":"2026-04-19 20:23:46"}
[32minfo[39m: auth.alias_input_used {"aliasFields":["[REDACTED]","[REDACTED]","[REDACTED]"],"correlationId":"[REDACTED]","event":"[REDACTED]","route":"[REDACTED]","service":"nonprofit-manager-api","timestamp":"[REDACTED]","userAgent":"[REDACTED]"}
[32minfo[39m: User registered: cases-test-1776655426186-49368dbdb7476@example.com {"correlationId":"a0bb0835-50e1-4c67-9208-d49a7c9193a8","service":"nonprofit-manager-api","timestamp":"2026-04-19 20:23:46"}
[32minfo[39m: Account created: b3467617-2b97-479b-84cf-02326ec505d4 {"accountId":"9b80ba03-30e5-4196-829e-be487319eb16","correlationId":"f0c28a92-b138-495b-94fa-eda5028052d0","organizationId":"9b80ba03-30e5-4196-829e-be487319eb16","service":"nonprofit-manager-api","tenantId":"9b80ba03-30e5-4196-829e-be487319eb16","timestamp":"2026-04-19 20:23:46","userId":"fa7a9a33-7d71-421a-a9df-a965a1a05059"}
[32minfo[39m: Contact created: 92495c47-4834-4d1e-be13-02557c3df8b1 {"accountId":"b3467617-2b97-479b-84cf-02326ec505d4","correlationId":"ffd02f3b-4375-4ee6-a1d4-9c28594d6f19","organizationId":"b3467617-2b97-479b-84cf-02326ec505d4","service":"nonprofit-manager-api","tenantId":"b3467617-2b97-479b-84cf-02326ec505d4","timestamp":"2026-04-19 20:23:46","userId":"fa7a9a33-7d71-421a-a9df-a965a1a05059"}
[32minfo[39m: Case created: CASE-260419-42639238 {"accountId":"b3467617-2b97-479b-84cf-02326ec505d4","caseId":"[REDACTED]","correlationId":"eb22de97-7a7a-4a8e-b99c-75c0a36b9ac1","organizationId":"b3467617-2b97-479b-84cf-02326ec505d4","service":"nonprofit-manager-api","tenantId":"b3467617-2b97-479b-84cf-02326ec505d4","timestamp":"2026-04-19 20:23:46","userId":"fa7a9a33-7d71-421a-a9df-a965a1a05059"}
[32minfo[39m: Contact created: 5079c839-fd17-42a6-8056-c727081ec44a {"accountId":"b3467617-2b97-479b-84cf-02326ec505d4","correlationId":"a2c6a490-e531-41e7-8972-d165ebc5fb39","organizationId":"b3467617-2b97-479b-84cf-02326ec505d4","service":"nonprofit-manager-api","tenantId":"b3467617-2b97-479b-84cf-02326ec505d4","timestamp":"2026-04-19 20:23:46","userId":"fa7a9a33-7d71-421a-a9df-a965a1a05059"}
[32minfo[39m: Case created: CASE-260419-42649143 {"accountId":"b3467617-2b97-479b-84cf-02326ec505d4","caseId":"[REDACTED]","correlationId":"bc02c2b7-90eb-428d-bf3c-1902d32e6639","organizationId":"b3467617-2b97-479b-84cf-02326ec505d4","service":"nonprofit-manager-api","tenantId":"b3467617-2b97-479b-84cf-02326ec505d4","timestamp":"2026-04-19 20:23:46","userId":"fa7a9a33-7d71-421a-a9df-a965a1a05059"}
PASS src/__tests__/integration/cases.test.ts
  Case API Integration Tests
    ✓ requires auth for v2 list endpoint (1 ms)
    ✓ returns tombstone response for v1 list endpoint (1 ms)
    ✓ serves v2 list with success envelope (17 ms)
    ✓ tombstones v1 metadata endpoint and serves v2 metadata endpoint (13 ms)
    ✓ defaults omitted account_id to the active organization for org-owned contacts (76 ms)
    ✓ defaults omitted account_id to the active organization for contacts without org ownership (100 ms)

[32minfo[39m: Redis caching is disabled {"service":"nonprofit-manager-api","timestamp":"2026-04-19 20:23:46"}
[33mwarn[39m: Email not sent — SMTP is not configured {"accountId":"9b80ba03-30e5-4196-829e-be487319eb16","correlationId":"a596e1aa-b2d9-4df3-93ef-021361c409ad","organizationId":"9b80ba03-30e5-4196-829e-be487319eb16","service":"nonprofit-manager-api","tenantId":"9b80ba03-30e5-4196-829e-be487319eb16","timestamp":"2026-04-19 20:23:47","userId":"7d1f9d0d-3e85-4200-80db-1b42cbaea3cd"}
PASS src/__tests__/integration/portalAppointments.test.ts
  Portal Appointments Integration
    ✓ books a published slot and blocks double booking when slot reaches capacity (26 ms)
    ✓ allows duplicate bookings for the same contact when slot capacity allows it (45 ms)
    ✓ creates and cancels a manual appointment request (15 ms)
    ✓ supports appointment and slot filtering with pagination parameters (56 ms)
    ✓ filters portal-visible appointment slots by date range (31 ms)
    ✓ supports admin appointment inbox, reminder history/manual send, and check-in (86 ms)

[32minfo[39m: Redis caching is disabled {"service":"nonprofit-manager-api","timestamp":"2026-04-19 20:23:47"}
[32minfo[39m: User logged in: role-sync-success-1776655427618-3c4e7027b02078@example.com {"correlationId":"[REDACTED]","ip":"[REDACTED]","service":"nonprofit-manager-api","timestamp":"2026-04-19 20:23:47"}
[31merror[39m: Failed to sync user role {"correlationId":"673f4a36-20fb-432e-b595-b5ed7e2514f5","error":{},"roleName":"[REDACTED]","service":"nonprofit-manager-api","timestamp":"2026-04-19 20:23:47","userId":"[REDACTED]"}
[31merror[39m: simulated user role sync failure {"correlationId":"673f4a36-20fb-432e-b595-b5ed7e2514f5","method":"POST","service":"nonprofit-manager-api","stack":"Error: simulated user role sync failure\n    at BoundPool.database_1.rawPool.query (/Users/bryan/projects/nonprofit-manager/backend/src/__tests__/integration/userRoleSync.test.ts:75:31)\n    at Proxy.exports.requestContextQuery (/Users/bryan/projects/nonprofit-manager/backend/src/config/database.ts:154:21)\n    at syncUserRole (/Users/bryan/projects/nonprofit-manager/backend/src/services/userRoleService.ts:74:14)\n    at processTicksAndRejections (node:internal/process/task_queues:104:5)\n    at login (/Users/bryan/projects/nonprofit-manager/backend/src/modules/auth/controllers/session.controller.ts:112:5)","timestamp":"2026-04-19 20:23:47","url":"/api/v2/auth/login"}
PASS src/__tests__/integration/userRoleSync.test.ts
  User Role Sync Integration
    ✓ persists role assignment in user_roles during login role sync (184 ms)
    ✓ fails closed when user_roles sync raises a database error (73 ms)

[32minfo[39m: Redis caching is disabled {"service":"nonprofit-manager-api","timestamp":"2026-04-19 20:23:48"}
PASS src/__tests__/integration/webhooks.test.ts
  Webhooks API Integration
    ✓ requires authentication for webhook endpoints (4 ms)
    ✓ requires authentication for API key listing (2 ms)
    ✓ denies non-admin access to webhook management routes (34 ms)
    ✓ supports webhook endpoint create, get, and update without exposing the secret on readback (18 ms)
    ✓ supports organization-scoped API key lifecycle routes (35 ms)
    ✓ rejects privileged scopes in API key creation requests (5 ms)

[32minfo[39m: Redis caching is disabled {"service":"nonprofit-manager-api","timestamp":"2026-04-19 20:23:48"}
PASS src/__tests__/integration/socialMedia.test.ts
  Social media API integration
    ✓ enforces admin-only access for organization social media settings (12 ms)
    ✓ validates snapshot path params before the controller executes (8 ms)
    ✓ updates settings, syncs a Facebook page, and stores site-level mappings (153 ms)

[32minfo[39m: Redis caching is disabled {"service":"nonprofit-manager-api","timestamp":"2026-04-19 20:23:49"}
PASS src/__tests__/integration/payments.test.ts
  Payments API Integration
    ✓ exposes public payment config endpoint (3 ms)
    ✓ requires auth for creating payment intents (2 ms)

[32minfo[39m: Redis caching is disabled {"service":"nonprofit-manager-api","timestamp":"2026-04-19 20:23:49"}
[32minfo[39m: auth.alias_input_used {"aliasFields":["[REDACTED]","[REDACTED]","[REDACTED]"],"correlationId":"[REDACTED]","event":"[REDACTED]","route":"[REDACTED]","service":"nonprofit-manager-api","timestamp":"[REDACTED]","userAgent":"[REDACTED]"}
[32minfo[39m: User registered: meeting-admin-1776655429879-ca89a0c5edf0b8@example.com {"correlationId":"cd60eeae-a699-4988-ac53-6460d24d01d1","service":"nonprofit-manager-api","timestamp":"2026-04-19 20:23:49"}
[32minfo[39m: Account created: bd9c0fcf-18f1-4866-8b48-d6e84c05045a {"accountId":"9b80ba03-30e5-4196-829e-be487319eb16","correlationId":"36edca69-d87d-43e6-b062-41273f2d79c7","organizationId":"9b80ba03-30e5-4196-829e-be487319eb16","service":"nonprofit-manager-api","tenantId":"9b80ba03-30e5-4196-829e-be487319eb16","timestamp":"2026-04-19 20:23:50","userId":"70294e85-40cd-42cd-a721-95dbd20e5a6e"}
[32minfo[39m: Contact created: 619bc7af-e8ed-42f7-90ec-3b9c36df195d {"accountId":"bd9c0fcf-18f1-4866-8b48-d6e84c05045a","correlationId":"067486f4-a032-4115-b894-8e1d0d3be89c","organizationId":"bd9c0fcf-18f1-4866-8b48-d6e84c05045a","service":"nonprofit-manager-api","tenantId":"bd9c0fcf-18f1-4866-8b48-d6e84c05045a","timestamp":"2026-04-19 20:23:50","userId":"70294e85-40cd-42cd-a721-95dbd20e5a6e"}
PASS src/modules/meetings/__tests__/integration/meetings.test.ts
  Meetings API Integration Tests
    Meetings CRUD
      ✓ should create a meeting (15 ms)
      ✓ should list meetings (11 ms)
      ✓ should get meeting details (17 ms)
      ✓ should update a meeting (14 ms)
    Agenda and Motions
      ✓ should add an agenda item (12 ms)
      ✓ should add a motion (12 ms)
      ✓ should create an action item (11 ms)
      ✓ should get minutes draft (13 ms)

[32minfo[39m: Redis caching is disabled {"service":"nonprofit-manager-api","timestamp":"2026-04-19 20:23:50"}
[33mwarn[39m: Email not sent — SMTP is not configured {"correlationId":"95cea221-62e3-4776-b9ae-542eddcdde6a","service":"nonprofit-manager-api","timestamp":"2026-04-19 20:23:50"}
[33mwarn[39m: Email not sent — SMTP is not configured {"accountId":"9b80ba03-30e5-4196-829e-be487319eb16","correlationId":"75e77cec-1218-4ee0-bec6-617bdef543e6","organizationId":"9b80ba03-30e5-4196-829e-be487319eb16","service":"nonprofit-manager-api","tenantId":"9b80ba03-30e5-4196-829e-be487319eb16","timestamp":"2026-04-19 20:23:51","userId":"757bb94f-30ec-4897-ad3e-6681c5128306"}
[33mwarn[39m: Email not sent — SMTP is not configured {"correlationId":"26e02909-1e05-4feb-8d11-4a909453b710","service":"nonprofit-manager-api","timestamp":"2026-04-19 20:23:51"}
[33mwarn[39m: Email not sent — SMTP is not configured {"accountId":"9b80ba03-30e5-4196-829e-be487319eb16","correlationId":"4118d7fe-3fe9-4994-8472-6751ac9aa880","organizationId":"9b80ba03-30e5-4196-829e-be487319eb16","service":"nonprofit-manager-api","tenantId":"9b80ba03-30e5-4196-829e-be487319eb16","timestamp":"2026-04-19 20:23:51","userId":"757bb94f-30ec-4897-ad3e-6681c5128306"}
[33mwarn[39m: Email not sent — SMTP is not configured {"correlationId":"29f4f077-04e0-48ba-a05f-553c546eb66a","service":"nonprofit-manager-api","timestamp":"2026-04-19 20:23:51"}
[33mwarn[39m: Email not sent — SMTP is not configured {"correlationId":"ee94ab09-ef2a-40a5-8fdd-94e4b4357001","service":"nonprofit-manager-api","timestamp":"2026-04-19 20:23:51"}
PASS src/__tests__/integration/portalMessaging.test.ts
  Portal Messaging Integration
    ✓ creates a portal thread and allows staff reply through admin conversation endpoint (50 ms)
    ✓ deduplicates repeated staff replies that reuse the same client_message_id (45 ms)
    ✓ rejects thread creation for a case that has no assigned pointperson (3 ms)
    ✓ supports thread filtering and pagination for portal and admin views (35 ms)
    ✓ rejects unauthorized stream clients and opens stream for authenticated sessions when enabled (19 ms)

[32minfo[39m: Redis caching is disabled {"service":"nonprofit-manager-api","timestamp":"2026-04-19 20:23:51"}
[31merror[39m: Failed to complete follow-up {"accountId":"8f269f94-c811-4a2d-91fa-a436b65eb5d1","correlationId":"fdba20a7-de06-4d65-8930-4ddd73584e08","error":{"code":"[REDACTED]","statusCode":"[REDACTED]"},"followUpId":"[REDACTED]","organizationId":"[REDACTED]","service":"nonprofit-manager-api","tenantId":"8f269f94-c811-4a2d-91fa-a436b65eb5d1","timestamp":"2026-04-19 20:23:51","userId":"d89e83c8-4e50-4687-ad6c-77aa3b97b0f3"}
[31merror[39m: Failed to cancel follow-up {"accountId":"8f269f94-c811-4a2d-91fa-a436b65eb5d1","correlationId":"72c8b433-3a78-4344-a817-2fc76c4e5d69","error":{"code":"[REDACTED]","statusCode":"[REDACTED]"},"followUpId":"[REDACTED]","organizationId":"[REDACTED]","service":"nonprofit-manager-api","tenantId":"8f269f94-c811-4a2d-91fa-a436b65eb5d1","timestamp":"2026-04-19 20:23:51","userId":"d89e83c8-4e50-4687-ad6c-77aa3b97b0f3"}
PASS src/__tests__/integration/followUps.test.ts
  Follow-up API Integration Tests
    ✓ creates, updates, and reschedules a contact follow-up with persisted changes (69 ms)
    ✓ completes a contact follow-up and persists completion details (15 ms)
    ✓ cancels a contact follow-up and persists cancellation details (16 ms)
    ✓ returns forbidden for viewer-role create requests (12 ms)
    ✓ returns forbidden for viewer-role update requests (18 ms)
    ✓ returns forbidden for viewer-role complete requests (13 ms)
    ✓ returns forbidden for viewer-role cancel requests (19 ms)
    ✓ returns forbidden for viewer-role reschedule requests (16 ms)
    ✓ rejects invalid create payloads with the validation envelope (21 ms)
    ✓ rejects invalid update payloads with the validation envelope (13 ms)
    ✓ rejects invalid reschedule payloads with the validation envelope (10 ms)
    ✓ surfaces case outcome validation as a bad request when completing a case follow-up (16 ms)
    ✓ surfaces case outcome validation as a bad request when cancelling a case follow-up (15 ms)

[32minfo[39m: Redis caching is disabled {"service":"nonprofit-manager-api","timestamp":"2026-04-19 20:23:52"}
PASS src/__tests__/integration/portalWorkspace.test.ts
  Portal Workspace Integration
    ✓ returns the aggregated portal workspace dashboard payload (20 ms)
    ✓ uploads a case document through the portal and exposes it back to the client workspace (18 ms)

[32minfo[39m: Redis caching is disabled {"service":"nonprofit-manager-api","timestamp":"2026-04-19 20:23:53"}
[32minfo[39m: auth.alias_input_used {"aliasFields":["[REDACTED]","[REDACTED]","[REDACTED]"],"correlationId":"[REDACTED]","event":"[REDACTED]","route":"[REDACTED]","service":"nonprofit-manager-api","timestamp":"[REDACTED]","userAgent":"[REDACTED]"}
[32minfo[39m: User registered: debug-1776655433262-167b9e563d1f5@example.com {"correlationId":"1d71d7f3-630f-4bd7-bae0-45f1685de278","service":"nonprofit-manager-api","timestamp":"2026-04-19 20:23:53"}
PASS src/__tests__/integration/debug_auth.test.ts
  Auth Debugging
    ✓ should register and return a valid token (189 ms)

[32minfo[39m: Redis caching is disabled {"service":"nonprofit-manager-api","timestamp":"2026-04-19 20:23:53"}
PASS src/__tests__/integration/portalProfile.test.ts
  Portal Profile Integration
    ✓ reads the profile for the current portal actor linkage instead of the stale token contact id (47 ms)
    ✓ updates only the currently linked contact for portal profile writes (32 ms)

[32minfo[39m: Redis caching is disabled {"service":"nonprofit-manager-api","timestamp":"2026-04-19 20:23:54"}
PASS src/__tests__/integration/grants.test.ts
  Grants API Integration
    ✓ rejects unauthenticated summary requests (3 ms)
    ✓ validates the grants summary query before hitting the service layer (47 ms)
    ✓ returns an authenticated grants summary response (28 ms)

[32minfo[39m: Redis caching is disabled {"service":"nonprofit-manager-api","timestamp":"2026-04-19 20:23:55"}
PASS src/__tests__/integration/alerts.test.ts
  Alerts API Integration
    ✓ rejects unauthenticated access (2 ms)
    ✓ rejects unauthenticated alert creation (3 ms)
    ✓ validates alert config payload for authenticated requests (46 ms)
    ✓ validates alert instance query bounds for authenticated requests (26 ms)

[32minfo[39m: Redis caching is disabled {"service":"nonprofit-manager-api","timestamp":"2026-04-19 20:23:56"}
PASS src/__tests__/integration/portalVisibility.test.ts
  Portal Visibility Integration
    ✓ only returns explicitly visible non-internal notes (6 ms)
    ✓ supports filtered/paged note queries using the portal offset-page contract (4 ms)
    ✓ only returns explicitly shared documents and forms and blocks hidden downloads (12 ms)
    ✓ validates resource/event list query params for strict sort/search/order/limit/offset support (6 ms)
    ✓ returns portal event registration check-in metadata for the portal user (5 ms)
    ✓ filters portal events by date range without exposing out-of-range items (4 ms)

[32minfo[39m: Redis caching is disabled {"service":"nonprofit-manager-api","timestamp":"2026-04-19 20:23:56"}
PASS src/__tests__/integration/templates.test.ts
  Templates API Integration
    ✓ requires authentication for templates listing (46 ms)
    ✓ requires authentication for template creation (5 ms)

[32minfo[39m: Redis caching is disabled {"service":"nonprofit-manager-api","timestamp":"2026-04-19 20:23:57"}
PASS src/__tests__/integration/legacyApiTombstone.test.ts
  Legacy API tombstone contract
    ✓ returns 410 tombstone response for post /api/auth/login (17 ms)
    ✓ returns 410 tombstone response for get /api/users
    ✓ returns 410 tombstone response for get /api/cases (1 ms)
    ✓ returns 410 tombstone response for get /api/payments/config (1 ms)
    ✓ returns 410 tombstone response for get /api/public/reports/sample-token (1 ms)
    ✓ returns 410 tombstone response for post /api/portal/auth/login
    ✓ returns 410 tombstone response for get /api/portal/admin/requests (1 ms)
    ✓ does not tombstone v2 route for post /api/v2/auth/login (1 ms)
    ✓ does not tombstone v2 route for get /api/v2/users
    ✓ does not tombstone v2 route for get /api/v2/cases
    ✓ does not tombstone v2 route for get /api/v2/payments/config
    ✓ does not tombstone v2 route for get /api/v2/public/reports/sample-token (13 ms)
    ✓ does not tombstone v2 route for post /api/v2/portal/auth/login (2 ms)
    ✓ does not tombstone v2 route for get /api/v2/portal/admin/requests (1 ms)

[32minfo[39m: Redis caching is disabled {"service":"nonprofit-manager-api","timestamp":"2026-04-19 20:23:58"}
PASS src/__tests__/integration/referencePatternRoutes.test.ts
  Reference pattern route guards
    ✓ requires auth for /api/v2/follow-ups (3 ms)
    ✓ requires auth for /api/v2/scheduled-reports (1 ms)
    ✓ requires auth for /api/v2/opportunities (1 ms)
    ✓ requires auth for /api/v2/opportunities

[32minfo[39m: Redis caching is disabled {"service":"nonprofit-manager-api","timestamp":"2026-04-19 20:23:58"}
PASS src/__tests__/integration/reconciliation.test.ts
  Reconciliation API Integration
    ✓ rejects unauthenticated list requests (3 ms)
    ✓ rejects unauthenticated dashboard requests (1 ms)

[32minfo[39m: Redis caching is disabled {"service":"nonprofit-manager-api","timestamp":"2026-04-19 20:23:59"}
PASS src/__tests__/integration/reports.test.ts
  Reports API Integration
    ✓ rejects unauthenticated report generation (160 ms)
    ✓ rejects unauthenticated template reads (44 ms)

[32minfo[39m: Redis caching is disabled {"service":"nonprofit-manager-api","timestamp":"2026-04-19 20:23:59"}
PASS src/__tests__/integration/savedReports.test.ts
  Saved Reports API Integration
    ✓ requires authentication to list saved reports (3 ms)
    ✓ requires authentication to create saved reports (2 ms)

PASS src/modules/socialMedia/__tests__/socialMedia.usecase.test.ts
  SocialMediaUseCase
    ✓ syncs due Facebook pages using a 24-hour cutoff and aggregates failures (285 ms)
    ✓ rejects snapshot reads when the tracked page does not exist (4 ms)

PASS src/__tests__/modules/auth/aliasUsageTelemetry.test.ts
  auth alias usage telemetry middleware
    ✓ emits auth.alias_input_used when alias fields are used (1 ms)
    ✓ does not emit telemetry for canonical-only payloads
    ✓ attaches middleware on register/setup/password routes

PASS src/__tests__/services/publishingService.test.ts
  PublishingService
    createSite
      ✓ should create a new site
      ✓ should throw error if template not found (7 ms)
      ✓ should throw error if subdomain already taken (5 ms)
    getSite
      ✓ should return site when found
      ✓ should return null when site not found
    updateSite
      ✓ should update site properties
      ✓ should return null when site not found
    deleteSite
      ✓ should delete site and return true
      ✓ should return false when site not found
    searchSites
      ✓ should return paginated sites (1 ms)
      ✓ should filter by status (1 ms)
    unpublish
      ✓ should set site status to draft (1 ms)
      ✓ should return null when site not found (1 ms)
      ✓ should return null when update affects no rows after a successful pre-read (2 ms)
    recordAnalyticsEvent
      ✓ should record a pageview event
    getDeploymentInfo
      ✓ should return deployment info for a site (1 ms)
      ✓ should return null when site not found

PASS src/__tests__/scripts/checkRouteValidationPolicy.test.ts
  check-route-validation-policy
    ✓ allows route files when validation middleware is present in the route call chain (4 ms)
    ✓ allows validated direct API routes in app entrypoints
    ✓ still flags route files without validation middleware (1 ms)
    ✓ ignores validator names that appear only in comments and strings
    ✓ ignores validator calls that live only in helper-local dead code (1 ms)

PASS src/ingest/__tests__/ingestEnhanced.test.ts
  ingest robustness
    ✓ CSV parser handles quoted newlines and escaped quotes (1 ms)
    ✓ CSV parser auto-detects tab delimiter (1 ms)
    ✓ SQL parser maps INSERT without column list using CREATE TABLE (1 ms)
    ✓ Excel parser still profiles columns (18 ms)
  matcher intelligence
    ✓ prefers donations when amount + donation_date are present (8 ms)
    ✓ identifier uniqueness helps match *_id fields (8 ms)
    ✓ maps PHN aliases to contacts.phn (9 ms)

PASS src/__tests__/services/publishing/siteOperationsService.test.ts
  SiteOperationsService
    ✓ rejects unknown form keys before persisting overrides (7 ms)
    ✓ persists valid form overrides and returns the refreshed form definition
    ✓ returns a management snapshot with readiness and the next operator action (1 ms)

PASS src/__tests__/services/passwordResetService.test.ts
  passwordResetService
    ✓ does nothing for unknown user
    ✓ sends composite <tokenId>.<secret> reset token for known users (62 ms)
    ✓ validates new-format token with direct id lookup (3 ms)
    ✓ falls back to legacy token scan when token has no separator (2 ms)
    ✓ fails fast for malformed composite token format
    ✓ returns false when reset token does not match any active token

PASS src/modules/teamChat/__tests__/teamChat.validation.test.ts
  teamChatMessagesQuerySchema
    ✓ accepts initial history query without a cursor (1 ms)
    ✓ accepts polling cursor query with after_message_id
    ✓ rejects queries that provide both cursors
    ✓ accepts optional client_message_id on message creation

PASS src/__tests__/modules/payments.intentOwnership.test.ts
  payments intent ownership enforcement
    ✓ returns not found when the intent belongs to another organization (6 ms)
    ✓ cancels an intent after the ownership guard passes (2 ms)
    createPaymentIntent ownership
      ✓ blocks intent creation when the donation belongs to another organization (2 ms)
      ✓ allows intent creation when the donation belongs to the user organization (1 ms)
      ✓ allows intent creation for portal users with contact ownership (2 ms)

PASS src/__tests__/services/portalPasswordResetService.test.ts
  portalPasswordResetService
    ✓ does nothing for unknown portal user
    ✓ sends composite <tokenId>.<secret> reset token for known portal users (79 ms)
    ✓ validates new-format portal token with direct id lookup (2 ms)
    ✓ falls back to legacy portal token scan when token has no separator (2 ms)
    ✓ fails fast for malformed portal composite token format
    ✓ returns false when portal reset token does not match any active token

PASS src/__tests__/services/taxReceiptService.test.ts
  TaxReceiptService
    ✓ rejects single receipt issuance for non-completed donations (4 ms)
    ✓ rejects single receipt issuance for non-cash-equivalent donations
    ✓ reuses an existing official receipt and emails the stored PDF when requested
    ✓ batches annual official receipt item inserts into a single UNNEST query (37 ms)
    ✓ stores annual summary reprints without official coverage and skips donation updates (4 ms)
    ✓ rolls back receipt creation when the batched item insert fails (2 ms)

PASS src/__tests__/services/reportService.test.ts
  ReportService
    getAvailableFields
      ✓ should return available fields for accounts entity (1 ms)
      ✓ should return available fields for contacts entity
      ✓ should return available fields for donations entity
      ✓ should return available fields for events entity
      ✓ should return available fields for volunteers entity
      ✓ should return available fields for tasks entity
      ✓ should return available fields for opportunities entity (1 ms)
      ✓ should return case fields for multi-value case types and outcomes
    generateReport
      ✓ should generate a basic report with selected fields (1 ms)
      ✓ should apply filters to report
      ✓ should apply sorting to report
      ✓ should apply limit to report
      ✓ should handle multiple filters with different operators
      ✓ should handle volunteers entity with JOIN
      ✓ should handle donations entity with currency fields
      ✓ should return total count even with limit
      ✓ should throw error if no fields selected (4 ms)
      ✓ should handle eq operator correctly
      ✓ should handle in operator with array values
      ✓ should handle multiple sort fields (1 ms)
      ✓ should enforce organization scope for opportunities reports
      ✓ should apply organization scope for opportunities reports
      ✓ should enforce organization scope for case reports
      ✓ should apply organization scope for case reports
      ✓ should expose case type and outcome field variants in case reports (1 ms)
      ✓ supports sorting by aggregation alias
    assertDirectExportSupported
      ✓ rejects ungrouped exports when the counted rows exceed the direct export cap
      ✓ allows ungrouped exports when a safe limit keeps the effective row count under the cap
      ✓ rejects grouped exports when the grouped probe overflows the direct export cap (9 ms)
      ✓ allows grouped exports with a safe explicit limit without probing
      ✓ rejects grouped exports immediately when the explicit limit exceeds the cap
    exportReport
      ✓ escapes commas, quotes, and newlines in CSV output (1 ms)

PASS src/modules/recurringDonations/services/__tests__/recurringDonationService.test.ts
  RecurringDonationService
    ✓ rejects non-Stripe amount changes before attempting a mutation (7 ms)
    ✓ rejects Stripe amount changes when the subscription link is missing
    ✓ rejects cancel requests when the Stripe subscription has not been connected yet (1 ms)
    ✓ rejects checkout completion when the session does not match the stored plan session
    ✓ rejects management portal links when the plan has no customer association
    ✓ opens a provider-specific management portal session when the plan has a customer

PASS src/__tests__/unit/validations/schemas.test.ts
  Shared Validation Schemas
    ✓ trims and normalizes email input before validation (1 ms)
    ✓ parses only strict boolean-like inputs
    ✓ accepts only real ISO calendar dates
    ✓ requires timezone-aware ISO datetimes
  Authentication Schemas
    loginSchema
      ✓ should validate correct login data (1 ms)
      ✓ should reject invalid email
      ✓ should normalize email to lowercase
    registerSchema
      ✓ should validate correct registration data
      ✓ accepts canonical camelCase registration fields
      ✓ should require strong password
      ✓ should require password confirmation match
      ✓ should require uppercase, lowercase, and number in password (1 ms)
    pendingPasskeyRegistration schemas
      ✓ accepts pending passkey registration options input
      ✓ accepts pending passkey registration verification input
    setupFirstUserSchema
      ✓ accepts passwords with common special characters
      ✓ accepts passwords without special characters
      ✓ accepts and normalizes canonical setup fields
    changePasswordSchema
      ✓ accepts and normalizes canonical password fields (1 ms)
      ✓ accepts legacy snake_case password fields
    passwordResetRequestSchema
      ✓ should validate email reset request
      ✓ should reject invalid email
    twoFactorVerifySchema
      ✓ accepts code field for TOTP verification
      ✓ accepts legacy token field for TOTP verification
      ✓ rejects missing code/token for TOTP verification
  Volunteer Schemas
    createVolunteerSchema
      ✓ should validate correct volunteer creation
      ✓ should reject invalid UUID
      ✓ should reject invalid status (1 ms)
      ✓ should provide defaults for optional fields
    updateVolunteerSchema
      ✓ should allow partial updates
      ✓ should accept all optional fields
  Event Schemas
    createEventSchema
      ✓ should validate correct event data
      ✓ should reject end date before start date
      ✓ should provide default status (1 ms)
  Shared Schemas
    passwordSchema
      ✓ validates "Strong1Password" => true
      ✓ validates "Strong1#Password" => true
      ✓ validates "Valid9_^word" => true
      ✓ validates "nouppercase123" => false
      ✓ validates "NOLOWERCASE123" => false
      ✓ validates "NoNumbersHere" => false
      ✓ validates "Shrt1a" => false
    paginationSchema
      ✓ should provide defaults
      ✓ should coerce string to number
      ✓ should enforce min/max limits
  Portal Schemas
    ✓ accepts portal signup passwords without required special characters (1 ms)
    ✓ accepts portal password updates with non-whitelisted special characters
    ✓ accepts an empty portal admin approve-request body and optional contact_id
    ✓ rejects extra fields on the portal admin approve-request body

PASS src/modules/volunteers/__tests__/volunteerImportExport.usecase.test.ts
  VolunteerImportExportUseCase
    ✓ keeps volunteer_id, contact_id, and email when custom export columns are requested
    ✓ omits derived columns from the import template (1 ms)

PASS src/__tests__/modules/payments.routes.security.test.ts
  payments routes authorization
    ✓ blocks refund creation for non-finance roles (5 ms)
    ✓ allows refund creation for staff roles (1 ms)
    ✓ blocks customer management for non-finance roles (1 ms)
    ✓ allows customer management for staff roles (1 ms)
    ✓ blocks payment intent reads for non-finance roles (1 ms)
    ✓ allows payment intent reads for finance roles (1 ms)
    ✓ blocks payment intent cancellation for non-processing roles (1 ms)
    ✓ allows payment intent cancellation for processing roles (1 ms)

PASS src/__tests__/services/scheduledReportService.test.ts
  ScheduledReportService
    ✓ passes organization scope into report generation during execution (1 ms)

PASS src/__tests__/services/contactNoteService.test.ts
  getContactNotes
    ✓ returns all notes for a contact
    ✓ passes the contactId as the query parameter (1 ms)
    ✓ returns an empty array when there are no notes
    ✓ throws a user-friendly error on query failure (6 ms)
  getContactNoteById
    ✓ returns the note when found
    ✓ returns null when not found
    ✓ scopes the query to the note ID
    ✓ throws a user-friendly error on failure
  createContactNote
    ✓ inserts a note and returns the hydrated row
    ✓ includes contactId and userId in the INSERT params
    ✓ defaults note_type to "note" when not provided (1 ms)
    ✓ defaults boolean flags to false when not provided
    ✓ serialises attachments to JSON when provided
    ✓ persists inline outcomes transactionally when provided
    ✓ throws a user-friendly error on failure
  updateContactNote
    ✓ returns the updated note on success
    ✓ returns null when no row matches
    ✓ builds SET clause only for provided fields
    ✓ always appends updated_at = NOW() to SET clause
    ✓ allows outcome-only updates through the transactional path
    ✓ throws when no fields are provided to update
    ✓ throws a user-friendly error on query failure
  deleteContactNote
    ✓ returns true when the note was deleted
    ✓ returns false when no note matched
    ✓ passes the noteId as the query parameter
    ✓ throws a user-friendly error on failure (1 ms)
  getNotesByCaseId
    ✓ returns notes for a case
    ✓ passes the caseId as the query parameter
    ✓ returns an empty array when no notes are linked to the case
    ✓ throws a user-friendly error on failure

PASS src/modules/publicReports/controllers/__tests__/reportSharingController.test.ts
  publicReports reportSharingController facade
    ✓ re-exports the shared public-report handlers
    getReportByPublicToken
      ✓ rejects missing public tokens (1 ms)
      ✓ maps missing public reports to not found
      ✓ returns the public report metadata when found
    downloadPublicReportByToken
      ✓ rejects invalid download formats before calling the snapshot service
      ✓ maps not-found snapshot download errors to not found
      ✓ returns the download artifact with headers and body

PASS src/modules/contacts/__tests__/contactImportExport.usecase.test.ts
  ContactImportExportUseCase exportContacts
    ✓ omits the PHN column from default exports to avoid destructive blank round-trips (1 ms)
    ✓ includes decrypted PHN when a privileged export explicitly requests the column
    ✓ ignores explicit PHN requests for non-privileged exports

PASS src/modules/reports/controllers/__tests__/report.handlers.test.ts
  Report Controller
    generateReport
      ✓ generates report successfully with org scope
      ✓ returns forbidden when permission check fails (1 ms)
      ✓ returns unauthorized when org context is missing
      ✓ returns 400 when entity is missing
      ✓ returns 400 when fields and aggregations are missing
      ✓ allows aggregation-only report generation
    getAvailableFields
      ✓ returns fields successfully
      ✓ returns 400 for invalid entity
    exportReport
      ✓ exports CSV successfully with org scope (1 ms)
      ✓ returns 400 when format is missing
      ✓ returns 400 for invalid format
      ✓ returns 409 when the direct export exceeds the synchronous size cap
      ✓ routes unauthorized guard failures to sendUnauthorized
    export jobs
      ✓ creates a persisted export job with org scope (1 ms)
      ✓ lists export jobs
      ✓ returns a single export job by id
      ✓ downloads a completed export artifact
      ✓ returns 409 when downloading a non-terminal export job
      ✓ returns 410 when a completed export artifact is unavailable (1 ms)

PASS src/__tests__/services/grants.service.test.ts
  GrantsService
    ✓ builds and caches a summary on cache miss (1 ms)
    ✓ returns a cached summary without querying the database
    ✓ uses filter-specific cache keys
    ✓ falls back to uncached summary reads when Redis errors (1 ms)
    ✓ invalidates summary cache after portfolio mutations
    ✓ invalidates summary cache after application status changes
    ✓ invalidates summary cache after award flows
    ✓ invalidates summary cache after grant mutations (1 ms)
    ✓ invalidates summary cache after disbursement mutations
    ✓ invalidates summary cache after report mutations
    ✓ invalidates summary cache after document mutations

PASS src/__tests__/modules/mailchimp.routes.security.test.ts
  mailchimp routes authorization
    ✓ blocks admin mailchimp routes for non-admin roles (4 ms)
    ✓ allows admin mailchimp routes for admin roles (2 ms)
    ✓ keeps the Mailchimp webhook public (3 ms)

PASS src/__tests__/config/requestContext.test.ts
  requestContext
    ✓ stores context for the current async execution chain (2 ms)
    ✓ isolates context between concurrent requests (20 ms)

PASS src/__tests__/services/mailchimpService.test.ts
  MailchimpService
    isMailchimpConfigured
      ✓ should return true when Mailchimp is configured (1 ms)
    getStatus
      ✓ should return configured status when Mailchimp is healthy
      ✓ should return not configured when ping fails
      ✓ should handle errors gracefully
    getLists
      ✓ should return formatted list of audiences
      ✓ should handle empty lists
    getList
      ✓ should return a specific list by ID
    addOrUpdateMember
      ✓ should add a new member to a list (1 ms)
      ✓ should add tags when provided
    getMember
      ✓ should return a member when found
      ✓ should return null when member not found (404)
      ✓ should throw on other errors (3 ms)
    deleteMember
      ✓ should delete a member from a list
    syncContact
      ✓ should sync a contact to Mailchimp (1 ms)
      ✓ should skip contacts with no email
      ✓ should skip contacts with do_not_email flag
      ✓ should return error for non-existent contact
    bulkSyncContacts
      ✓ should sync multiple contacts
    updateMemberTags
      ✓ should add and remove tags
    getListTags
      ✓ should return list tags/segments
    getCampaigns
      ✓ should return campaigns with analytics (1 ms)
      ✓ should filter campaigns by list ID
    createSegment
      ✓ should create a new segment
    getSegments
      ✓ should return segments for a list

PASS src/__tests__/services/exportService.test.ts
  ExportService
    ✓ sanitizes filenames to prevent path traversal
    ✓ prefixes dangerous spreadsheet values to prevent formula injection

PASS src/__tests__/modules/reconciliation.routes.security.test.ts
  reconciliation routes authorization
    ✓ blocks dashboard access for non-finance roles (4 ms)
    ✓ allows dashboard access for staff roles (1 ms)
    ✓ blocks manual matching for non-finance roles (2 ms)
    ✓ allows manual matching for manager roles (1 ms)

PASS src/__tests__/services/publishing/siteAnalyticsService.test.ts
  SiteAnalyticsService
    ✓ aggregates first-class conversion metrics and maps recent events
    ✓ passes the inserted site_analytics id into conversion event writes
    ✓ rejects access when the site is outside the caller scope (4 ms)
    ✓ returns the conversion funnel from append-only conversion events

PASS src/__tests__/services/eventReminderAutomationService.test.ts
  eventReminderAutomationService
    createEventReminderAutomation
      ✓ creates a relative reminder automation (1 ms)
      ✓ rejects when both channels are disabled (4 ms)
    updateEventReminderAutomation
      ✓ rejects updates for attempted reminders (1 ms)
    cancelEventReminderAutomation
      ✓ cancels a pending reminder automation
    syncPendingEventReminderAutomations
      ✓ cancels pending reminders then creates provided rows
    claimDueAutomations
      ✓ claims due reminders using stale-processing timeout and limit
    markAutomationAttemptResult
      ✓ stores attempt status, summary, and error (1 ms)

PASS src/modules/shared/export/__tests__/tabularExport.test.ts
  tabularExport
    ✓ sanitizes filenames and strips path traversal content
    ✓ normalizes excel aliases to xlsx
    ✓ escapes csv values and blocks spreadsheet formulas
    ✓ generates xlsx workbooks with the expected headers and values (13 ms)

PASS src/__tests__/services/webhookService.delivery.test.ts
  webhookService delivery behavior
    ✓ enqueues delivery records and does not perform network delivery during trigger
    ✓ processes retries on existing rows without creating a new delivery row (1 ms)
    ✓ transitions queued delivery rows through running to success
    ✓ schedules retries with incremented attempts when delivery fails before max attempts (1 ms)
    ✓ blocks redirect responses without following them to internal targets
    ✓ blocks redirect responses during test webhook sends
    ✓ marks deliveries as dead_letter after max attempts and updates endpoint status
    ✓ reclaims stale running rows during claim query

PASS src/__tests__/services/paymentProviderService.ssrf.test.ts
  paymentProviderService SSRF guard
    ✓ blocks private IPv4 literals
    ✓ blocks private IPv6 literals (2 ms)
    ✓ allows public IPv4 literals

[31merror[39m: Redis site invalidation error, falling back to memory {"error":{},"service":"nonprofit-manager-api","siteId":"[REDACTED]","timestamp":"2026-04-19 20:24:02"}
[31merror[39m: Redis cache get error, falling back to memory {"error":{},"key":"[REDACTED]","service":"nonprofit-manager-api","timestamp":"2026-04-19 20:24:02"}
[31merror[39m: Redis cache get error, falling back to memory {"error":{},"key":"[REDACTED]","service":"nonprofit-manager-api","timestamp":"2026-04-19 20:24:02"}
PASS src/__tests__/services/siteCacheService.test.ts
  SiteCacheService
    generateCacheKey
      ✓ should generate cache key for site and page
      ✓ should include variant when provided
    generateETag
      ✓ should generate ETag for content
      ✓ should generate consistent ETag for same content (1 ms)
      ✓ should generate different ETags for different content
    get and set
      ✓ should store and retrieve data
      ✓ should return null for non-existent key
      ✓ should include version in cache entry
      ✓ should generate ETag for cache entry
      ✓ should set expiration time
    delete
      ✓ should delete existing entry
      ✓ should return false for non-existent key
    invalidateByTag
      ✓ should invalidate entries with specific tag (1 ms)
      ✓ should return 0 for non-existent tag
    invalidateSite
      ✓ should invalidate all entries for a site
      ✓ uses scan-based redis deletion when redis is available
      ✓ falls back to in-memory invalidation when redis scan deletion fails (1 ms)
    clear
      ✓ should clear all cache entries
      ✓ uses scan-based redis deletion when clearing redis cache
    getStats
      ✓ should track cache hits
      ✓ should track cache misses
      ✓ should track cache size
    resetStats
      ✓ should reset statistics
    generateCacheHeaders
      ✓ should generate cache headers for cache entry
      ✓ should return MISS status for null entry
      ✓ should include stale-while-revalidate
    isNotModified
      ✓ should return true when ETag matches (1 ms)
      ✓ should return false when ETag does not match
      ✓ should return false for null entry
      ✓ should return false for undefined ETag
      ✓ should handle weak ETags
    warmCache
      ✓ should preload multiple pages
  getCacheControlHeader
    ✓ should return correct header for STATIC profile
    ✓ should return correct header for PAGE profile
    ✓ should return correct header for API profile
    ✓ should return correct header for DYNAMIC profile
  CacheProfiles
    ✓ should have STATIC profile with long TTL
    ✓ should have PAGE profile with short TTL
    ✓ should have API profile with minimal TTL
    ✓ should have DYNAMIC profile with no cache
  singleton export
    ✓ should export a singleton instance

[33mwarn[39m: Failed to record event activity {"activityType":"[REDACTED]","contactId":"[REDACTED]","error":"[REDACTED]","eventId":"[REDACTED]","service":"nonprofit-manager-api","source":"[REDACTED]","timestamp":"2026-04-19 20:24:02"}
[33mwarn[39m: Failed to record event activity {"activityType":"[REDACTED]","contactId":"[REDACTED]","error":"[REDACTED]","eventId":"[REDACTED]","service":"nonprofit-manager-api","source":"[REDACTED]","timestamp":"2026-04-19 20:24:02"}
[33mwarn[39m: Failed to record event activity {"activityType":"[REDACTED]","contactId":"[REDACTED]","error":"[REDACTED]","eventId":"[REDACTED]","service":"nonprofit-manager-api","source":"[REDACTED]","timestamp":"2026-04-19 20:24:02"}
PASS src/__tests__/services/eventService.test.ts
  EventService
    getEvents
      ✓ should return paginated events with default pagination (1 ms)
      ✓ should apply search filter
      ✓ should apply event_type filter
      ✓ should apply status filter
      ✓ should apply is_public filter
      ✓ should apply date range filters
      ✓ should handle custom pagination
    getEventById
      ✓ should return event when found
      ✓ should return null when event not found
    listEventOccurrences
      ✓ applies overlap range filtering and occurrence-level filters
      ✓ returns enriched occurrence rows for calendar consumers
    createEvent
      ✓ should create event with required fields
      ✓ should create event with all fields
      ✓ should normalize recurring fields when event is not recurring (1 ms)
    updateEvent
      ✓ should update event successfully
      ✓ should throw when event is not found (7 ms)
      ✓ should throw error when no fields to update (1 ms)
      ✓ should clear recurrence fields when is_recurring is set to false
    deleteEvent
      ✓ should soft delete event successfully (1 ms)
      ✓ should complete even when event not found
    getEventRegistrations
      ✓ should return registrations for an event
      ✓ should filter by registration_status
      ✓ should filter by checked_in status
    registerContact
      ✓ should register contact for event (1 ms)
      ✓ should register with notes
    checkInAttendee
      ✓ should check in attendee successfully
      ✓ should return failure when registration not found
      ✓ should reject check-in when event is outside configured window (1 ms)
      ✓ should reject check-in when event status is cancelled
      ✓ should reject check-in when event status is completed
      ✓ should reject check-in after the event grace window closes
    cancelRegistration
      ✓ should cancel registration successfully
      ✓ should throw when registration not found (3 ms)
    getContactRegistrations
      ✓ should return registrations for a contact
      ✓ applies organization scope filtering when provided
    listPublicEventsByOwner
      ✓ returns owner-scoped public events with pagination metadata
      ✓ applies search/type/include_past filters and sorting controls
    sendEventReminders
      ✓ sends reminders over email and sms when both channels are configured (1 ms)
      ✓ skips email deliveries when smtp is not configured
      ✓ rejects when both channels are disabled (3 ms)
      ✓ respects do-not-email and do-not-text preferences at send time for automated reminders

PASS src/__tests__/services/stripeService.test.ts
  stripeService config detection
    ✓ reports not configured without STRIPE_SECRET_KEY (9 ms)
    ✓ reports configured with STRIPE_SECRET_KEY (17 ms)

PASS src/modules/users/controllers/__tests__/userController.test.ts
  userController
    ✓ returns a conflict when creating a user for an existing email address (1 ms)
    ✓ creates a user, syncs role access, and returns the serialized user payload
    ✓ prevents demoting the last active admin user
    ✓ rekeys lock state and re-syncs roles when a user email and role change
    ✓ rejects attempts to delete the currently authenticated admin account
    ✓ hashes and stores a reset password for an existing user

PASS src/__tests__/services/opportunityService.test.ts
  OpportunityService
    ✓ ensureDefaultStages skips insert when stages already exist
    ✓ ensureDefaultStages seeds stages with a single UNNEST insert query (1 ms)
    ✓ reorderStages rejects payloads that do not include every stage exactly once (4 ms)
    ✓ reorderStages applies ordering with a set-based UNNEST update inside a transaction (1 ms)
    ✓ listOpportunities builds pagination and filtered query response
    ✓ createOpportunity uses default stage and records stage history
    ✓ updateOpportunity writes stage history when stage_id changes
    ✓ moveOpportunityStage returns current record when stage remains unchanged
    ✓ getSummary parses numeric aggregates and stage totals

PASS src/__tests__/middleware/permissions.test.ts
  permissions middleware parity
    ✓ keeps role middleware and authorize aligned for missing users
    ✓ keeps role middleware and authorize aligned for forbidden roles (1 ms)
    ✓ honors resolved authorization-context roles in permission middleware
    ✓ returns the canonical any-permission denial contract

PASS src/modules/cases/usecases/__tests__/caseForms.usecase.test.ts
  CaseFormsUseCase
    ✓ sends a portal-only assignment without creating an email token (1 ms)
    ✓ sends an email-only assignment with a fresh secure link
    ✓ supports combined portal and email delivery from one send action
    ✓ expires public access links without clearing assignment attribution
    ✓ rejects delivery when the case is not client-viewable
    ✓ hides unsent drafts from portal access (1 ms)
    ✓ records client submissions, mapped writeback, documents, note, and linked follow-up (1 ms)
    ✓ updates the existing scheduled review follow-up on resubmission instead of duplicating it
    ✓ completes the linked follow-up when staff marks a submission reviewed
    ✓ cancels the linked follow-up when staff cancels review (1 ms)

PASS src/modules/volunteers/__tests__/volunteerImportExport.analysis.test.ts
  analyzeVolunteerImport
    ✓ plans the mixed existing-contact/new-volunteer path without forcing an account rewrite (1 ms)
    ✓ defaults mapped blank account references back to the active organization (1 ms)

PASS src/modules/admin/__tests__/usecases/adminSurfaceUseCases.test.ts
  admin surface usecases
    ✓ delegates organization settings reads and writes to the repository
    ✓ delegates branding reads and writes to the repository
    ✓ delegates dashboard stats reads to the repository

PASS src/__tests__/services/webhookTransport.test.ts
  webhookTransport DNS pinning
    ✓ pins delivery to the validated DNS result instead of re-resolving at connect time

PASS src/__tests__/services/donationService.test.ts
  DonationService
    getDonations
      ✓ should return paginated donations with default pagination
      ✓ should apply account_id filter (1 ms)
      ✓ should apply payment_method filter
      ✓ should apply amount range filters
      ✓ should apply date range filters
      ✓ should apply search filter
      ✓ should handle custom pagination
    getDonationById
      ✓ should return donation when found
      ✓ should return null when donation not found
    createDonation
      ✓ should create donation with account_id (1 ms)
      ✓ should create donation with contact_id
      ✓ should throw error if neither account_id nor contact_id provided (46 ms)
      ✓ should create recurring donation
      ✓ should create donation with campaign and designation
    updateDonation
      ✓ should update donation successfully
      ✓ should throw error when no fields to update (1 ms)
      ✓ blocks refunded status changes when an official tax receipt already covers the donation
    deleteDonation
      ✓ should delete donation successfully
      ✓ should return false when donation not found
    markReceiptSent
      ✓ should mark receipt as sent
    getDonationSummary
      ✓ should return donation summary with all statistics (1 ms)
      ✓ should apply date filters to summary

PASS src/__tests__/services/contactService.test.ts
  ContactService
    getContacts
      ✓ should return paginated contacts with default pagination (1 ms)
      ✓ should apply search filter correctly
      ✓ should apply account_id filter correctly
      ✓ should apply is_active filter correctly
      ✓ should apply role filter correctly (staff)
      ✓ should apply role filter correctly (client) (1 ms)
      ✓ should apply role filter correctly (donor)
      ✓ should apply role filter correctly (support_person)
      ✓ should handle custom pagination
      ✓ should throw error on database failure (28 ms)
    lookupContacts
      ✓ should return lightweight contact rows and apply defaults (1 ms)
      ✓ should short-circuit when search term is too short
      ✓ should clamp limit to max 20
    getContactById
      ✓ should return contact when found (1 ms)
      ✓ should return full PHN for staff role
      ✓ should return masked PHN for non-staff role
      ✓ should fail safe when PHN decrypt fails
      ✓ should return null when contact not found
      ✓ should throw error on database failure
    createContact
      ✓ should create contact with required fields only (1 ms)
      ✓ should create contact with all optional fields
      ✓ should encrypt PHN on create and never persist plaintext PHN (1 ms)
      ✓ should reload created contact with the provided client
      ✓ should throw error on database failure (1 ms)
    updateContact
      ✓ should update contact successfully
      ✓ should return null when contact not found
      ✓ should throw error when no fields to update (1 ms)
      ✓ should clear encrypted PHN when update uses empty string or null
      ✓ should update multiple fields at once (1 ms)
      ✓ should reload updated contact with the provided client after syncing summary methods
      ✓ should normalize birth dates and clear summary contact methods on update (1 ms)
      ✓ should throw error on database failure
    deleteContact
      ✓ should soft delete contact successfully
      ✓ should return false when contact not found (1 ms)
      ✓ should throw error on database failure

[31merror[39m: [REDACTED] {"service":"nonprofit-manager-api","stack":"[REDACTED]","step":"[REDACTED]","timestamp":"2026-04-19 20:24:03"}
[32minfo[39m: User logged in: login@example.com {"ip":"[REDACTED]","service":"nonprofit-manager-api","timestamp":"2026-04-19 20:24:03"}
[33mwarn[39m: Failed login attempt for user: login@example.com {"ip":"[REDACTED]","service":"nonprofit-manager-api","timestamp":"2026-04-19 20:24:03"}
[33mwarn[39m: Login failed: user not found {"email":"[REDACTED]","ip":"[REDACTED]","service":"nonprofit-manager-api","timestamp":"2026-04-19 20:24:03"}
[32minfo[39m: Login blocked: account pending approval {"email":"[REDACTED]","ip":"[REDACTED]","pendingRegistrationId":"[REDACTED]","service":"nonprofit-manager-api","timestamp":"2026-04-19 20:24:03"}
[33mwarn[39m: Login failed: pending registration password mismatch {"email":"[REDACTED]","ip":"[REDACTED]","service":"nonprofit-manager-api","timestamp":"2026-04-19 20:24:03"}
[32minfo[39m: First admin user created: setup-admin@example.com {"service":"nonprofit-manager-api","timestamp":"2026-04-19 20:24:03"}
PASS src/__tests__/auth.test.ts
  Auth API
    register
      ✓ creates a pending registration when mode is approval_required
      ✓ marks passkey setup unavailable when pending passkey staging is unsupported (1 ms)
      ✓ rejects registration when mode is disabled
      ✓ returns conflict when email already has a pending registration (5 ms)
    login
      ✓ returns token for valid credentials (1 ms)
      ✓ rejects invalid credentials
      ✓ rejects missing users as invalid credentials when no pending registration exists
      ✓ returns the pending-approval message when a pending registration password matches (1 ms)
      ✓ keeps pending registrations with wrong passwords on invalid credentials
    checkSetupStatus
      ✓ returns setupRequired=true when no admin users exist
      ✓ returns setupRequired=true when only non-admin users exist
      ✓ returns setupRequired=false when an admin user exists (1 ms)
    setupFirstUser
      ✓ creates the first admin user and organization
      ✓ rejects setup once an admin already exists

PASS src/__tests__/services/externalServiceProviderService.test.ts
  ExternalServiceProviderService
    ✓ lists only active providers by default and clamps the query limit
    ✓ rejects duplicate provider names after normalization (3 ms)
    ✓ creates providers with trimmed values and default active status
    ✓ normalizes update fields before persisting them (1 ms)
    ✓ returns whether the provider archive update affected a row

PASS src/__tests__/sessionTokens.adminRegistrationReview.test.ts
  admin pending registration review session tokens
    ✓ issues review tokens that verify with the dedicated issuer (1 ms)

PASS src/__tests__/services/webhookService.secretExposure.test.ts
  webhookService secret exposure
    ✓ returns a secret on create so it can be shown once
    ✓ omits the secret from list responses (1 ms)
    ✓ omits the secret from get responses
    ✓ omits the secret from update responses

PASS src/modules/portalAuth/controllers/__tests__/portalAuthController.test.ts
  portalAuthController
    portalSignup
      ✓ returns conflict when an account already exists
      ✓ returns conflict when a signup request is already pending
      ✓ creates a resolved pending signup request when no existing contact matches the email
      ✓ creates a resolved pending signup request when exactly one contact matches the email
      ✓ creates a pending signup request that requires manual contact resolution when multiple contacts match (1 ms)
      ✓ passes unexpected signup errors to next
    portalLogin
      ✓ rejects missing accounts as invalid credentials and tracks the attempt
      ✓ rejects suspended accounts before password validation
      ✓ rejects pending accounts before password validation
      ✓ rejects invalid passwords and tracks the failed attempt
      ✓ sets the portal auth cookie and returns the mapped session user on success (1 ms)
    bootstrap and me endpoints
      ✓ returns not found from bootstrap when the portal profile is missing
      ✓ returns the mapped bootstrap user payload
      ✓ returns the full profile from me
    invitation validation and acceptance
      ✓ returns not found when an invitation token does not exist
      ✓ rejects already accepted invitations during validation
      ✓ applies the same token-state rule to validation and acceptance for accepted invitations (1 ms)
      ✓ applies the same token-state rule to validation and acceptance for expired invitations
      ✓ returns the invitation payload when validation succeeds
      ✓ creates a portal user from an invitation and sets the auth cookie
      ✓ returns conflict when the invitation email already has a portal account
      ✓ returns bad request when an invitation cannot resolve a contact
    portalLogout
      ✓ clears the portal auth cookie and responds successfully (1 ms)

PASS src/modules/meetings/services/__tests__/meetingService.test.ts
  meetingService
    ✓ listMeetings builds full WHERE filters and caps limit at 200
    ✓ listMeetings omits WHERE when no filters are provided and floors negative limit to 1 (1 ms)
    ✓ getMeetingDetail returns null when meeting does not exist
    ✓ getMeetingDetail skips committee lookup when committee_id is null
    ✓ getMeetingDetail includes committee details when committee_id is present
    ✓ createMeeting normalizes optional fields to null when omitted
    ✓ createMeeting preserves optional values when provided
    ✓ updateMeeting returns existing meeting when no fields are provided
    ✓ updateMeeting returns null when no fields are provided and meeting is missing (1 ms)
    ✓ updateMeeting updates all provided fields in a single UPDATE statement
    ✓ addAgendaItem applies default values when optional fields are missing
    ✓ addAgendaItem preserves optional values when provided
    ✓ addMotion applies null fallbacks for optional fields
    ✓ addMotion keeps optional identifiers when provided
    ✓ updateMotion returns null when no patch fields are provided
    ✓ updateMotion updates provided values and returns updated motion
    ✓ updateMotion returns null when UPDATE matches no rows
    ✓ createActionItem applies null defaults when optional fields are omitted (1 ms)
    ✓ createActionItem preserves optional values when supplied
    ✓ generateMinutesDraft returns null when meeting detail is unavailable
    ✓ generateMinutesDraft includes optional notes, votes, and action details when present
    ✓ generateMinutesDraft emits empty summaries when motions and action items are absent
    ✓ updates agenda ordering with a single UNNEST query and commits transaction
    ✓ rolls back and logs when reorder query fails (5 ms)

[32minfo[39m: Synced Mailchimp campaigns into website entries {"importedCount":"[REDACTED]","organizationId":"[REDACTED]","service":"nonprofit-manager-api","siteId":"[REDACTED]","timestamp":"2026-04-19 20:24:03"}
PASS src/__tests__/services/publishing/websiteEntryService.test.ts
  WebsiteEntryService
    ✓ creates native entries with normalized slugs and actor attribution
    ✓ rejects manual creation of non-native website entries (5 ms)
    ✓ syncs only sent Mailchimp campaigns and returns refreshed entries (1 ms)

PASS src/__tests__/services/publishing/publicWebsiteFormService.test.ts
  PublicWebsiteFormService
    ✓ syncs newsletter signups through Mautic when the provider is set to Mautic
    ✓ resolves site keys by UUID before falling back to host keys (1 ms)
    ✓ falls back from subdomain lookup to custom domain lookup
    ✓ submits contact forms by creating nonprofit contacts with merged tags
    ✓ rejects components that are not supported form blocks (8 ms)
    ✓ creates a referral intake case for referral forms (1 ms)
    ✓ returns stored response payloads on idempotent replay
    ✓ creates a recurring checkout plan instead of a pending donation when monthly giving is selected
    ✓ uses the configured donation provider when monthly giving is selected from website settings (1 ms)
    ✓ prefers a donation form provider override over the site default provider

PASS src/__tests__/services/apiKeyService.test.ts
  apiKeyService
    createApiKey
      ✓ creates an organization-scoped key and returns a UI-safe payload
      ✓ rejects privileged scopes before hitting the database (5 ms)
      ✓ generates unique plaintext keys on each call
    validateApiKey
      ✓ returns null immediately for keys with the wrong prefix (1 ms)
      ✓ returns null when no matching active key exists
      ✓ returns the mapped ApiKey and updates last_used_at when found
    incrementRateLimit
      ✓ upserts into the org-scoped rate limit state table
    hasScope
      ✓ returns true when the key has the exact scope
      ✓ returns false when the key lacks the scope
      ✓ treats admin and wildcard scopes as full access
    hasAnyScope
      ✓ returns true when the key has at least one required scope
      ✓ returns false when the key has none of the required scopes
    getApiKeyById
      ✓ returns null when the key is not found
      ✓ scopes lookups to organization_id
    updateApiKey
      ✓ maps status changes to is_active updates
      ✓ rejects scope upgrades that fall outside the managed allowlist
    getAvailableScopes
      ✓ omits privileged scopes from the managed contract
    revokeApiKey
      ✓ soft-revokes active keys through is_active
    logApiKeyUsage
      ✓ writes usage rows to api_key_usage_log using response_time_ms
    getApiKeyUsage
      ✓ returns mapped usage rows with response_time_ms

PASS src/__tests__/services/accountService.test.ts
  AccountService
    getAccounts
      ✓ should return paginated accounts with default pagination (1 ms)
      ✓ should apply search filter correctly
      ✓ should apply account_type filter correctly
      ✓ should apply is_active filter correctly
      ✓ should handle custom pagination
      ✓ should throw error on database failure (5 ms)
    getAccountById
      ✓ should return account when found
      ✓ should return null when account not found
      ✓ should throw error on database failure
    createAccount
      ✓ should create account with generated account number
      ✓ should generate first account number when no accounts exist
      ✓ should create account with all optional fields
      ✓ should throw error on database failure (1 ms)
    updateAccount
      ✓ should update account successfully
      ✓ should return null when account not found
      ✓ should throw error when no fields to update
      ✓ should update multiple fields at once
      ✓ should throw error on database failure
    deleteAccount
      ✓ should soft delete account successfully (1 ms)
      ✓ should return false when account not found
      ✓ should throw error on database failure
    getAccountContacts
      ✓ should return contacts for account
      ✓ should return empty array when no contacts found
      ✓ should throw error on database failure

PASS src/__tests__/services/volunteerService.test.ts
  VolunteerService
    getVolunteers
      ✓ should return paginated volunteers with default pagination
      ✓ should apply search filter
      ✓ should apply skills filter (1 ms)
      ✓ should apply background_check_status filter
      ✓ should handle custom pagination
      ✓ should throw error on database failure (8 ms)
    getVolunteerById
      ✓ should return volunteer when found (1 ms)
      ✓ should return null when volunteer not found
      ✓ should throw error on database failure
    createVolunteer
      ✓ should create volunteer when contact exists
      ✓ should throw error when contact not found
      ✓ should create volunteer with background check info
      ✓ should throw error on database failure (1 ms)
    updateVolunteer
      ✓ should update volunteer successfully
      ✓ should return null when volunteer not found
      ✓ should throw error when no fields to update
      ✓ should throw error on database failure (1 ms)
    deleteVolunteer
      ✓ should soft delete volunteer successfully
      ✓ should return false when volunteer not found
      ✓ should throw error on database failure
    findVolunteersBySkills
      ✓ should find volunteers matching skills
      ✓ should return empty array when no matches
      ✓ should throw error on database failure
    getVolunteerAssignments
      ✓ should return assignments for a volunteer
      ✓ should filter by event_id (1 ms)
      ✓ should filter by status
      ✓ should throw error on database failure
    createAssignment
      ✓ should create assignment successfully
      ✓ should throw error on database failure
    updateAssignment
      ✓ should update assignment successfully
      ✓ should update volunteer hours when hours_logged is provided
      ✓ should return null when assignment not found
      ✓ should throw error when no fields to update (1 ms)

PASS src/__tests__/services/invitationService.test.ts
  createInvitation
    ✓ creates an invitation when no existing user or pending invite
    ✓ lowercases the email before inserting
    ✓ uses custom expiresInDays when provided (1 ms)
    ✓ throws when a user with that email already exists (3 ms)
    ✓ throws when a pending invitation already exists
  getInvitations
    ✓ returns mapped invitations (1 ms)
    ✓ adds WHERE conditions when options restrict results
    ✓ omits WHERE clause when all include flags are true
  getInvitationById
    ✓ returns the invitation when found
    ✓ returns null when not found
  getInvitationByToken
    ✓ returns the invitation for a matching token
    ✓ returns null for an unknown token
  validateInvitation
    ✓ returns valid=true for a fresh, unaccepted invitation
    ✓ returns valid=false when token is not found
    ✓ returns valid=false when invitation is revoked (1 ms)
    ✓ returns valid=false when invitation is already accepted
    ✓ returns valid=false when invitation is expired
    ✓ returns valid=false when a user already exists with the invitation email
  markInvitationAccepted
    ✓ executes an UPDATE setting accepted_at and accepted_by
  revokeInvitation
    ✓ returns the revoked invitation on success
    ✓ returns null when invitation cannot be revoked (already accepted or already revoked)

PASS src/__tests__/services/contactRelationshipService.test.ts
  ContactRelationshipService
    getContactRelationships
      ✓ returns active relationships for a contact (1 ms)
      ✓ throws error on database failure (6 ms)
    getContactRelationshipById
      ✓ returns an active relationship by id
      ✓ returns null when no active relationship exists
    createContactRelationship
      ✓ creates a unidirectional relationship successfully
      ✓ creates a bidirectional relationship with inverse materialization
      ✓ keeps bidirectional-without-inverse-type permissive and one-way (1 ms)
      ✓ handles rollback on error
    updateContactRelationship
      ✓ updates a one-way relationship successfully
      ✓ synchronizes the inverse row when a bidirectional relationship changes
      ✓ soft deletes the inverse row when bidirectional is toggled off
      ✓ materializes an inverse row when bidirectional is enabled with an inverse type
      ✓ keeps bidirectional-without-inverse-type permissive and one-way on update (1 ms)
      ✓ returns null if relationship not found
    deleteContactRelationship
      ✓ soft deletes both sides of a bidirectional relationship
      ✓ returns false when the relationship does not exist

PASS src/__tests__/dashboardService.test.ts
  DashboardService
    getUserDashboards
      ✓ should return all dashboards for a user
      ✓ should return empty array if user has no dashboards
    getDashboard
      ✓ should return a specific dashboard
      ✓ should return null if dashboard not found
    getDefaultDashboard
      ✓ should return the default dashboard for a user
      ✓ should return null if no default dashboard exists
    createDashboard
      ✓ should create a new dashboard
      ✓ should unset other defaults when creating default dashboard
      ✓ should rollback on error (3 ms)
    updateDashboard
      ✓ should update dashboard name
      ✓ should return null if dashboard not found
    deleteDashboard
      ✓ should delete a dashboard
      ✓ should return false if dashboard not found
    createDefaultDashboard
      ✓ should create a default dashboard with predefined widgets (1 ms)

PASS src/modules/auth/lib/__tests__/totp.test.ts
  auth totp helper
    ✓ generates a base32 secret and otpauth URI (1 ms)
    ✓ verifies generated tokens and ignores whitespace in user input (1 ms)

[31merror[39m: Failed to complete follow-up {"error":{},"followUpId":"[REDACTED]","organizationId":"[REDACTED]","service":"nonprofit-manager-api","timestamp":"2026-04-19 20:24:03"}
PASS src/modules/followUps/__tests__/followUpService.test.ts
  FollowUpService
    ✓ applies filters, overdue condition, and pagination for getFollowUps (1 ms)
    ✓ returns null when getFollowUpById does not find a row
    ✓ returns current follow-up when updateFollowUp has no update fields
    ✓ updates fields, ignores overdue status updates, and clears pending notifications when reminder is null
    ✓ creates follow-up and upserts scheduled notification when reminder is configured
    ✓ returns null and rolls back when completeFollowUp cannot find the target row (1 ms)
    ✓ completes follow-up and schedules next occurrence for recurring cadence
    ✓ completes follow-up without scheduling when schedule_next is explicitly false
    ✓ skips next occurrence when explicit next date exceeds frequency end date
    ✓ rolls back and throws when completeFollowUp fails mid-transaction (6 ms)
    ✓ claims due notifications and marks delivery results

PASS src/__tests__/services/webhookService.test.ts
  webhookService.validateWebhookUrl
    ✓ blocks localhost and local TLDs
    ✓ blocks URLs with credentials
    ✓ blocks private IPv4 literals
    ✓ blocks private IPv6 literals (1 ms)
    ✓ blocks IPv4-mapped IPv6 private addresses
    ✓ allows public IPv4 literals
    ✓ blocks hostnames resolving to private IPs
    ✓ allows hostnames resolving to public IPs
    ✓ blocks when DNS lookup fails
    ✓ blocks invalid URLs

PASS src/__tests__/services/analyticsService.test.ts
  AnalyticsService
    getDonationMetrics
      ✓ should return donation metrics for an account (1 ms)
      ✓ should handle empty donation data
      ✓ should throw error on database failure (2 ms)
    getEventMetrics
      ✓ should return event metrics for a contact
      ✓ should calculate attendance rate correctly
      ✓ should handle zero registrations
    getVolunteerMetrics
      ✓ should return volunteer metrics for a contact
      ✓ should return null if contact is not a volunteer
    getEventAttendanceTrends
      ✓ should query event trends with the current events schema and cache the results (1 ms)
    getTaskMetrics
      ✓ should return task metrics
    getAccountAnalytics
      ✓ should return full analytics for an account
      ✓ should throw error for non-existent account (5 ms)
    getContactAnalytics
      ✓ should return full analytics for a contact
      ✓ should throw error for non-existent contact
    getAnalyticsSummary
      ✓ should return organization-wide analytics summary (1 ms)
      ✓ should accept date range filters
    engagement score calculation
      ✓ should calculate high engagement for active donors and volunteers
      ✓ should calculate inactive for no engagement

PASS src/__tests__/middleware/csrf.test.ts
  csrf middleware
    ✓ binds CSRF tokens to authenticated staff and portal sessions, then falls back for anonymous requests (5 ms)
    ✓ accepts a create-then-publish flow when the same authenticated session fetches the CSRF token (4 ms)
    ✓ rejects a state-changing request without a valid CSRF token (4 ms)

PASS src/modules/admin/controllers/__tests__/adminSurfaceControllers.test.ts
  admin surface controllers
    ✓ returns normalized email settings payloads (1 ms)
    ✓ returns normalized twilio settings payloads
    ✓ returns normalized pending registration payloads
    ✓ routes organization settings through the usecase boundary
    ✓ routes branding and dashboard stats through usecases (1 ms)

PASS src/__tests__/services/site-generator/componentRenderer.test.ts
  componentRenderer.generateSectionHtml
    ✓ renders a section with primitive/media/form components (1 ms)
    ✓ renders unknown components as html comments
    ✓ escapes user content in rendered components
    ✓ renders the richer nonprofit builder blocks used by the starter template (1 ms)

PASS src/__tests__/middleware/zodValidation.test.ts
  zodValidation middleware
    ✓ normalizes body values and attaches validated query and params before continuing (1 ms)
    ✓ returns a canonical validation envelope with grouped issues from each request source (1 ms)

PASS src/modules/cases/queries/__tests__/relationshipsQueries.test.ts
  relationshipsQueries
    ✓ lists relationships for a case
    ✓ creates a relationship and returns the inserted row
    ✓ deletes a relationship

PASS src/modules/cases/queries/__tests__/lifecycleQueries.test.ts
  upsertCaseTypeAssignments
    ✓ upserts case type assignments idempotently in sort order
    ✓ skips empty assignment lists

PASS src/__tests__/services/savedReportService.test.ts
  SavedReportService
    createSavedReport
      ✓ should create a new saved report (1 ms)
      ✓ should create a public saved report
      ✓ should create report with complex definition
    getSavedReports
      ✓ should get all saved reports for user
      ✓ should filter by entity (1 ms)
      ✓ should return reports created by user
    getSavedReportById
      ✓ should get saved report by id
      ✓ should return null for non-existent id
    updateSavedReport
      ✓ should update saved report name
      ✓ should update saved report description
      ✓ should update is_public flag
      ✓ should return null if user does not own report
      ✓ should return existing report if no updates provided
    deleteSavedReport
      ✓ should delete saved report (1 ms)
      ✓ should return false if user does not own report
      ✓ should return false for non-existent report

PASS src/__tests__/services/outcomeImpactService.test.ts
  OutcomeImpactService
    ✓ saves impacts in replace mode and syncs case outcomes (1 ms)
    ✓ saves impacts in merge mode without replace deletions
    ✓ throws when interaction does not belong to case (3 ms)

PASS src/__tests__/services/contactPhoneService.test.ts
  getContactPhones
    ✓ returns all phone numbers for a contact (1 ms)
    ✓ passes the contactId as the query parameter
    ✓ returns an empty array when there are no phones
    ✓ throws a user-friendly error on query failure (4 ms)
  getContactPhoneById
    ✓ returns the phone when found
    ✓ returns null when not found
    ✓ scopes the query to the phone ID
    ✓ throws a user-friendly error on failure (1 ms)
  createContactPhone
    ✓ inserts a phone and returns the created row
    ✓ defaults label to "other" when not provided
    ✓ defaults is_primary to false when not provided
    ✓ throws a stable duplicate error on PG code 23505
    ✓ throws a generic error on other failures
  updateContactPhone
    ✓ returns the updated row on success
    ✓ returns null when no row matches
    ✓ builds SET clause only for provided fields
    ✓ always appends modified_by to the SET clause
    ✓ throws when no fields are provided to update
    ✓ throws a stable duplicate error on PG code 23505
    ✓ throws a generic error on other failures (1 ms)
  deleteContactPhone
    ✓ returns true when the phone was deleted
    ✓ returns false when no phone matched
    ✓ passes the phoneId as the query parameter
    ✓ throws a user-friendly error on failure
  getPrimaryPhone
    ✓ returns the primary phone when found
    ✓ returns null when no primary phone exists
    ✓ filters by contactId and is_primary=true
    ✓ throws a user-friendly error on failure

PASS src/__tests__/services/contactEmailService.test.ts
  getContactEmails
    ✓ returns all email addresses for a contact
    ✓ passes the contactId as the query parameter
    ✓ returns an empty array when there are no emails
    ✓ throws a user-friendly error on query failure (4 ms)
  getContactEmailById
    ✓ returns the email when found
    ✓ returns null when not found
    ✓ scopes the query to the email ID (1 ms)
    ✓ throws a user-friendly error on failure
  createContactEmail
    ✓ inserts an email and returns the created row
    ✓ passes contactId as first param and userId as fifth param
    ✓ defaults label to "personal" when not provided
    ✓ defaults is_primary to false when not provided
    ✓ throws a duplicate error when email already exists (PG code 23505)
    ✓ throws a generic error on other failures
  updateContactEmail
    ✓ returns the updated row on success
    ✓ returns null when no row matches
    ✓ builds SET clause only for provided fields (1 ms)
    ✓ always appends modified_by to the SET clause
    ✓ throws when no fields are provided to update
    ✓ throws a duplicate error on PG code 23505
  deleteContactEmail
    ✓ returns true when the email was deleted
    ✓ returns false when no email matched
    ✓ passes the emailId as the query parameter
    ✓ throws a user-friendly error on failure
  getPrimaryEmail
    ✓ returns the primary email when found
    ✓ returns null when no primary email exists
    ✓ filters by contactId and is_primary=true
    ✓ throws a user-friendly error on failure

PASS src/__tests__/services/caseService.test.ts
  CaseService
    createCase
      ✓ creates a case and logs an initial note
      ✓ throws when no active intake status exists (3 ms)
      ✓ generates a case number matching CASE-YYMMDD-NNNNNNNN format (1 ms)
      ✓ defaults priority to "medium" when omitted
      ✓ persists multiple case types and outcomes when provided
    getCases
      ✓ returns cases and total with no filter
      ✓ returns 0 cases for an empty result set
      ✓ applies contact_id filter
      ✓ defaults to page 1, limit 20 and sorts by created_at DESC
      ✓ applies search filter across case_number, title, and description (1 ms)
      ✓ keeps scalar fallbacks for legacy case type and outcome data
      ✓ treats critical priority as urgent in the quick filter
    getCaseById
      ✓ returns the case when found
      ✓ returns null when not found
    updateCase
      ✓ builds SET clause only for provided fields
      ✓ always includes modified_by and updated_at
    updateCaseStatus
      ✓ fetches current status, updates it, and inserts a status_change note (1 ms)
    getCaseSummary
      ✓ returns summary statistics accurately
      ✓ applies organization scope when organizationId is provided
    reassignCase
      ✓ updates assignee and records history

PASS src/modules/admin/__tests__/usecases/roleCatalogUseCase.test.ts
  roleCatalogUseCase
    ✓ normalizes legacy role slugs and system role checks (1 ms)
    ✓ returns canonical role and selector catalogs
    ✓ returns a humanized permission catalog
    ✓ creates, updates, and deletes custom roles while protecting system roles (1 ms)
    ✓ refuses to delete system roles (5 ms)

PASS src/__tests__/services/publishing/siteSettingsService.test.ts
  WebsiteSiteSettingsService
    ✓ merges and normalizes Mailchimp settings before persisting (1 ms)
    ✓ persists donation provider defaults when Stripe settings include a payment provider
    ✓ blocks settings mutations for sites awaiting organization assignment (6 ms)
  siteSettings merge helpers
    ✓ applies template config, site defaults, and form overrides in precedence order
    ✓ merges managed component config without touching non-managed blocks

PASS src/__tests__/services/taskService.test.ts
  TaskService
    getTasks
      ✓ should return paginated tasks with default pagination
      ✓ should apply search filter
      ✓ should apply status filter
      ✓ should apply priority filter (1 ms)
      ✓ should apply overdue filter
    getTaskSummary
      ✓ should execute a single summary query without list/count queries
    getTaskById
      ✓ should return task when found
      ✓ should return null when task not found
    createTask
      ✓ should create task with required fields
      ✓ should create task with all fields
    updateTask
      ✓ should update task successfully
      ✓ should return null when task not found
      ✓ should return task when no fields to update
    completeTask
      ✓ should mark task as completed (1 ms)
      ✓ should return null when task not found
    deleteTask
      ✓ should delete task successfully
      ✓ should return false when task not found

PASS src/__tests__/services/imageOptimizationService.test.ts
  ImageOptimizationService
    getOptimizedUrl
      ✓ should return original URL when optimization is disabled
      ✓ should add quality parameter
      ✓ should add width parameter
      ✓ should add height parameter
      ✓ should add format parameter for webp
      ✓ should not add format parameter for original (1 ms)
      ✓ should add fit parameter
      ✓ should return empty string for empty URL
    generateSrcset
      ✓ should generate srcset with multiple widths
      ✓ should return empty string for empty URL
      ✓ should apply options to all srcset entries
    generateSizes
      ✓ should generate default sizes
      ✓ should use custom container width
    getOptimizedImageData
      ✓ should return complete image data object
      ✓ should include width and height when provided
    generateOptimizedImageHtml
      ✓ should generate picture element with sources (1 ms)
      ✓ should include alt text
      ✓ should include lazy loading by default
      ✓ should not include lazy loading when disabled
      ✓ should include class when provided
      ✓ should include width and height attributes
      ✓ should return empty string for empty URL
      ✓ should escape HTML in alt text
    generatePlaceholder
      ✓ should generate SVG data URL
      ✓ should generate consistent placeholder for same URL (1 ms)
      ✓ should generate different placeholders for different URLs
    getPreloadLink
      ✓ should generate preload link tag
    singleton export
      ✓ should export a singleton instance

PASS src/__tests__/services/contactNoteOutcomeImpactService.test.ts
  ContactNoteOutcomeImpactService
    ✓ saves impacts in replace mode and syncs case outcomes (1 ms)
    ✓ saves impacts in merge mode without replace deletions
    ✓ rejects outcome tagging for contact notes without a case link (4 ms)

PASS src/__tests__/types/workspaceModules.test.ts
  workspace module config normalization
    ✓ defaults every module to enabled when config is missing (1 ms)
    ✓ fills missing module keys with enabled when a partial config is provided

PASS src/modules/events/controllers/__tests__/events.controller.test.ts
  events.controller
    ✓ sends unauthorized when permission guard fails with unauthorized (1 ms)
    ✓ sends forbidden when permission guard fails with non-unauthorized error
    ✓ returns forbidden when event is outside data scope
    ✓ returns event not found when event does not exist
    ✓ returns check-in settings when event exists
    ✓ returns event not found when check-in settings update returns null
    ✓ passes data scope filter for contact registration listing queries
    ✓ passes the resolved organization context when creating an event (1 ms)
    ✓ maps duplicate registration errors using structured error codes
    ✓ maps registration update validation errors using structured error codes
    ✓ maps rotate pin event-not-found error to 404
    ✓ returns registration-not-found when check-in registration lookup misses
    ✓ returns check-in error when manual check-in fails
    ✓ returns checked-in registration when manual check-in succeeds
    ✓ returns registration not found for scan endpoint when token is unknown
    ✓ returns scan result when global scan succeeds
    ✓ returns 201 when walk-in check-in creates a registration
    ✓ returns 200 when walk-in check-in uses an existing registration (1 ms)
    ✓ maps walk-in error "EVENT_NOT_FOUND" to 404
    ✓ maps walk-in error "CHECKIN_ERROR" to 400
    ✓ maps walk-in error "CHECKIN_ERROR" to 400
    ✓ maps walk-in error "CHECKIN_ERROR" to 400
    ✓ passes unexpected walk-in errors to next
    ✓ maps confirmation send errors using structured error codes

PASS src/modules/cases/queries/__tests__/servicesQueries.test.ts
  servicesQueries
    ✓ lists case services with provider details (1 ms)
    ✓ creates a case service using an existing provider match
    ✓ updates a case service and preserves provider resolution
    ✓ deletes a case service

PASS src/modules/cases/queries/__tests__/catalogQueries.test.ts
  catalogQueries
    ✓ returns canonical case list rows with provenance and imported-only filtering
    ✓ returns canonical case detail rows with provenance (1 ms)
    ✓ merges type and outcome summary counts from the normalized query shape

PASS src/__tests__/services/authorizationKernelService.test.ts
  authorizationKernelService
    ✓ builds a full matrix for admin, manager, staff, and volunteer roles (1 ms)
    ✓ keeps static and analytics matrices aligned with role capabilities
    ✓ keeps snapshot static permissions aligned with the direct permission matrix helpers
    ✓ gracefully falls back when role/permission/field tables are unavailable (1 ms)

PASS src/__tests__/middleware/rateLimiter.test.ts
  rateLimiter defaults
    ✓ configures the higher shared-IP ceilings in production defaults (1 ms)
    ✓ honors explicit env overrides for the production ceilings (1 ms)
    ✓ keeps the canonical 429 envelope when the API limiter is exceeded
    ✓ skips startup auth and CSRF read-only checks in the shared API limiter (1 ms)

PASS src/__tests__/config/database.test.ts
  database config
    ✓ creates an ssl-enabled pool for managed production databases (1 ms)
    ✓ disables ssl for luks production databases
    ✓ disables ssl for self-hosted production databases
    ✓ defaults non-production runtime connections to the local app role

PASS src/__tests__/alertService.test.ts
  AlertsUseCase
    getUserAlerts
      ✓ should return all alerts for a user (1 ms)
    createAlert
      ✓ should create a new alert configuration
    testAlert
      ✓ should test exceeds condition
      ✓ should test drops_below condition
      ✓ should not trigger when condition not met
    toggleAlert
      ✓ should toggle alert enabled status
    getAlertStats
      ✓ should return comprehensive alert statistics (1 ms)
    acknowledgeAlert
      ✓ should acknowledge an alert instance
    resolveAlert
      ✓ should resolve an alert instance
    deleteAlert
      ✓ should delete an alert configuration
      ✓ should return false if alert not found

PASS src/modules/contacts/controllers/__tests__/notes.controller.test.ts
  contact notes controller
    ✓ blocks create when outcome tagging permission is missing (1 ms)
    ✓ blocks update when outcome tagging permission guard returns unauthorized
    ✓ creates notes without outcome payload when the user is authenticated
    ✓ returns the mixed notes timeline response

PASS src/modules/admin/__tests__/usecases/adminRegistrationReviewUseCase.test.ts
  adminRegistrationReviewUseCase
    ✓ previews a pending registration review token
    ✓ rejects expired review tokens (1 ms)
    ✓ rejects review tokens with malformed runtime claims
    ✓ rejects review tokens for inactive or missing reviewers
    ✓ confirms an approval and returns the refreshed review state
    ✓ returns already-reviewed state with the actual resolving admin
    ✓ returns already-reviewed on replay after a completed confirm (1 ms)

PASS src/modules/admin/__tests__/usecases/createPendingRegistrationUseCase.test.ts
  createPendingRegistration
    ✓ sends admin notification emails with approve and reject review links (1 ms)
    ✓ surfaces passkey setup as unavailable when pending passkey staging is missing (1 ms)

PASS src/modules/teamChat/__tests__/teamMessenger.usecase.test.ts
  TeamMessengerUseCase
    ✓ deduplicates direct rooms after a concurrent unique key race
    ✓ rejects messenger reads for non-participants even if the room exists (1 ms)
    ✓ requires group owner access for group rename actions
    ✓ prevents removing the final owner from a group conversation
    ✓ passes client_message_id through messenger send reconciliation

PASS src/__tests__/middleware/apiKeyAuth.test.ts
  apiKeyAuth middleware
    ✓ returns unauthorized when the request has no API key
    ✓ returns unauthorized when API key validation fails (1 ms)
    ✓ attaches API key context and logs usage on successful authentication
    ✓ rejects API keys supplied in query strings
    ✓ returns rate_limit_exceeded when the key has already consumed its quota
    ✓ logs usage failures without failing the response flow
    ✓ returns unauthorized when validation throws unexpectedly (1 ms)
    ✓ enforces API key scopes and allows wildcard or admin scopes
    ✓ auditApiKeyUsage logs when request is authenticated with an API key

PASS src/modules/savedReports/controllers/__tests__/reportSharing.handlers.test.ts
  savedReports reportSharing.handlers facade
    ✓ re-exports the shared saved-report handlers
    ✓ returns share principals (1 ms)
    ✓ shares report with actor context
    ✓ removes shared principals with actor context
    ✓ generates public link through snapshot service
    ✓ revokes public link through snapshot service

[32minfo[39m: Public events catalog request {"durationMs":"[REDACTED]","route":"[REDACTED]","service":"nonprofit-manager-api","siteId":"[REDACTED]","status":"[REDACTED]","timestamp":"2026-04-19 20:24:04"}
[32minfo[39m: Public events catalog request {"durationMs":"[REDACTED]","route":"[REDACTED]","service":"nonprofit-manager-api","siteId":"[REDACTED]","siteKey":"[REDACTED]","status":"[REDACTED]","timestamp":"2026-04-19 20:24:04"}
[32minfo[39m: Public events catalog request {"durationMs":"[REDACTED]","resolver":"[REDACTED]","route":"[REDACTED]","service":"nonprofit-manager-api","status":"[REDACTED]","timestamp":"2026-04-19 20:24:04"}
PASS src/modules/events/controllers/__tests__/publicEvents.controller.test.ts
  publicEvents.controller
    ✓ lists public events by host-resolved site (1 ms)
    ✓ lists public events by explicit site key
    ✓ returns site-not-found when no published site can be resolved
    ✓ returns event-not-found when public check-in info is unavailable
    ✓ returns public check-in info when available
    ✓ returns 201 when submitCheckIn creates a new registration
    ✓ returns 200 when submitCheckIn is idempotent for an existing registration
    ✓ maps check-in error "EVENT_NOT_FOUND" to Event check-in is unavailable
    ✓ maps check-in error "INVALID_PIN" to Invalid event check-in PIN
    ✓ maps check-in error "PIN_NOT_CONFIGURED" to Event check-in PIN is not configured
    ✓ maps check-in error "EVENT_FULL" to Event is at full capacity
    ✓ maps check-in error "CHECKIN_CLOSED" to Check-in is available 180 minutes before start until 240 minutes after end.
    ✓ maps check-in error "CHECKIN_CLOSED" to Event is not accepting check-ins
    ✓ forwards unknown submitCheckIn errors to next

PASS src/modules/contacts/__tests__/contactDirectory.usecase.test.ts
  ContactDirectoryUseCase transaction context
    ✓ binds the current user before creating a contact inside a transaction
    ✓ binds the current user before updating a contact inside a transaction (1 ms)

PASS src/__tests__/services/publishing/versionService.test.ts
  VersionService
    ✓ returns a published version for public preview links
    ✓ rolls back to a prior version and writes an audit entry

PASS src/__tests__/services/publishing/siteManagementService.test.ts
  SiteManagementService
    ✓ maps a full published site row to the declared contract (1 ms)
    ✓ applies backward-safe fallbacks for legacy or null site fields
    ✓ persists owner_user_id, site_kind, and parent_site_id when creating a site
    ✓ persists siteKind and parentSiteId when updating a site

PASS src/__tests__/services/publishing/publicSiteRuntimeService.test.ts
  PublicSiteRuntimeService
    ✓ does not duplicate event detail fallback when the page already has an event-detail component (1 ms)
    ✓ renders newsletter detail pages from live website entries (1 ms)
    ✓ sanitizes unsafe newsletter body HTML before rendering
    ✓ includes redirect handling for recurring donation checkout responses in the public form runtime

PASS src/__tests__/services/publishing/customDomainService.test.ts
  CustomDomainService
    ✓ fails when domain already exists on another site (2 ms)

PASS src/__tests__/services/eventReminderSchedulerService.test.ts
  eventReminderSchedulerService
    ✓ claims due automations and records sent status (1 ms)
    ✓ marks partial status when any sends are skipped or failed
    ✓ records failed status and does not retry automatically on send exceptions
    ✓ does nothing when no due automations are available
    ✓ supports start/stop polling lifecycle via shared runner (2 ms)

[33mwarn[39m: Failed to resolve user roles for authorization kernel; using primary role fallback {"error":"[REDACTED]","service":"nonprofit-manager-api","timestamp":"2026-04-19 20:24:04","userId":"[REDACTED]"}
[33mwarn[39m: Failed to resolve user roles for authorization kernel; using primary role fallback {"error":"[REDACTED]","service":"nonprofit-manager-api","timestamp":"2026-04-19 20:24:04","userId":"[REDACTED]"}
PASS src/__tests__/authMiddleware.test.ts
  auth middleware
    authenticate
      ✓ rejects when no auth header is present (2 ms)
      ✓ rejects when token is invalid (1 ms)
      ✓ rejects portal tokens on staff routes
      ✓ rejects tokens when the auth revision no longer matches
      ✓ sets req.user from the database snapshot and calls next for valid tokens (1 ms)
      ✓ revalidates token-bound organization context against live account status
    authorize
      ✓ rejects when no user is present
      ✓ rejects when user role is not allowed
      ✓ calls next when user role is allowed

PASS src/modules/savedReports/controllers/__tests__/savedReport.handlers.test.ts
  Saved Report Controller
    getSavedReports
      ✓ returns saved reports successfully
      ✓ prefers validated query entity when available
    getSavedReportById
      ✓ returns a specific report successfully (1 ms)
      ✓ returns 404 when report not found
    createSavedReport
      ✓ creates report successfully
      ✓ returns 400 when required fields are missing
    updateSavedReport
      ✓ updates report successfully
    deleteSavedReport
      ✓ deletes report successfully
      ✓ returns 404 when report not found or delete fails

PASS src/modules/portalAdmin/controllers/__tests__/portalAdminController.test.ts
  portalAdminController account-management flows
    ✓ lists pending portal signup requests with stored signup identity and resolution status (1 ms)
    ✓ blocks approval when the portal account already exists for the signup email
    ✓ requires contact_id to approve signup requests that need manual contact resolution
    ✓ rejects contact resolution choices that do not match the signup email
    ✓ approves manual contact resolution with the selected matching contact (1 ms)
    ✓ blocks invitation creation when an active invitation is already pending
    ✓ lists portal users with the validated search filter and canonical envelope
    ✓ returns not found when a portal user status update affects no rows
    ✓ rejects direct status updates outside the supported active and suspended values
    ✓ hashes and stores a portal password reset for the requested user

PASS src/modules/cases/queries/__tests__/milestonesQueries.test.ts
  milestonesQueries
    ✓ lists milestones for a case
    ✓ creates a milestone and returns the inserted row (1 ms)
    ✓ updates a milestone with only provided fields
    ✓ deletes a milestone

PASS src/modules/teamChat/__tests__/teamChat.usecase.test.ts
  TeamChatUseCase
    ✓ enforces parent message same-room constraint on message create
    ✓ validates mention targets are room members (1 ms)
    ✓ auto-joins manager as observer when accessing room without membership
    ✓ prevents removing the last owner
    ✓ uses manager-scope visibility for inbox and unread summary

PASS src/modules/portal/__tests__/portalRealtimeService.test.ts
  portalRealtimeService
    ✓ broadcasts enriched thread updates to portal and admin listeners with matching visibility (1 ms)

PASS src/__tests__/services/site-generator/pageRenderer.test.ts
  pageRenderer.renderPageHtml
    ✓ builds a complete page document with nav/main/footer and analytics blocks
    ✓ injects the public event list runtime only when an event-list component exists (1 ms)

PASS src/__tests__/services/publishing/publishService.test.ts
  PublishService
    ✓ publishes a live site and updates the current deployment (1 ms)
    ✓ creates a preview deployment without mutating the live site row

PASS src/__tests__/services/webhookRetrySchedulerService.test.ts
  webhookRetrySchedulerService
    ✓ uses default batch size when ticking without start (1 ms)
    ✓ starts with env-configured settings and executes immediate + interval ticks
    ✓ passes retry and timeout guardrail settings to interval runner (1 ms)

PASS src/__tests__/services/newsletterProviderService.test.ts
  newsletterProviderService
    ✓ resolves Mailchimp when the site is configured for Mailchimp
    ✓ falls back to Mautic when Mailchimp is unavailable
    ✓ routes sync requests to the active provider backend (1 ms)

PASS src/__tests__/services/intervalBatchRunner.test.ts
  IntervalBatchRunner
    ✓ prevents overlapping ticks while a batch is still in flight (1 ms)
    ✓ handles batch errors without throwing to callers
    ✓ supports start/stop lifecycle with immediate and interval ticks
    ✓ retries failed batches with bounded attempts
    ✓ enforces timeout guardrail for long-running batches (1 ms)

PASS src/__tests__/services/emailSettingsService.test.ts
  emailSettingsService
    ✓ returns null when settings row is absent
    ✓ returns seeded fresh-install settings with STARTTLS-safe smtpSecure false
    ✓ reports stored credentials flags (1 ms)
    ✓ updates settings and returns mapped model
    ✓ treats explicit blank passwords as cleared credentials

PASS src/__tests__/services/authStateResetService.test.ts
  authStateResetService
    ✓ clears persisted auth lockouts and auth rate-limit buckets (1 ms)

PASS src/modules/webhooks/controllers/__tests__/webhookController.test.ts
  webhookController
    ✓ rejects unauthenticated webhook endpoint creation (1 ms)
    ✓ maps webhook URL validation failures to a bad request response
    ✓ creates a webhook endpoint after validation passes
    ✓ updates a webhook endpoint when the payload is valid
    ✓ regenerates a webhook secret and returns the new value
    ✓ uses validated query limits when fetching webhook deliveries (1 ms)
    ✓ maps a missing webhook endpoint to a not found response on regeneration

PASS src/modules/events/services/__tests__/eventRegistrationService.checkInSettings.test.ts
  eventRegistrationService.checkInSettings
    ✓ returns null when the requested check-in occurrence cannot be resolved
    ✓ returns the check-in settings for the resolved occurrence
    ✓ updates the public check-in flag for the resolved occurrence (1 ms)
    ✓ returns null when updating settings for an unknown occurrence
    ✓ rotates the pin for the resolved occurrence
    ✓ returns event not found when rotating a pin for an unknown occurrence

[33mwarn[39m: Failed to deliver event confirmation email {"error":"[REDACTED]","eventId":"[REDACTED]","occurrenceId":"[REDACTED]","registrationId":"[REDACTED]","service":"nonprofit-manager-api","timestamp":"2026-04-19 20:24:04"}
PASS src/modules/events/services/__tests__/eventConfirmationService.test.ts
  EventConfirmationService.sendRegistrationConfirmationEmail
    ✓ records a failed delivery result when sending the confirmation email rejects (1 ms)

PASS src/modules/contacts/controllers/__tests__/documents.controller.test.ts
  contact documents controller
    ✓ returns 404 when a scoped contact is missing
    ✓ parses boolean upload fields before calling the use case
    ✓ returns 404 when a download target is missing on disk

PASS src/modules/admin/__tests__/usecases/pendingRegistrationApprovalUseCase.test.ts
  pending registration approval use cases
    ✓ sets transaction audit context before approving a pending registration and attributes the created user (2 ms)
    ✓ sets transaction audit context before rejecting a pending registration

PASS src/modules/volunteers/__tests__/volunteerImportExport.commit.test.ts
  commitVolunteerImport
    ✓ rejects commit plans that still have row errors before opening a transaction (1 ms)
    ✓ skips destructive role sync when roles were not mapped on contact updates
    ✓ preserves the existing-contact/new-volunteer commit path (1 ms)
  volunteer import volunteer persistence
    ✓ dual-writes availability status and notes during volunteer inserts
    ✓ dual-writes availability status and notes during volunteer updates (1 ms)

PASS src/modules/teamChat/__tests__/teamChatRealtimeService.test.ts
  teamChatRealtimeService
    ✓ fans out room events only to allowed participants (1 ms)
    ✓ expires typing state and broadcasts stop-typing to participants (1 ms)

PASS src/modules/contacts/__tests__/contactCommunications.usecase.test.ts
  ContactCommunicationsUseCase
    ✓ delegates communication listing to the repository

PASS src/modules/alerts/__tests__/alerts.usecase.test.ts
  AlertsUseCase
    ✓ normalizes alert instance query filters before delegating to the repository (1 ms)
    ✓ aggregates alert stats snapshot rows into numeric response data
    ✓ evaluates threshold-based test alerts using repository metric values

PASS src/__tests__/services/template/helpers.test.ts
  template helpers
    ✓ adds both event and newsletter fallbacks when a template has neither collection page (2 ms)
    ✓ does not add duplicate newsletter fallbacks when the template already has one

PASS src/__tests__/services/twilioSmsService.test.ts
  twilioSmsService
    ✓ sends SMS with the Messaging Service SID when configured (1 ms)
    ✓ falls back to the configured sender phone number when no Messaging Service SID is present
    ✓ returns the Twilio error when sendSms fails or times out
    ✓ records a successful connection test via the Twilio account resource (1 ms)
    ✓ records a failed connection test when the Twilio account fetch rejects

PASS src/__tests__/services/twilioSettingsService.test.ts
  twilioSettingsService
    ✓ returns null when settings row is absent (1 ms)
    ✓ reports stored auth token flag
    ✓ updates settings and computes configured status

PASS src/__tests__/services/reconciliationMatching.test.ts
  reconciliationMatching.matchTransactions
    ✓ prefers explicit Stripe identifiers for high-confidence matches
    ✓ falls back to amount-and-date matching when identifiers are missing (1 ms)
    ✓ leaves non-charge Stripe entries unmatched

PASS src/__tests__/config/logger.test.ts
  logger redaction
    ✓ redacts common personal data keys recursively
    ✓ redacts interpolated %s payloads before the final log line is rendered (1 ms)
    ✓ redacts interpolated %o payloads before the final log line is rendered (1 ms)

[33mwarn[39m: Failed to complete event confirmation side effect after commit {"contactId":"[REDACTED]","error":"[REDACTED]","eventId":"[REDACTED]","service":"nonprofit-manager-api","source":"[REDACTED]","timestamp":"2026-04-19 20:24:04"}
PASS src/modules/events/services/__tests__/eventRegistrationService.registrationMutations.test.ts
  registerContactMutation
    ✓ keeps the committed registration when confirmation delivery fails after commit

PASS src/modules/cases/usecases/__tests__/caseLifecycle.usecase.test.ts
  CaseLifecycleUseCase
    ✓ normalizes multi-value create payloads and mirrors the primary values
    ✓ normalizes multi-value update payloads and trims the case id

PASS src/modules/cases/repositories/__tests__/caseFormsRepository.assignments.test.ts
  caseFormsRepository.assignments
    ✓ preserves updated_by when userId is omitted (1 ms)
    ✓ writes updated_by when userId is explicitly null
    ✓ marks sent_at through the shared assignment helper

PASS src/modules/auth/controllers/__tests__/adminRegistrationReviewController.test.ts
  adminRegistrationReviewController
    ✓ returns the preview payload on success (1 ms)
    ✓ returns the confirm payload on success
    ✓ maps usecase review errors into error envelopes

PASS src/__tests__/services/site-generator/seoMeta.test.ts
  seoMeta.buildSeoMeta
    ✓ renders base, OG, Twitter and custom head metadata (1 ms)
    ✓ escapes title/description/canonical and supports noindex + page OG override

PASS src/__tests__/utils/permissions.test.ts
  permissions seam
    ✓ normalizes legacy role aliases to the canonical permission matrix (1 ms)
    ✓ enforces canonical grants and denials for operational and admin permissions
    ✓ keeps aggregate permission helpers aligned with canonical role grants
    ✓ returns no permissions for unknown roles

PASS src/__tests__/services/workflowCoverageReportService.test.ts
  WorkflowCoverageReportService
    ✓ maps workflow coverage rows into items and summary totals (1 ms)
    ✓ applies owner, status, and missing filters in the generated query

PASS src/__tests__/services/themePresetService.test.ts
  themePresetService
    ✓ lists active color palettes (1 ms)
    ✓ returns null when palette is missing
    ✓ lists font pairings

PASS src/__tests__/services/reportTemplateService.test.ts
  ReportTemplateService
    ✓ creates a cases template with the new multi-value case fields
    ✓ instantiates a cases template with the new multi-value case fields intact

PASS src/__tests__/services/emailService.test.ts
  emailService.testSmtpConnection
    ✓ returns a STARTTLS hint for wrong-version TLS failures on port 587
    ✓ returns an implicit TLS hint for greeting failures on port 465
    ✓ returns the original error when it is not a known TLS mismatch (1 ms)

[32minfo[39m: [REDACTED] {"code":"[REDACTED]","correlationId":"[REDACTED]","service":"nonprofit-manager-api","status":"[REDACTED]","timestamp":"2026-04-19 20:24:05"}
PASS src/__tests__/middleware/requireActiveOrganizationContext.test.ts
  requireActiveOrganizationContext middleware
    ✓ attaches the active organization context and updates the request context store
    ✓ returns the canonical error envelope when the organization context check fails (1 ms)

PASS src/__tests__/middleware/portalAuth.test.ts
  portalAuth middleware
    ✓ stores portal-scoped request context from the verified portal profile (1 ms)
    ✓ rejects inactive portal users without populating portal request context

PASS src/__tests__/middleware/accountLockout.test.ts
  accountLockout middleware
    ✓ tracks failed attempts in memory and locks accounts after threshold (1 ms)
    ✓ clears attempts on successful login and writes success audit entries
    ✓ uses Redis lockout storage when a ready client is available
    ✓ detects active Redis lockouts and clears expired Redis lockouts
    ✓ allows checkAccountLockout to pass through when lockout checks are disabled for tests (1 ms)
    ✓ returns locked response payload when checkAccountLockout detects a lock

PASS src/__tests__/config/requestSecurity.test.ts
  requestSecurity helpers
    ✓ fails closed when wildcard origins are combined with credentials outside development (3 ms)
    ✓ allows explicit production allowlists and rejects unknown origins
    ✓ keeps development wildcard allowlists working for local testing
    ✓ denies production origins that only match the request host
    ✓ denies spoofed forwarded-host origins when they are not explicitly allowed
    ✓ parses trust proxy values safely

PASS src/modules/cases/usecases/__tests__/caseCatalog.usecase.test.ts
  CaseCatalogUseCase
    ✓ normalizes list filters before querying the repository (1 ms)
    ✓ normalizes case, timeline, and summary lookups

PASS src/modules/cases/utils/__tests__/importProvenance.test.ts
  importProvenance
    ✓ builds a nested imported provenance payload from imported source rows (1 ms)

PASS src/modules/activities/controllers/__tests__/activityController.test.ts
  activityController
    ✓ forwards the active organization id when loading recent activities (1 ms)
    ✓ forwards the active organization id when loading entity activities

PASS src/modules/contacts/__tests__/contactQuery.test.ts
  contact query helpers
    ✓ normalizes list filters from mixed query input (1 ms)
    ✓ extracts pagination from generic query input
    ✓ returns undefined for empty tag filters

PASS src/__tests__/services/site-generator/layoutRenderer.test.ts
  layoutRenderer
    ✓ generates Google Analytics script with escaped id (1 ms)
    ✓ renders navigation with dropdowns and link targets
    ✓ renders footer with social, newsletter and escaped content (1 ms)
    ✓ tolerates legacy footer links that use href instead of url

PASS src/__tests__/services/publishing/publicSiteRenderer.test.ts
  PublicSiteRenderer
    ✓ renders nested public forms inside columns with runtime bindings

PASS src/__tests__/utils/authResponse.test.ts
  authResponse token exposure defaults
    ✓ hides auth tokens by default (1 ms)
    ✓ can expose auth tokens only when explicitly enabled

PASS src/__tests__/services/userManagementService.test.ts
  userManagementService
    ✓ lists users with mapped row payload (1 ms)
    ✓ returns null when user is not found by id
    ✓ creates a user row
    ✓ parses active admin count as number
    ✓ returns null when update affects no row
    ✓ returns user identity by id

PASS src/__tests__/services/portalAuthService.test.ts
  portalAuthService
    ✓ returns a resolved contact when the signup bridge finds a single normalized-email match
    ✓ returns a resolved contact when the signup bridge creates a new contact for a no-match email
    ✓ returns an unresolved signup result when multiple contacts share the email (1 ms)
    ✓ creates pending signup request and returns id
    ✓ returns null when invitation token does not exist
    ✓ returns login user when found
    ✓ updates last login timestamp without return value
    ✓ creates portal user from invitation

PASS src/__tests__/services/outcomeDefinitionService.test.ts
  OutcomeDefinitionService
    ✓ creates and updates outcome definitions
    ✓ enables and disables outcomes
    ✓ reorders outcomes in a transaction
    ✓ upserts seed definitions by key (1 ms)

PASS src/__tests__/services/outcomeReportService.test.ts
  OutcomeReportService
    ✓ returns totals and source-aware timeseries with reportable filter by default
    ✓ supports includeNonReportable for admins, source filter, and optional filters

PASS src/__tests__/middleware/dataScope.test.ts
  dataScope middleware
    ✓ attaches the first matching data scope for non-admin users (1 ms)
    ✓ returns a distinct server error when data-scope lookup fails

PASS src/__tests__/config/redis.test.ts
  redis pattern deletion helpers
    ✓ deletes matching keys with SCAN iterator in batches
    ✓ deleteCachedPattern delegates to scan-based deletion
    ✓ returns 0 when redis scan/delete fails (1 ms)
    ✓ stays disabled in test env unless redis is explicitly enabled with a url

PASS src/modules/contacts/controllers/__tests__/communications.controller.test.ts
  contact communications controller
    ✓ returns 404 when the contact is out of scope or missing (1 ms)
    ✓ returns communications for an accessible contact (1 ms)

PASS src/modules/admin/__tests__/repositories/pendingRegistrationRepository.test.ts
  pendingRegistrationRepository admin recipient lookup
    ✓ lists active admin recipients with identity fields
    ✓ returns a single active admin recipient by id

PASS src/modules/socialMedia/__tests__/socialMedia.repository.test.ts
  SocialMediaRepository
    ✓ encrypts app secret and access token once before upserting org settings (1 ms)
    ✓ normalizes snapshot upserts to one row per day

PASS src/modules/contacts/__tests__/contactCommunications.repository.test.ts
  ContactCommunicationsRepository
    ✓ maps communications rows into typed items with actions
    ✓ returns a no-action descriptor when the appointment can no longer be reminded (1 ms)

PASS src/__tests__/services/site-generator/navigationScript.test.ts
  navigationScript.generateNavigationToggleScript
    ✓ includes accessible toggle wiring for mobile navigation

PASS src/__tests__/services/publishing/formRegistryService.test.ts
  FormRegistryService
    ✓ extracts connected forms from nested component trees and applies override precedence (1 ms)

PASS src/__tests__/services/analytics/donationAnalytics.test.ts
  DonationAnalyticsService
    ✓ returns mapped donation metrics payload (5 ms)

PASS src/__tests__/utils/rateLimitKeys.test.ts
  rateLimitKeys
    ✓ builds organization-scoped API keys when org context is present
    ✓ falls back to global API keys when org context is missing
    ✓ builds distinct API keys for different users on the same IP
    ✓ uses organization headers when request context fields are absent
    ✓ uses global auth key when no organization context is available

PASS src/__tests__/utils/queryHelpers.test.ts
  resolveSort
    ✓ uses default when sort key is unknown (1 ms)
    ✓ uses default when sort key is missing (1 ms)
    ✓ accepts allowlisted sort keys
    ✓ normalizes invalid sort order to DESC (1 ms)

PASS src/__tests__/utils/permissions.referenceAdoption.test.ts
  reference-adoption permissions
    ✓ grants full new-domain permissions to admin and manager (1 ms)
    ✓ restricts staff/member/volunteer mutation permissions by policy

PASS src/__tests__/services/siteGeneratorService.test.ts
  SiteGeneratorService
    ✓ generates site pages with a single theme css render
    ✓ generates a single page with its own css render (1 ms)

PASS src/__tests__/services/auditLogQueryService.test.ts
  auditLogQueryService
    ✓ filters audit logs by user and maps the modern audit row shape

PASS src/modules/events/services/__tests__/eventRegistrationService.helpers.test.ts
  getExistingOccurrenceRegistration
    ✓ uses a lock-safe base registration query when FOR UPDATE is requested

PASS src/modules/events/services/__tests__/eventOccurrenceService.test.ts
  EventOccurrenceService.syncOccurrencesForEvent
    ✓ compares retained occurrences with timestamptz values instead of text (1 ms)

PASS src/modules/socialMedia/__tests__/facebookGraphClient.test.ts
  FacebookGraphClient
    ✓ normalizes Facebook page metrics into the application snapshot shape (1 ms)

Summary of all failing tests
FAIL src/__tests__/middleware/piiFieldAccessControl.test.ts
  ● piiFieldAccessControl middleware › keeps privileged contact detail fields readable when fallback DB rules are absent

    expect(jest.fn()).toHaveBeenCalledWith(...expected)

    - Expected
    + Received

    @@ -3,7 +3,7 @@
        "do_not_email": false,
        "do_not_phone": false,
        "email": "alice@example.com",
        "mobile_phone": "7785559999",
        "phone": "6045551234",
    -   "token": "a***",
    +   "token": "abcd",
      },

    Number of calls: 1

      90 |     });
      91 |
    > 92 |     expect(originalJson).toHaveBeenCalledWith({
         |                          ^
      93 |       email: 'alice@example.com',
      94 |       phone: '6045551234',
      95 |       mobile_phone: '7785559999',

      at Object.<anonymous> (src/__tests__/middleware/piiFieldAccessControl.test.ts:92:26)

FAIL src/__tests__/config/productionSecurityConfig.test.ts
  ● validateProductionSecurityConfig › passes for a valid managed configuration

    expect(received).toEqual(expected) // deep equality

    - Expected  - 1
    + Received  + 4

      Object {
        "errors": Array [],
        "fatalErrors": Array [],
    -   "warnings": Array [],
    +   "warnings": Array [
    +     "JWT_SECRET appears insecure (contains \"dev\"/\"placeholder\" or is less than 32 characters)",
    +     "CSRF_SECRET appears insecure (contains \"change\"/\"placeholder\" or is less than 32 characters)",
    +   ],
      }

      26 |     });
      27 |
    > 28 |     expect(result).toEqual({
         |                    ^
      29 |       warnings: [],
      30 |       errors: [],
      31 |       fatalErrors: [],

      at Object.<anonymous> (src/__tests__/config/productionSecurityConfig.test.ts:28:20)

  ● validateProductionSecurityConfig › passes for a valid luks configuration

    expect(received).toEqual(expected) // deep equality

    - Expected  - 1
    + Received  + 4

      Object {
        "errors": Array [],
        "fatalErrors": Array [],
    -   "warnings": Array [],
    +   "warnings": Array [
    +     "JWT_SECRET appears insecure (contains \"dev\"/\"placeholder\" or is less than 32 characters)",
    +     "CSRF_SECRET appears insecure (contains \"change\"/\"placeholder\" or is less than 32 characters)",
    +   ],
      }

      71 |     });
      72 |
    > 73 |     expect(result).toEqual({
         |                    ^
      74 |       warnings: [],
      75 |       errors: [],
      76 |       fatalErrors: [],

      at Object.<anonymous> (src/__tests__/config/productionSecurityConfig.test.ts:73:20)

  ● validateProductionSecurityConfig › passes for a valid self-hosted configuration with explicit risk acceptance

    expect(received).toEqual(expected) // deep equality

    - Expected  - 0
    + Received  + 2

      Array [
    +   "JWT_SECRET appears insecure (contains \"dev\"/\"placeholder\" or is less than 32 characters)",
    +   "CSRF_SECRET appears insecure (contains \"change\"/\"placeholder\" or is less than 32 characters)",
        "DB_AT_REST_ENCRYPTION_MODE=self_hosted relies on host-level safeguards; confirm disk and backup protections out of band",
      ]

      90 |     expect(result.errors).toEqual([]);
      91 |     expect(result.fatalErrors).toEqual([]);
    > 92 |     expect(result.warnings).toEqual([
         |                             ^
      93 |       'DB_AT_REST_ENCRYPTION_MODE=self_hosted relies on host-level safeguards; confirm disk and backup protections out of band',
      94 |     ]);
      95 |   });

      at Object.<anonymous> (src/__tests__/config/productionSecurityConfig.test.ts:92:29)

FAIL src/__tests__/services/authGuardService.test.ts
  ● authGuardService › requireActiveOrganizationSafe › returns a bad-request error when organization context is missing

    expect(received).toEqual(expected) // deep equality

    - Expected  - 1
    + Received  + 1

      Object {
        "error": Object {
          "code": "bad_request",
    -     "message": "Bad Request: No organization context",
    +     "message": "No organization context",
          "statusCode": 400,
        },
        "ok": false,
      }

      248 |       );
      249 |
    > 250 |       expect(result).toEqual({
          |                      ^
      251 |         ok: false,
      252 |         error: {
      253 |           code: 'bad_request',

      at Object.<anonymous> (src/__tests__/services/authGuardService.test.ts:250:22)

FAIL src/__tests__/services/activityService.test.ts
  ● ActivityService › merges recent activities, keeps primary duplicates, and scopes every feed query to the organization

    expect(jest.fn()).toHaveBeenNthCalledWith(n, ...expected)

    n: 2
    Expected: StringContaining "d.account_id = $1", ["org-1", 4]
    Received
           1: "SELECT
                c.id,
                c.case_number,
                c.title,
                c.created_at,
                c.opened_date,
                c.assigned_to,
                cs.name as status_name,
                u.first_name || ' ' || u.last_name as user_name
              FROM cases c
              LEFT JOIN contacts con ON c.contact_id = con.id
              LEFT JOIN users u ON c.assigned_to = u.id
              LEFT JOIN case_statuses cs ON c.status_id = cs.id
              WHERE c.created_at >= NOW() - INTERVAL '30 days'
                AND COALESCE(c.account_id, con.account_id) = $1
              ORDER BY c.created_at DESC
              LIMIT $2", ["org-1", 5]
    ->     2
              "SELECT
                d.id,
                d.amount,
                d.donation_date,
                d.payment_method,
                TRIM(CONCAT(c.first_name, ' ', c.last_name)) as contact_name,
                c.account_id as organization_id
              FROM donations d
              LEFT JOIN contacts c ON d.contact_id = c.id
              WHERE d.donation_date >= NOW() - INTERVAL '30 days'
                AND COALESCE(d.account_id, c.account_id) = $1
              ORDER BY d.donation_date DESC
              LIMIT $2",
              ["org-1", 4],
           3: "SELECT
                vh.id,
                vh.hours_logged,
                vh.activity_date,
                vh.notes,
                c.first_name || ' ' || c.last_name as volunteer_name
              FROM volunteer_hours vh
              LEFT JOIN volunteers v ON vh.volunteer_id = v.id
              LEFT JOIN contacts c ON v.contact_id = c.id
              WHERE vh.activity_date >= NOW() - INTERVAL '30 days'
                AND c.account_id = $1
              ORDER BY vh.activity_date DESC
              LIMIT $2", ["org-1", 3]

    Number of calls: 4

      100 |       ['org-1', 5]
      101 |     );
    > 102 |     expect(mockQuery).toHaveBeenNthCalledWith(
          |                       ^
      103 |       2,
      104 |       expect.stringContaining('d.account_id = $1'),
      105 |       ['org-1', 4]

      at Object.<anonymous> (src/__tests__/services/activityService.test.ts:102:23)

FAIL src/__tests__/middleware/requireRequestedOrganizationContext.test.ts
  ● requireRequestedOrganizationContext middleware › returns the canonical bad-request envelope when the request omits an explicit org target

    expect(jest.fn()).toHaveBeenCalledWith(...expected)

    - Expected
    + Received

      {},
      "bad_request",
    - "Organization context required",
    + "No organization context",
      400,
      undefined,
      "corr-1",

    Number of calls: 1

      46 |     requireRequestedOrganizationContext(req, res, next);
      47 |
    > 48 |     expect(mockSendError).toHaveBeenCalledWith(
         |                           ^
      49 |       res,
      50 |       'bad_request',
      51 |       'Organization context required',

      at Object.<anonymous> (src/__tests__/middleware/requireRequestedOrganizationContext.test.ts:48:27)


Test Suites: 5 failed, 213 passed, 218 total
Tests:       7 failed, 1761 passed, 1768 total
Snapshots:   0 total
Time:        53.557 s, estimated 54 s
Ran all test suites.
Force exiting Jest: Have you considered using `--detectOpenHandles` to detect async operations that kept running after all tests finished?
npm error Lifecycle script `test` failed with error:
npm error code 1
npm error path /Users/bryan/projects/nonprofit-manager/backend
npm error workspace nonprofit-manager-backend@0.1.0
npm error location /Users/bryan/projects/nonprofit-manager/backend
npm error command failed
npm error command sh -c bash scripts/run-full-tests.sh
